 subwaycontrolsystem_sfun

 Timestamp is 51f11227 (Thu Jul 25 19:55:19 2013)

 Preferred load address is 0000000180000000

 Start         Length     Name                   Class
 0001:00000000 001165c4H .text                   CODE
 0001:001165d0 00000092H .text$x                 CODE
 0002:00000000 000004b0H .idata$5                DATA
 0002:000004b0 00000008H .CRT$XCA                DATA
 0002:000004b8 00000008H .CRT$XCZ                DATA
 0002:000004c0 00000008H .CRT$XIA                DATA
 0002:000004c8 00000008H .CRT$XIAA               DATA
 0002:000004d0 00000008H .CRT$XIZ                DATA
 0002:000004e0 00004bccH .rdata                  DATA
 0002:000050b0 00000008H .rtc$IAA                DATA
 0002:000050b8 00000008H .rtc$IZZ                DATA
 0002:000050c0 00000008H .rtc$TAA                DATA
 0002:000050c8 00000008H .rtc$TZZ                DATA
 0002:000050d0 0000430cH .xdata                  DATA
 0002:000093dc 000000a0H .idata$2                DATA
 0002:0000947c 00000014H .idata$3                DATA
 0002:00009490 000004b0H .idata$4                DATA
 0002:00009940 00000af0H .idata$6                DATA
 0002:0000a430 0000005eH .edata                  DATA
 0003:00000000 00006218H .data                   DATA
 0003:00006220 00002958H .bss                    DATA
 0004:00000000 00003480H .pdata                  DATA

  Address         Publics by Value              Rva+Base               Lib:Object

 0000:00000000       ___safe_se_handler_table   0000000000000000     <absolute>
 0000:00000000       ___safe_se_handler_count   0000000000000000     <absolute>
 0000:00000000       __ImageBase                0000000180000000     <linker-defined>
 0001:00000000       sf_c1_subwaycontrolsystem_get_eml_resolved_functions_info 0000000180001000 f   c1_subwaycontrolsystem.obj
 0001:000006a0       sf_c1_subwaycontrolsystem_get_check_sum 00000001800016a0 f   c1_subwaycontrolsystem.obj
 0001:00000720       sf_c1_subwaycontrolsystem_get_autoinheritance_info 0000000180001720 f   c1_subwaycontrolsystem.obj
 0001:00001070       sf_internal_get_sim_state_c1_subwaycontrolsystem 0000000180002070 f   c1_subwaycontrolsystem.obj
 0001:00003810       sf_internal_set_sim_state_c1_subwaycontrolsystem 0000000180004810 f   c1_subwaycontrolsystem.obj
 0001:00011370       c1_subwaycontrolsystem_method_dispatcher 0000000180012370 f   c1_subwaycontrolsystem.obj
 0001:000e0b80       sf_c2_subwaycontrolsystem_get_eml_resolved_functions_info 00000001800e1b80 f   c2_subwaycontrolsystem.obj
 0001:000e0c00       sf_c2_subwaycontrolsystem_get_check_sum 00000001800e1c00 f   c2_subwaycontrolsystem.obj
 0001:000e0c80       sf_c2_subwaycontrolsystem_get_autoinheritance_info 00000001800e1c80 f   c2_subwaycontrolsystem.obj
 0001:000e10a0       sf_internal_get_sim_state_c2_subwaycontrolsystem 00000001800e20a0 f   c2_subwaycontrolsystem.obj
 0001:000e1460       sf_internal_set_sim_state_c2_subwaycontrolsystem 00000001800e2460 f   c2_subwaycontrolsystem.obj
 0001:000e1940       c2_subwaycontrolsystem_method_dispatcher 00000001800e2940 f   c2_subwaycontrolsystem.obj
 0001:000e3f20       sf_process_check_sum_call  00000001800e4f20 f   subwaycontrolsystem_sfun_registry.obj
 0001:000e3f70       sf_process_autoinheritance_call 00000001800e4f70 f   subwaycontrolsystem_sfun_registry.obj
 0001:000e4110       sf_process_get_eml_resolved_functions_info_call 00000001800e5110 f   subwaycontrolsystem_sfun_registry.obj
 0001:000e4290       sf_mex_unlock_call         00000001800e5290 f   subwaycontrolsystem_sfun_registry.obj
 0001:000e4340       sf_machine_global_initializer_called 00000001800e5340 f   subwaycontrolsystem_sfun_registry.obj
 0001:000e4370       sf_machine_global_method_dispatcher 00000001800e5370 f   subwaycontrolsystem_sfun_registry.obj
 0001:000e43d0       sf_machine_global_terminator 00000001800e53d0 f   subwaycontrolsystem_sfun_registry.obj
 0001:000e4410       sf_register_machine_exported_symbols 00000001800e5410 f   subwaycontrolsystem_sfun_registry.obj
 0001:000e4430       callCustomFcn              00000001800e5430 f   subwaycontrolsystem_sfun_registry.obj
 0001:000e4440       sf_machine_global_initializer 00000001800e5440 f   subwaycontrolsystem_sfun_registry.obj
 0001:000e44b0       _ssSetStateAbsTol          00000001800e54b0 f   subwaycontrolsystem_sfun_registry.obj
 0001:000e4590       _ssGetAbsTol               00000001800e5590 f   subwaycontrolsystem_sfun_registry.obj
 0001:000e4600       _ssSetInputPortMatrixDimensions 00000001800e5600 f   subwaycontrolsystem_sfun_registry.obj
 0001:000e4710       _ssSetOutputPortMatrixDimensions 00000001800e5710 f   subwaycontrolsystem_sfun_registry.obj
 0001:000e4820       _ssSetInputPortVectorDimension 00000001800e5820 f   subwaycontrolsystem_sfun_registry.obj
 0001:000e48f0       _ssSetOutputPortVectorDimension 00000001800e58f0 f   subwaycontrolsystem_sfun_registry.obj
 0001:000e49c0       ssIsRunTimeParamTunable    00000001800e59c0 f   subwaycontrolsystem_sfun_registry.obj
 0001:000e4a30       ssGetSFuncBlockHandle      00000001800e5a30 f   subwaycontrolsystem_sfun_registry.obj
 0001:000e4aa0       _ssGetCurrentInputPortWidth 00000001800e5aa0 f   subwaycontrolsystem_sfun_registry.obj
 0001:000e4bc0       _ssGetCurrentOutputPortWidth 00000001800e5bc0 f   subwaycontrolsystem_sfun_registry.obj
 0001:000e4ce0       _ssGetCallSystemNumFcnCallDestinations 00000001800e5ce0 f   subwaycontrolsystem_sfun_registry.obj
 0001:000e4d50       ssWarning                  00000001800e5d50 f   subwaycontrolsystem_sfun_registry.obj
 0001:000e4e60       ssGetIsZeroCrossControlDisabled 00000001800e5e60 f   subwaycontrolsystem_sfun_registry.obj
 0001:000e4ed0       ssSetIsInputPortUsedForContZcSignal 00000001800e5ed0 f   subwaycontrolsystem_sfun_registry.obj
 0001:000e4f40       ssSetZcSignalIsZcElementDisc 00000001800e5f40 f   subwaycontrolsystem_sfun_registry.obj
 0001:000e4ff0       ssSetZcSignalName          00000001800e5ff0 f   subwaycontrolsystem_sfun_registry.obj
 0001:000e5060       ssSetZcSignalWidth         00000001800e6060 f   subwaycontrolsystem_sfun_registry.obj
 0001:000e50d0       ssSetZcSignalZcEventType   00000001800e60d0 f   subwaycontrolsystem_sfun_registry.obj
 0001:000e5140       ssSetZcSignalType          00000001800e6140 f   subwaycontrolsystem_sfun_registry.obj
 0001:000e51b0       ssSetZcSignalZcTol         00000001800e61b0 f   subwaycontrolsystem_sfun_registry.obj
 0001:000e5220       ssSetZcSignalNeedsEventNotification 00000001800e6220 f   subwaycontrolsystem_sfun_registry.obj
 0001:000e5290       ssCreateAndAddZcSignalInfo 00000001800e6290 f   subwaycontrolsystem_sfun_registry.obj
 0001:000e5300       ssCloneAndAddZcSignalInfo  00000001800e6300 f   subwaycontrolsystem_sfun_registry.obj
 0001:000e5370       ssGetNumZcSignals          00000001800e6370 f   subwaycontrolsystem_sfun_registry.obj
 0001:000e53e0       ssGetZcSignalVector        00000001800e63e0 f   subwaycontrolsystem_sfun_registry.obj
 0001:000e5450       ssGetZcSignalZcEvents      00000001800e6450 f   subwaycontrolsystem_sfun_registry.obj
 0001:000e54c0       ssGetZcSignalName          00000001800e64c0 f   subwaycontrolsystem_sfun_registry.obj
 0001:000e5530       ssGetZcSignalWidth         00000001800e6530 f   subwaycontrolsystem_sfun_registry.obj
 0001:000e55a0       ssGetZcSignalZcEventType   00000001800e65a0 f   subwaycontrolsystem_sfun_registry.obj
 0001:000e5610       ssGetZcSignalType          00000001800e6610 f   subwaycontrolsystem_sfun_registry.obj
 0001:000e5680       ssGetZcSignalZcTol         00000001800e6680 f   subwaycontrolsystem_sfun_registry.obj
 0001:000e5700       ssGetZcSignalNeedsEventNotification 00000001800e6700 f   subwaycontrolsystem_sfun_registry.obj
 0001:000e5770       ssGetZcSignalIsZcElementDisc 00000001800e6770 f   subwaycontrolsystem_sfun_registry.obj
 0001:000e5810       ssGetIsInputPortElementContinuous 00000001800e6810 f   subwaycontrolsystem_sfun_registry.obj
 0001:000e58b0       _ssGetInputPortSignalPtrsFcn 00000001800e68b0 f   subwaycontrolsystem_sfun_registry.obj
 0001:000e5b70       _ssGetInputPortSignalFcn   00000001800e6b70 f   subwaycontrolsystem_sfun_registry.obj
 0001:000e5d90       _ssSetInputPortDirectFeedThroughFcn 00000001800e6d90 f   subwaycontrolsystem_sfun_registry.obj
 0001:000e5ef0       _ssSetInputPortReusableFcn 00000001800e6ef0 f   subwaycontrolsystem_sfun_registry.obj
 0001:000e5fe0       _ssSetOutputPortReusableFcn 00000001800e6fe0 f   subwaycontrolsystem_sfun_registry.obj
 0001:000e60c0       ssGetDTypeIdFromMxArray    00000001800e70c0 f   subwaycontrolsystem_sfun_registry.obj
 0001:000e61e0       ssWriteRTWStr              00000001800e71e0 f   subwaycontrolsystem_sfun_registry.obj
 0001:000e6240       ssWriteRTWMxVectParam      00000001800e7240 f   subwaycontrolsystem_sfun_registry.obj
 0001:000e62a0       ssWriteRTWMx2dMatParam     00000001800e72a0 f   subwaycontrolsystem_sfun_registry.obj
 0001:000e6320       ssWriteRTWNameValuePair    00000001800e7320 f   subwaycontrolsystem_sfun_registry.obj
 0001:000e6810       ssWriteRTWParameters       00000001800e7810 f   subwaycontrolsystem_sfun_registry.obj
 0001:000e6e10       ssWriteRTWParamSettings    00000001800e7e10 f   subwaycontrolsystem_sfun_registry.obj
 0001:000e74e0       ssWriteRTWWorkVect         00000001800e84e0 f   subwaycontrolsystem_sfun_registry.obj
 0001:000e79e0       mexFunction                00000001800e89e0 f   subwaycontrolsystem_sfun_registry.obj
 0001:000e96a0       ProcessMexSfunctionEveryCall 00000001800ea6a0 f   subwaycontrolsystem_sfun_registry.obj
 0001:000e9810       subwaycontrolsystem_initializer 00000001800ea810 f   subwaycontrolsystem_sfun.obj
 0001:000e9820       subwaycontrolsystem_terminator 00000001800ea820 f   subwaycontrolsystem_sfun.obj
 0001:000e9830       sf_subwaycontrolsystem_method_dispatcher 00000001800ea830 f   subwaycontrolsystem_sfun.obj
 0001:000e98a0       sf_subwaycontrolsystem_process_check_sum_call 00000001800ea8a0 f   subwaycontrolsystem_sfun.obj
 0001:000e9cc0       sf_subwaycontrolsystem_autoinheritance_info 00000001800eacc0 f   subwaycontrolsystem_sfun.obj
 0001:000e9e80       sf_subwaycontrolsystem_get_eml_resolved_functions_info 00000001800eae80 f   subwaycontrolsystem_sfun.obj
 0001:000e9ff0       subwaycontrolsystem_debug_initialize 00000001800eaff0 f   subwaycontrolsystem_sfun.obj
 0001:000ea060       subwaycontrolsystem_register_exported_symbols 00000001800eb060 f   subwaycontrolsystem_sfun.obj
 0001:000ea070       load_subwaycontrolsystem_optimization_info 00000001800eb070 f   subwaycontrolsystem_sfun.obj
 0001:000ea0c0       unload_subwaycontrolsystem_optimization_info 00000001800eb0c0 f   subwaycontrolsystem_sfun.obj
 0001:000ea1e0       sf_mex_mx_is_numeric       00000001800eb1e0 f   sfc_mex:sfc_mex.obj
 0001:000ea220       strcmp_ignore_ws           00000001800eb220 f   sfc_mex:sfc_mex.obj
 0001:000ea360       sf_mex_duplicatearraysafe  00000001800eb360 f   sfc_mex:sfc_mex.obj
 0001:000ea4c0       sf_set_error_debugger_context_message_fcn 00000001800eb4c0 f   sfc_mex:sfc_mex.obj
 0001:000ea4d0       sf_set_debugger_matlab_error_fcn 00000001800eb4d0 f   sfc_mex:sfc_mex.obj
 0001:000ea500       sf_set_error_prefix_string 00000001800eb500 f   sfc_mex:sfc_mex.obj
 0001:000ea530       sf_get_error_prefix_string 00000001800eb530 f   sfc_mex:sfc_mex.obj
 0001:000ea540       sf_mex_enter_parallel_region 00000001800eb540 f   sfc_mex:sfc_mex.obj
 0001:000ea550       sf_mex_exit_parallel_region 00000001800eb550 f   sfc_mex:sfc_mex.obj
 0001:000ea560       sf_get_current_jmp_buf_ptr 00000001800eb560 f   sfc_mex:sfc_mex.obj
 0001:000ea570       sf_set_current_jmp_buf_ptr 00000001800eb570 f   sfc_mex:sfc_mex.obj
 0001:000ea580       sf_mex_set_halt_simulation 00000001800eb580 f   sfc_mex:sfc_mex.obj
 0001:000ea590       sf_mex_get_halt_simulation 00000001800eb590 f   sfc_mex:sfc_mex.obj
 0001:000ea5a0       sf_mex_clear_error_message 00000001800eb5a0 f   sfc_mex:sfc_mex.obj
 0001:000ea5c0       sf_mex_get_error_message_for_read 00000001800eb5c0 f   sfc_mex:sfc_mex.obj
 0001:000ea5d0       sf_mex_get_error_message_buffer_length 00000001800eb5d0 f   sfc_mex:sfc_mex.obj
 0001:000ea6b0       sf_mex_warning_message     00000001800eb6b0 f   sfc_mex:sfc_mex.obj
 0001:000ea720       sf_mex_v_errbuf_createf    00000001800eb720 f   sfc_mex:sfc_mex.obj
 0001:000ea730       sf_mex_errbuf_createf      00000001800eb730 f   sfc_mex:sfc_mex.obj
 0001:000ea760       sf_mex_v_errbuf_catf       00000001800eb760 f   sfc_mex:sfc_mex.obj
 0001:000ea7a0       sf_mex_errbuf_catf         00000001800eb7a0 f   sfc_mex:sfc_mex.obj
 0001:000ea7f0       sf_mex_errbuf_copy         00000001800eb7f0 f   sfc_mex:sfc_mex.obj
 0001:000ea800       sf_mex_errbuf_clear        00000001800eb800 f   sfc_mex:sfc_mex.obj
 0001:000ea810       sf_mex_errbuf_isempty      00000001800eb810 f   sfc_mex:sfc_mex.obj
 0001:000ea920       sf_mex_set_error_status    00000001800eb920 f   sfc_mex:sfc_mex.obj
 0001:000ea970       sf_mex_error_direct_call   00000001800eb970 f   sfc_mex:sfc_mex.obj
 0001:000ea990       sf_mex_error_message_no_long_jump 00000001800eb990 f   sfc_mex:sfc_mex.obj
 0001:000ea9b0       sf_mex_long_jump_on_error  00000001800eb9b0 f   sfc_mex:sfc_mex.obj
 0001:000ea9e0       sf_mex_call_matlab         00000001800eb9e0 f   sfc_mex:sfc_mex.obj
 0001:000eab00       sf_mex_check_builtin       00000001800ebb00 f   sfc_mex:sfc_mex.obj
 0001:000eaba0       sf_mex_check_builtin_vs    00000001800ebba0 f   sfc_mex:sfc_mex.obj
 0001:000eac60       sf_mex_check_enum          00000001800ebc60 f   sfc_mex:sfc_mex.obj
 0001:000eace0       sf_mex_create_enum         00000001800ebce0 f   sfc_mex:sfc_mex.obj
 0001:000ead50       sf_mex_get_enum_element    00000001800ebd50 f   sfc_mex:sfc_mex.obj
 0001:000ead60       sf_mex_createcellarray     00000001800ebd60 f   sfc_mex:sfc_mex.obj
 0001:000ead70       sf_mex_setcell             00000001800ebd70 f   sfc_mex:sfc_mex.obj
 0001:000ead80       sf_mex_getcell             00000001800ebd80 f   sfc_mex:sfc_mex.obj
 0001:000ead90       sf_mex_dup                 00000001800ebd90 f   sfc_mex:sfc_mex.obj
 0001:000eadb0       sf_mex_assign              00000001800ebdb0 f   sfc_mex:sfc_mex.obj
 0001:000eae30       sf_mex_destroy             00000001800ebe30 f   sfc_mex:sfc_mex.obj
 0001:000eae60       mx_array_has_fi_type       00000001800ebe60 f   sfc_mex:sfc_mex.obj
 0001:000eae90       sf_mex_convert_from_fi     00000001800ebe90 f   sfc_mex:sfc_mex.obj
 0001:000eafc0       sf_mex_convert_to_double   00000001800ebfc0 f   sfc_mex:sfc_mex.obj
 0001:000eb0e0       sf_mex_import_fi_vs        00000001800ec0e0 f   sfc_mex:sfc_mex.obj
 0001:000eb2a0       sf_matrix_matrix_index_ok  00000001800ec2a0 f   sfc_mex:sfc_mex.obj
 0001:000eb330       sf_vector_vector_index_ok  00000001800ec330 f   sfc_mex:sfc_mex.obj
 0001:000eb360       ssGetCurrentInputPortDimensions_wrapper 00000001800ec360 f   sfc_mex:sfc_mex.obj
 0001:000eb380       ssGetCurrentOutputPortDimensions_wrapper 00000001800ec380 f   sfc_mex:sfc_mex.obj
 0001:000eb3a0       sf_mex_emlrt_context_is_debug_mode 00000001800ec3a0 f   sfc_mex:sfc_mex.obj
 0001:000eb3b0       sf_mex_emlrt_context_set_debug_mode 00000001800ec3b0 f   sfc_mex:sfc_mex.obj
 0001:000eb3c0       sf_mex_emlrtNameCapturePostProcessR2012a 00000001800ec3c0 f   sfc_mex:sfc_mex.obj
 0001:000eb430       sf_clear_error_manager_info 00000001800ec430 f   sfc_mex:sfc_mex.obj
 0001:000eb490       sf_mex_stop_simulation_abruptly_wo_error 00000001800ec490 f   sfc_mex:sfc_mex.obj
 0001:000eb4d0       sf_mex_error_message       00000001800ec4d0 f   sfc_mex:sfc_mex.obj
 0001:000eb530       sf_react_to_error_in_matlab_call 00000001800ec530 f   sfc_mex:sfc_mex.obj
 0001:000eb560       sf_mex_addfield            00000001800ec560 f   sfc_mex:sfc_mex.obj
 0001:000eb600       sf_mex_getfield            00000001800ec600 f   sfc_mex:sfc_mex.obj
 0001:000eb900       sf_mex_check_class         00000001800ec900 f   sfc_mex:sfc_mex.obj
 0001:000eb9a0       sf_mex_is_real             00000001800ec9a0 f   sfc_mex:sfc_mex.obj
 0001:000ebe10       sf_mex_decode_encoded_mx_struct_array 00000001800ece10 f   sfc_mex:sfc_mex.obj
 0001:000ec0f0       sf_mex_lw_bounds_check     00000001800ed0f0 f   sfc_mex:sfc_mex.obj
 0001:000ec120       sf_mex_lw_size_eq_check_1d 00000001800ed120 f   sfc_mex:sfc_mex.obj
 0001:000ec140       sf_mex_lw_size_eq_check_nd 00000001800ed140 f   sfc_mex:sfc_mex.obj
 0001:000ec320       sf_mex_lw_dim_size_eq_check 00000001800ed320 f   sfc_mex:sfc_mex.obj
 0001:000ec350       sf_mex_lw_dim_size_geq_check 00000001800ed350 f   sfc_mex:sfc_mex.obj
 0001:000ec380       sf_mex_lw_sub_assign_size_check_nd 00000001800ed380 f   sfc_mex:sfc_mex.obj
 0001:000ec5b0       sf_mex_lw_runtime_error_msgid 00000001800ed5b0 f   sfc_mex:sfc_mex.obj
 0001:000ec6a0       sf_mex_lw_matrix_matrix_index_check 00000001800ed6a0 f   sfc_mex:sfc_mex.obj
 0001:000ec6c0       sf_mex_lw_vector_vector_index_check 00000001800ed6c0 f   sfc_mex:sfc_mex.obj
 0001:000ec700       sf_mex_lw_for_loop_vector_check 00000001800ed700 f   sfc_mex:sfc_mex.obj
 0001:000ec790       sf_mex_lw_non_negative_check 00000001800ed790 f   sfc_mex:sfc_mex.obj
 0001:000ec7d0       sf_mex_overflow_error      00000001800ed7d0 f   sfc_mex:sfc_mex.obj
 0001:000ec7e0       sf_mex_dividebyzero_error  00000001800ed7e0 f   sfc_mex:sfc_mex.obj
 0001:000ec7f0       sf_mex_unsafe_enum_error   00000001800ed7f0 f   sfc_mex:sfc_mex.obj
 0001:000ec800       sf_emlrtErrHandler         00000001800ed800 f   sfc_mex:sfc_mex.obj
 0001:000ec8e0       sf_mex_size_one_check      00000001800ed8e0 f   sfc_mex:sfc_mex.obj
 0001:000ec900       sf_mex_printf              00000001800ed900 f   sfc_mex:sfc_mex.obj
 0001:000ecad0       sf_mex_check_size          00000001800edad0 f   sfc_mex:sfc_mex.obj
 0001:000ecda0       sf_mex_check_struct        00000001800edda0 f   sfc_mex:sfc_mex.obj
 0001:000ed000       sf_mex_check_struct_vs     00000001800ee000 f   sfc_mex:sfc_mex.obj
 0001:000ed090       sf_mex_check_fi            00000001800ee090 f   sfc_mex:sfc_mex.obj
 0001:000ed190       sf_mex_check_fi_vs         00000001800ee190 f   sfc_mex:sfc_mex.obj
 0001:000ed230       sf_echo_expression         00000001800ee230 f   sfc_mex:sfc_mex.obj
 0001:000ed290       sf_assertion_failed        00000001800ee290 f   sfc_mex:sfc_mex.obj
 0001:000ed570       sf_mex_evalin              00000001800ee570 f   sfc_mex:sfc_mex.obj
 0001:000ed7e0       sf_mex_export              00000001800ee7e0 f   sfc_mex:sfc_mex.obj
 0001:000ed8a0       sf_mex_get_ml_var_no_error 00000001800ee8a0 f   sfc_mex:sfc_mex.obj
 0001:000eda40       sf_mex_get_ml_var          00000001800eea40 f   sfc_mex:sfc_mex.obj
 0001:000edee0       ml_set_element_value_in_array 00000001800eeee0 f   sfc_mex:sfc_mex.obj
 0001:000ef5b0       sf_mex_call_impl           00000001800f05b0 f   sfc_mex:sfc_mex.obj
 0001:000efae0       sf_mex_call_debug          00000001800f0ae0 f   sfc_mex:sfc_mex.obj
 0001:000efb10       sf_mex_call                00000001800f0b10 f   sfc_mex:sfc_mex.obj
 0001:000f0160       sf_mex_createstruct        00000001800f1160 f   sfc_mex:sfc_mex.obj
 0001:000f0250       sf_mex_createstructarray   00000001800f1250 f   sfc_mex:sfc_mex.obj
 0001:000f02d0       sf_mex_get_mx_datatype_from_sf_datatype 00000001800f12d0 f   sfc_mex:sfc_mex.obj
 0001:000f05e0       sf_mex_ml_var_sub          00000001800f15e0 f   sfc_mex:sfc_mex.obj
 0001:000f07b0       sf_mex_ml_var_subsasgn     00000001800f17b0 f   sfc_mex:sfc_mex.obj
 0001:000f0ba0       sf_mex_sub                 00000001800f1ba0 f   sfc_mex:sfc_mex.obj
 0001:000f0da0       sf_mex_subsasgn            00000001800f1da0 f   sfc_mex:sfc_mex.obj
 0001:000f1280       sf_mex_create              00000001800f2280 f   sfc_mex:sfc_mex.obj
 0001:000f1cd0       sf_mex_import_named        00000001800f2cd0 f   sfc_mex:sfc_mex.obj
 0001:000f1d30       sf_mex_import              00000001800f2d30 f   sfc_mex:sfc_mex.obj
 0001:000f1d80       sf_mex_import_vs           00000001800f2d80 f   sfc_mex:sfc_mex.obj
 0001:000f1e90       sf_mex_lower_fixpt_mx_array 00000001800f2e90 f   sfc_mex:sfc_mex.obj
 0001:000f2180       sf_send_message_wrapper    00000001800f3180 f   sfc_mex:sfc_sf.obj
 0001:000f21b0       sf_receive_message_wrapper 00000001800f31b0 f   sfc_mex:sfc_sf.obj
 0001:000f21f0       sf_check_out_message_wrapper 00000001800f31f0 f   sfc_mex:sfc_sf.obj
 0001:000f2230       sf_check_in_message_wrapper 00000001800f3230 f   sfc_mex:sfc_sf.obj
 0001:000f2270       sf_no_message_wrapper      00000001800f3270 f   sfc_mex:sfc_sf.obj
 0001:000f2600       sim_mode_is_rtw_gen        00000001800f3600 f   sfc_mex:sfc_sf.obj
 0001:000f2630       sim_mode_is_external       00000001800f3630 f   sfc_mex:sfc_sf.obj
 0001:000f2640       sim_mode_is_modelref_sim   00000001800f3640 f   sfc_mex:sfc_sf.obj
 0001:000f2660       mdlInitializeSizes         00000001800f3660 f   sfc_mex:sfc_sf.obj
 0001:000f2680       mdlInitializeSampleTimes   00000001800f3680 f   sfc_mex:sfc_sf.obj
 0001:000f26c0       mdlZeroCrossings           00000001800f36c0 f   sfc_mex:sfc_sf.obj
 0001:000f27a0       mdlDerivatives             00000001800f37a0 f   sfc_mex:sfc_sf.obj
 0001:000f2850       mdl_initialize_conditions_processing 00000001800f3850 f   sfc_mex:sfc_sf.obj
 0001:000f2880       mdlInitializeConditions    00000001800f3880 f   sfc_mex:sfc_sf.obj
 0001:000f2940       mdlGetSimState             00000001800f3940 f   sfc_mex:sfc_sf.obj
 0001:000f2950       mdlSetSimState             00000001800f3950 f   sfc_mex:sfc_sf.obj
 0001:000f2960       mdl_ext_mode_exec_processing 00000001800f3960 f   sfc_mex:sfc_sf.obj
 0001:000f2980       mdlExtModeExec             00000001800f3980 f   sfc_mex:sfc_sf.obj
 0001:000f2b10       mdlTerminate               00000001800f3b10 f   sfc_mex:sfc_sf.obj
 0001:000f2b80       mdlRTW                     00000001800f3b80 f   sfc_mex:sfc_sf.obj
 0001:000f2bb0       mdlSetWorkWidths           00000001800f3bb0 f   sfc_mex:sfc_sf.obj
 0001:000f2bc0       mdlProcessParameters       00000001800f3bc0 f   sfc_mex:sfc_sf.obj
 0001:000f2bd0       mdl_start_processing       00000001800f3bd0 f   sfc_mex:sfc_sf.obj
 0001:000f2c30       mdlStart                   00000001800f3c30 f   sfc_mex:sfc_sf.obj
 0001:000f2d40       mdlEnable                  00000001800f3d40 f   sfc_mex:sfc_sf.obj
 0001:000f2e10       mdlDisable                 00000001800f3e10 f   sfc_mex:sfc_sf.obj
 0001:000f2ec0       sf_get_chart_instance_ptr  00000001800f3ec0 f   sfc_mex:sfc_sf.obj
 0001:000f2ee0       sf_load_rtw_optimization_info 00000001800f3ee0 f   sfc_mex:sfc_sf.obj
 0001:000f2fb0       sf_rtw_info_uint_prop      00000001800f3fb0 f   sfc_mex:sfc_sf.obj
 0001:000f30f0       sf_is_chart_inlinable      00000001800f40f0 f   sfc_mex:sfc_sf.obj
 0001:000f3110       sf_mark_output_events_with_multiple_callers 00000001800f4110 f   sfc_mex:sfc_sf.obj
 0001:000f32a0       sf_mark_chart_reusable_outputs 00000001800f42a0 f   sfc_mex:sfc_sf.obj
 0001:000f3500       sf_mark_chart_expressionable_inputs 00000001800f4500 f   sfc_mex:sfc_sf.obj
 0001:000f3760       sf_get_subchart_simstruct  00000001800f4760 f   sfc_mex:sfc_sf.obj
 0001:000f37b0       sf_get_fixpt_data_type_id  00000001800f47b0 f   sfc_mex:sfc_sf.obj
 0001:000f37f0       sf_get_enum_data_type_id   00000001800f47f0 f   sfc_mex:sfc_sf.obj
 0001:000f3830       sf_get_param_data_type_id  00000001800f4830 f   sfc_mex:sfc_sf.obj
 0001:000f3860       sf_mex_listen_for_ctrl_c_force 00000001800f4860 f   sfc_mex:sfc_sf.obj
 0001:000f3970       sf_mex_draw_now            00000001800f4970 f   sfc_mex:sfc_sf.obj
 0001:000f39b0       sf_mex_set_debugger_sim_status_listener_fcn 00000001800f49b0 f   sfc_mex:sfc_sf.obj
 0001:000f39c0       sf_mex_listen_for_ctrl_c   00000001800f49c0 f   sfc_mex:sfc_sf.obj
 0001:000f3a50       sf_mex_get_sfun_param      00000001800f4a50 f   sfc_mex:sfc_sf.obj
 0001:000f3aa0       sf_get_runtime_param_data  00000001800f4aa0 f   sfc_mex:sfc_sf.obj
 0001:000f3ae0       sf_call_output_fcn_call    00000001800f4ae0 f   sfc_mex:sfc_sf.obj
 0001:000f3c20       sf_call_output_fcn_enable  00000001800f4c20 f   sfc_mex:sfc_sf.obj
 0001:000f3cb0       sf_call_output_fcn_disable 00000001800f4cb0 f   sfc_mex:sfc_sf.obj
 0001:000f3d40       sf_clear_rtw_identifier    00000001800f4d40 f   sfc_mex:sfc_sf.obj
 0001:000f4530       sf_set_encoded_dwork_info  00000001800f5530 f   sfc_mex:sfc_sf.obj
 0001:000f4580       sf_get_dwork_info_from_mat_file 00000001800f5580 f   sfc_mex:sfc_sf.obj
 0001:000f4740       sf_set_rtw_dwork_info      00000001800f5740 f   sfc_mex:sfc_sf.obj
 0001:000f48b0       mdlOutputs                 00000001800f58b0 f   sfc_mex:sfc_sf.obj
 0001:000f4a50       sf_debug_disp              00000001800f5a50 f   sfc_debug:sfcdebug.obj
 0001:000f4cb0       sf_debug_data_runtime_size_mismatch_error_check 00000001800f5cb0 f   sfc_debug:sfcdebug.obj
 0001:000f4d50       sf_debug_try_loading_machine 00000001800f5d50 f   sfc_debug:sfcdebug.obj
 0001:000f4e50       sf_debug_reset_current_state_configuration 00000001800f5e50 f   sfc_debug:sfcdebug.obj
 0001:000f4ee0       sf_debug_store_current_state_configuration 00000001800f5ee0 f   sfc_debug:sfcdebug.obj
 0001:000f4f70       sf_debug_restore_previous_state_configuration 00000001800f5f70 f   sfc_debug:sfcdebug.obj
 0001:000f5000       sf_debug_restore_previous_state_configuration2 00000001800f6000 f   sfc_debug:sfcdebug.obj
 0001:000f5090       sf_debug_get_event_scope   00000001800f6090 f   sfc_debug:sfcdebug.obj
 0001:000f5200       use_debugger_step_animation 00000001800f6200 f   sfc_debug:sfcdebug.obj
 0001:000f5220       sf_debug_get_script_id     00000001800f6220 f   sfc_debug:sfcdebug.obj
 0001:000f52b0       sf_debug_set_script_translation 00000001800f62b0 f   sfc_debug:sfcdebug.obj
 0001:000f5430       sf_debug_extract_message_post_receive_info 00000001800f6430 f   sfc_debug:sfcdebug.obj
 0001:000f5530       sf_debug_get_current_machine_id 00000001800f6530 f   sfc_debug:sfcdebug.obj
 0001:000f5550       sf_debug_get_current_optional_integer 00000001800f6550 f   sfc_debug:sfcdebug.obj
 0001:000f5560       sf_debug_get_current_machine_number 00000001800f6560 f   sfc_debug:sfcdebug.obj
 0001:000f5580       sf_debug_get_current_machine_name 00000001800f6580 f   sfc_debug:sfcdebug.obj
 0001:000f55a0       sf_debug_get_current_chart_id 00000001800f65a0 f   sfc_debug:sfcdebug.obj
 0001:000f55f0       sf_debug_get_current_chart_number 00000001800f65f0 f   sfc_debug:sfcdebug.obj
 0001:000f5600       sf_debug_get_current_instance_number 00000001800f6600 f   sfc_debug:sfcdebug.obj
 0001:000f5610       sf_debug_get_current_is_minor_time_step 00000001800f6610 f   sfc_debug:sfcdebug.obj
 0001:000f5690       sf_debug_get_current_object_type 00000001800f6690 f   sfc_debug:sfcdebug.obj
 0001:000f56a0       sf_debug_get_current_instance_handle 00000001800f66a0 f   sfc_debug:sfcdebug.obj
 0001:000f5700       sf_debug_get_current_event_type 00000001800f6700 f   sfc_debug:sfcdebug.obj
 0001:000f5710       sf_debug_get_current_object_id 00000001800f6710 f   sfc_debug:sfcdebug.obj
 0001:000f5750       sf_debug_get_current_active_event_type 00000001800f6750 f   sfc_debug:sfcdebug.obj
 0001:000f5760       sf_debug_get_current_active_event_id 00000001800f6760 f   sfc_debug:sfcdebug.obj
 0001:000f57a0       sf_debug_get_current_tag_type 00000001800f67a0 f   sfc_debug:sfcdebug.obj
 0001:000f57b0       sf_debug_get_current_simulation_time 00000001800f67b0 f   sfc_debug:sfcdebug.obj
 0001:000f57c0       sf_debug_get_current_coverage_percentage 00000001800f67c0 f   sfc_debug:sfcdebug.obj
 0001:000f57d0       sf_debug_current_statement_context 00000001800f67d0 f   sfc_debug:sfcdebug.obj
 0001:000f5860       sf_debug_get_current_statement_info 00000001800f6860 f   sfc_debug:sfcdebug.obj
 0001:000f59e0       sf_debug_terminate_instance 00000001800f69e0 f   sfc_debug:sfcdebug.obj
 0001:000f5d20       sf_debug_assertion_failed  00000001800f6d20 f   sfc_debug:sfcdebug.obj
 0001:000f5f80       sf_debug_set_number_of_data_with_change_event_for_machine 00000001800f6f80 f   sfc_debug:sfcdebug.obj
 0001:000f5fc0       sf_debug_set_machine_event_thresholds 00000001800f6fc0 f   sfc_debug:sfcdebug.obj
 0001:000f5fe0       sf_debug_set_machine_event_scope 00000001800f6fe0 f   sfc_debug:sfcdebug.obj
 0001:000f6020       sf_debug_set_machine_data_thresholds 00000001800f7020 f   sfc_debug:sfcdebug.obj
 0001:000f6060       sf_debug_set_machine_data_scope 00000001800f7060 f   sfc_debug:sfcdebug.obj
 0001:000f60f0       sf_debug_set_machine_data_name 00000001800f70f0 f   sfc_debug:sfcdebug.obj
 0001:000f6190       sf_debug_set_machine_data_size 00000001800f7190 f   sfc_debug:sfcdebug.obj
 0001:000f62d0       sf_debug_set_machine_data_type 00000001800f72d0 f   sfc_debug:sfcdebug.obj
 0001:000f6440       sf_debug_get_chart_data_number 00000001800f7440 f   sfc_debug:sfcdebug.obj
 0001:000f6460       sf_debug_get_chart_event_number 00000001800f7460 f   sfc_debug:sfcdebug.obj
 0001:000f6480       sf_debug_set_chart_state_info 00000001800f7480 f   sfc_debug:sfcdebug.obj
 0001:000f6500       sf_debug_set_chart_decomposition 00000001800f7500 f   sfc_debug:sfcdebug.obj
 0001:000f6570       sf_debug_set_chart_substate_count 00000001800f7570 f   sfc_debug:sfcdebug.obj
 0001:000f6650       sf_debug_set_chart_substate_index 00000001800f7650 f   sfc_debug:sfcdebug.obj
 0001:000f66c0       sf_debug_set_chart_state_substate_count 00000001800f76c0 f   sfc_debug:sfcdebug.obj
 0001:000f67d0       sf_debug_set_chart_state_substate_index 00000001800f77d0 f   sfc_debug:sfcdebug.obj
 0001:000f6850       sf_debug_set_number_of_data_with_change_event_for_chart 00000001800f7850 f   sfc_debug:sfcdebug.obj
 0001:000f68d0       sf_debug_set_number_of_states_with_entry_event_for_chart 00000001800f78d0 f   sfc_debug:sfcdebug.obj
 0001:000f6940       sf_debug_set_number_of_states_with_exit_event_for_chart 00000001800f7940 f   sfc_debug:sfcdebug.obj
 0001:000f69b0       sf_debug_set_chart_disable_implicit_casting 00000001800f79b0 f   sfc_debug:sfcdebug.obj
 0001:000f6a20       sf_debug_set_chart_event_thresholds 00000001800f7a20 f   sfc_debug:sfcdebug.obj
 0001:000f6a90       sf_debug_set_chart_data_compiled_props 00000001800f7a90 f   sfc_debug:sfcdebug.obj
 0001:000f6de0       sf_debug_set_chart_data_props 00000001800f7de0 f   sfc_debug:sfcdebug.obj
 0001:000f7100       sf_debug_check_fi_license  00000001800f8100 f   sfc_debug:sfcdebug.obj
 0001:000f72f0       sf_debug_symbol_scope_push 00000001800f82f0 f   sfc_debug:sfcdebug.obj
 0001:000f7330       sf_debug_symbol_scope_push_eml 00000001800f8330 f   sfc_debug:sfcdebug.obj
 0001:000f7380       sf_debug_symbol_scope_pop  00000001800f8380 f   sfc_debug:sfcdebug.obj
 0001:000f73c0       sf_debug_symbol_scope_add_importable 00000001800f83c0 f   sfc_debug:sfcdebug.obj
 0001:000f7440       sf_debug_symbol_scope_add  00000001800f8440 f   sfc_debug:sfcdebug.obj
 0001:000f74c0       sf_debug_symbol_scope_add_dyn_importable 00000001800f84c0 f   sfc_debug:sfcdebug.obj
 0001:000f7580       sf_debug_symbol_scope_add_dyn 00000001800f8580 f   sfc_debug:sfcdebug.obj
 0001:000f75b0       sf_debug_symbol_scope_add_eml_importable 00000001800f85b0 f   sfc_debug:sfcdebug.obj
 0001:000f75f0       sf_debug_symbol_scope_add_eml 00000001800f85f0 f   sfc_debug:sfcdebug.obj
 0001:000f7630       sf_debug_symbol_scope_add_eml_dyn_importable 00000001800f8630 f   sfc_debug:sfcdebug.obj
 0001:000f76a0       sf_debug_symbol_scope_add_eml_dyn 00000001800f86a0 f   sfc_debug:sfcdebug.obj
 0001:000f7700       sf_debug_symbol_switch     00000001800f8700 f   sfc_debug:sfcdebug.obj
 0001:000f7720       sf_debug_symbol_scope_add_verbose 00000001800f8720 f   sfc_debug:sfcdebug.obj
 0001:000f77f0       sf_debug_set_machine_data_value_ptr 00000001800f87f0 f   sfc_debug:sfcdebug.obj
 0001:000f7830       sf_debug_set_instance_data_value_ptr 00000001800f8830 f   sfc_debug:sfcdebug.obj
 0001:000f78f0       sf_debug_unset_instance_data_value_ptr 00000001800f88f0 f   sfc_debug:sfcdebug.obj
 0001:000f79a0       sf_debug_set_chart_event_scope 00000001800f89a0 f   sfc_debug:sfcdebug.obj
 0001:000f7a20       sf_debug_set_chart_transition_coverage_maps 00000001800f8a20 f   sfc_debug:sfcdebug.obj
 0001:000f7b30       sf_debug_set_chart_state_coverage_maps 00000001800f8b30 f   sfc_debug:sfcdebug.obj
 0001:000f7c10       sf_debug_set_instance_transition_coverage_weights 00000001800f8c10 f   sfc_debug:sfcdebug.obj
 0001:000f7cb0       sf_debug_set_instance_state_coverage_weights 00000001800f8cb0 f   sfc_debug:sfcdebug.obj
 0001:000f7f00       sf_debug_unload_machine    00000001800f8f00 f   sfc_debug:sfcdebug.obj
 0001:000f7f50       sf_debug_load_machine      00000001800f8f50 f   sfc_debug:sfcdebug.obj
 0001:000f8050       sf_debug_set_active_instance_in_data_dictionary 00000001800f9050 f   sfc_debug:sfcdebug.obj
 0001:000f8230       sf_debug_set_active_instance 00000001800f9230 f   sfc_debug:sfcdebug.obj
 0001:000f8390       sf_debug_chart_visiblity_change 00000001800f9390 f   sfc_debug:sfcdebug.obj
 0001:000f8490       sf_debug_select_chart      00000001800f9490 f   sfc_debug:sfcdebug.obj
 0001:000f8600       sf_debug_set_instance_cv_ids 00000001800f9600 f   sfc_debug:sfcdebug.obj
 0001:000f8910       sf_debug_select_charts     00000001800f9910 f   sfc_debug:sfcdebug.obj
 0001:000f8aa0       sf_debug_initialized       00000001800f9aa0 f   sfc_debug:sfcdebug.obj
 0001:000f8ab0       sf_debug_is_uninterruptible 00000001800f9ab0 f   sfc_debug:sfcdebug.obj
 0001:000f8ae0       sf_debug_initialize_debugger_gui 00000001800f9ae0 f   sfc_debug:sfcdebug.obj
 0001:000f8ed0       sf_debug_resume            00000001800f9ed0 f   sfc_debug:sfcdebug.obj
 0001:000f8ef0       sf_debug_go                00000001800f9ef0 f   sfc_debug:sfcdebug.obj
 0001:000f8f00       sf_debug_break             00000001800f9f00 f   sfc_debug:sfcdebug.obj
 0001:000f8f10       sf_debug_step_over         00000001800f9f10 f   sfc_debug:sfcdebug.obj
 0001:000f8f20       sf_debug_step_out          00000001800f9f20 f   sfc_debug:sfcdebug.obj
 0001:000f8f30       sf_debug_set_disable_all_breakpoints 00000001800f9f30 f   sfc_debug:sfcdebug.obj
 0001:000f8f40       sf_debug_disable_all_breakpoints_and_go 00000001800f9f40 f   sfc_debug:sfcdebug.obj
 0001:000f8f50       sf_debug_break_on_chart_entry 00000001800f9f50 f   sfc_debug:sfcdebug.obj
 0001:000f8f60       sf_debug_break_on_event_broadcast 00000001800f9f60 f   sfc_debug:sfcdebug.obj
 0001:000f8f70       sf_debug_break_on_state_entry 00000001800f9f70 f   sfc_debug:sfcdebug.obj
 0001:000f8f80       sf_debug_break_between_times 00000001800f9f80 f   sfc_debug:sfcdebug.obj
 0001:000f8fa0       sf_debug_browse_data       00000001800f9fa0 f   sfc_debug:sfcdebug.obj
 0001:000f8fc0       sf_debug_watch_data        00000001800f9fc0 f   sfc_debug:sfcdebug.obj
 0001:000f8fe0       sf_debug_assign_data       00000001800f9fe0 f   sfc_debug:sfcdebug.obj
 0001:000f9000       sf_debug_whos              00000001800fa000 f   sfc_debug:sfcdebug.obj
 0001:000f9020       sf_debug_get_consistency_info 00000001800fa020 f   sfc_debug:sfcdebug.obj
 0001:000f9030       sf_debug_browse_trace      00000001800fa030 f   sfc_debug:sfcdebug.obj
 0001:000f9040       sf_debug_set_breakpoints   00000001800fa040 f   sfc_debug:sfcdebug.obj
 0001:000f91a0       sf_debug_set_eml_breakpoints 00000001800fa1a0 f   sfc_debug:sfcdebug.obj
 0001:000f9300       sf_debug_set_script_breakpoints 00000001800fa300 f   sfc_debug:sfcdebug.obj
 0001:000f9380       sf_debug_add_script_breakpoints 00000001800fa380 f   sfc_debug:sfcdebug.obj
 0001:000f93f0       sf_debug_clear_script_breakpoints 00000001800fa3f0 f   sfc_debug:sfcdebug.obj
 0001:000f9460       sf_debug_query_script_breakpoints 00000001800fa460 f   sfc_debug:sfcdebug.obj
 0001:000f9520       sf_debug_get_eml_script_id 00000001800fa520 f   sfc_debug:sfcdebug.obj
 0001:000f9570       sf_debug_set_watch         00000001800fa570 f   sfc_debug:sfcdebug.obj
 0001:000f97a0       sf_debug_get_instance_handle 00000001800fa7a0 f   sfc_debug:sfcdebug.obj
 0001:000f9830       sf_debug_get_active_states 00000001800fa830 f   sfc_debug:sfcdebug.obj
 0001:000f9840       sf_debug_get_animation     00000001800fa840 f   sfc_debug:sfcdebug.obj
 0001:000f9850       sf_debug_set_animation     00000001800fa850 f   sfc_debug:sfcdebug.obj
 0001:000f9860       sf_debug_animate           00000001800fa860 f   sfc_debug:sfcdebug.obj
 0001:000f9890       sf_debug_cycle_detection_check 00000001800fa890 f   sfc_debug:sfcdebug.obj
 0001:000f98a0       sf_debug_data_range_check  00000001800fa8a0 f   sfc_debug:sfcdebug.obj
 0001:000f98b0       sf_debug_transition_conflict_check 00000001800fa8b0 f   sfc_debug:sfcdebug.obj
 0001:000f98c0       sf_debug_state_consistency_check 00000001800fa8c0 f   sfc_debug:sfcdebug.obj
 0001:000f98d0       sf_debug_data_range_check_enabled 00000001800fa8d0 f   sfc_debug:sfcdebug.obj
 0001:000f98f0       sf_debug_transition_conflict_check_enabled 00000001800fa8f0 f   sfc_debug:sfcdebug.obj
 0001:000f9910       sf_debug_transition_conflict_check_begin 00000001800fa910 f   sfc_debug:sfcdebug.obj
 0001:000f9930       sf_debug_transition_conflict_check_end 00000001800fa930 f   sfc_debug:sfcdebug.obj
 0001:000f9950       sf_debug_stop_debugging    00000001800fa950 f   sfc_debug:sfcdebug.obj
 0001:000f9980       sf_debug_is_cycle_detected 00000001800fa980 f   sfc_debug:sfcdebug.obj
 0001:000f9990       sf_debug_is_array_bounds_detected 00000001800fa990 f   sfc_debug:sfcdebug.obj
 0001:000f99a0       sf_debug_get_state_vectors_data_size 00000001800fa9a0 f   sfc_debug:sfcdebug.obj
 0001:000f99e0       sf_debug_get_state_vectors_data 00000001800fa9e0 f   sfc_debug:sfcdebug.obj
 0001:000f9ae0       sf_debug_set_state_vectors_data 00000001800faae0 f   sfc_debug:sfcdebug.obj
 0001:000f9da0       sf_debug_get_script_index  00000001800fada0 f   sfc_debug:sfcdebug.obj
 0001:000f9f30       sf_debug_add_script        00000001800faf30 f   sfc_debug:sfcdebug.obj
 0001:000fa0c0       cv_eval_point              00000001800fb0c0 f   sfc_debug:sfcdebug.obj
 0001:000fa230       cv_eval_testobjective      00000001800fb230 f   sfc_debug:sfcdebug.obj
 0001:000fa350       sf_debug_cv_init_state     00000001800fb350 f   sfc_debug:sfcdebug.obj
 0001:000fa470       sf_debug_cv_init_chart     00000001800fb470 f   sfc_debug:sfcdebug.obj
 0001:000fa550       sf_debug_cv_init_trans     00000001800fb550 f   sfc_debug:sfcdebug.obj
 0001:000fa650       sf_debug_cv_init_testobjectives 00000001800fb650 f   sfc_debug:sfcdebug.obj
 0001:000fa830       cv_eml_init_script         00000001800fb830 f   sfc_debug:sfcdebug.obj
 0001:000fa940       cv_eml_init_fcn            00000001800fb940 f   sfc_debug:sfcdebug.obj
 0001:000fa9f0       cv_eml_init_testobjective  00000001800fb9f0 f   sfc_debug:sfcdebug.obj
 0001:000faac0       cv_eml_init_saturation     00000001800fbac0 f   sfc_debug:sfcdebug.obj
 0001:000fab80       cv_eml_init_if             00000001800fbb80 f   sfc_debug:sfcdebug.obj
 0001:000fac50       cv_eml_init_for            00000001800fbc50 f   sfc_debug:sfcdebug.obj
 0001:000fad10       cv_eml_init_while          00000001800fbd10 f   sfc_debug:sfcdebug.obj
 0001:000fadd0       cv_eml_init_mcdc           00000001800fbdd0 f   sfc_debug:sfcdebug.obj
 0001:000faee0       cv_eml_init_switch         00000001800fbee0 f   sfc_debug:sfcdebug.obj
 0001:000fafd0       cv_eml_eval                00000001800fbfd0 f   sfc_debug:sfcdebug.obj
 0001:000fb0b0       sf_debug_bm_is_a_eml_breakpoint 00000001800fc0b0 f   sfc_debug:sfcdebug.obj
 0001:000fb200       sf_debug_temporal_threshold 00000001800fc200 f   sfc_debug:sfcdebug.obj
 0001:000fb560       sf_debug_transition_conflict_error 00000001800fc560 f   sfc_debug:sfcdebug.obj
 0001:000fb8e0       sf_debug_state_inconsistency_error 00000001800fc8e0 f   sfc_debug:sfcdebug.obj
 0001:000fba00       sf_debug_check_for_state_inconsistency 00000001800fca00 f   sfc_debug:sfcdebug.obj
 0001:000fba30       sf_debug_cycle_detecton_error 00000001800fca30 f   sfc_debug:sfcdebug.obj
 0001:000fc200       sf_debug_size_eq_check_1d  00000001800fd200 f   sfc_debug:sfcdebug.obj
 0001:000fc220       sf_debug_size_eq_check_nd  00000001800fd220 f   sfc_debug:sfcdebug.obj
 0001:000fc400       sf_debug_dim_size_eq_check 00000001800fd400 f   sfc_debug:sfcdebug.obj
 0001:000fc430       sf_debug_dim_size_geq_check 00000001800fd430 f   sfc_debug:sfcdebug.obj
 0001:000fc460       sf_debug_sub_assign_size_check_nd 00000001800fd460 f   sfc_debug:sfcdebug.obj
 0001:000fc6a0       sf_debug_matrix_matrix_index_check 00000001800fd6a0 f   sfc_debug:sfcdebug.obj
 0001:000fc6d0       sf_debug_vector_vector_index_check 00000001800fd6d0 f   sfc_debug:sfcdebug.obj
 0001:000fc700       sf_debug_for_loop_vector_check 00000001800fd700 f   sfc_debug:sfcdebug.obj
 0001:000fc790       sf_debug_runtime_error_msgid 00000001800fd790 f   sfc_debug:sfcdebug.obj
 0001:000fc820       sf_debug_data_array_bounds_error_check 00000001800fd820 f   sfc_debug:sfcdebug.obj
 0001:000fc930       sf_debug_eml_data_array_bounds_error_check 00000001800fd930 f   sfc_debug:sfcdebug.obj
 0001:000fce10       sf_debug_integer_check     00000001800fde10 f   sfc_debug:sfcdebug.obj
 0001:000fcef0       sf_debug_not_nan_check     00000001800fdef0 f   sfc_debug:sfcdebug.obj
 0001:000fcfb0       sf_debug_non_negative_check 00000001800fdfb0 f   sfc_debug:sfcdebug.obj
 0001:000fd070       sf_debug_overflow_detection 00000001800fe070 f   sfc_debug:sfcdebug.obj
 0001:000fd760       sf_debug_cast_to_real32_T  00000001800fe760 f   sfc_debug:sfcdebug.obj
 0001:000fd820       sf_debug_cast_to_int8_T    00000001800fe820 f   sfc_debug:sfcdebug.obj
 0001:000fd8e0       sf_debug_cast_to_uint8_T   00000001800fe8e0 f   sfc_debug:sfcdebug.obj
 0001:000fd9a0       sf_debug_cast_to_int16_T   00000001800fe9a0 f   sfc_debug:sfcdebug.obj
 0001:000fda60       sf_debug_cast_to_uint16_T  00000001800fea60 f   sfc_debug:sfcdebug.obj
 0001:000fdb20       sf_debug_cast_to_int32_T   00000001800feb20 f   sfc_debug:sfcdebug.obj
 0001:000fdbe0       sf_debug_cast_to_uint32_T  00000001800febe0 f   sfc_debug:sfcdebug.obj
 0001:000fdca0       sf_debug_data_range_error  00000001800feca0 f   sfc_debug:sfcdebug.obj
 0001:000fdff0       sf_debug_read_before_write_check 00000001800feff0 f   sfc_debug:sfcdebug.obj
 0001:000fe450       sf_debug_data_range_error_wrapper_min_max 00000001800ff450 f   sfc_debug:sfcdebug.obj
 0001:000fe540       sf_debug_data_range_error_wrapper_min 00000001800ff540 f   sfc_debug:sfcdebug.obj
 0001:000fe620       sf_debug_data_range_error_wrapper_max 00000001800ff620 f   sfc_debug:sfcdebug.obj
 0001:000fe700       sf_debug_data_range_wrapper 00000001800ff700 f   sfc_debug:sfcdebug.obj
 0001:000fe7b0       sf_debug_set_current_status_info 00000001800ff7b0 f   sfc_debug:sfcdebug.obj
 0001:000feb60       sf_debug_register_message_post_receive_info 00000001800ffb60 f   sfc_debug:sfcdebug.obj
 0001:000fedd0       sf_debug_call              00000001800ffdd0 f   sfc_debug:sfcdebug.obj
 0001:000ffa30       sf_debug_initialize_machine 0000000180100a30 f   sfc_debug:sfcdebug.obj
 0001:000ffd40       sf_debug_initialize_chart  0000000180100d40 f   sfc_debug:sfcdebug.obj
 0001:00100190       sf_debug_ensure_script     0000000180101190 f   sfc_debug:sfcdebug.obj
 0001:00100250       cv_script_init_script      0000000180101250 f   sfc_debug:sfcdebug.obj
 0001:00100340       cv_script_init_fcn         0000000180101340 f   sfc_debug:sfcdebug.obj
 0001:001003f0       cv_script_init_testobjective 00000001801013f0 f   sfc_debug:sfcdebug.obj
 0001:001004a0       cv_script_init_if          00000001801014a0 f   sfc_debug:sfcdebug.obj
 0001:00100550       cv_script_init_for         0000000180101550 f   sfc_debug:sfcdebug.obj
 0001:00100600       cv_script_init_while       0000000180101600 f   sfc_debug:sfcdebug.obj
 0001:001006b0       cv_script_init_mcdc        00000001801016b0 f   sfc_debug:sfcdebug.obj
 0001:001007b0       cv_script_init_switch      00000001801017b0 f   sfc_debug:sfcdebug.obj
 0001:00100890       cv_script_eval             0000000180101890 f   sfc_debug:sfcdebug.obj
 0001:00100970       eml_debug_line_call        0000000180101970 f   sfc_debug:sfcdebug.obj
 0001:00100b20       sf_debug_terminate         0000000180101b20 f   sfc_debug:sfcdebug.obj
 0001:00100c90       sf_debug_set_script_cv_ids 0000000180101c90 f   sfc_debug:sfcdebug.obj
 0001:00100dc0       sf_debug_api               0000000180101dc0 f   sfc_debug:sfc_api.obj
 0001:00102470       sf_debug_sm_terminate      0000000180103470 f   sfc_debug:sfdb_animation.obj
 0001:00102630       sf_debug_reset_path_objects 0000000180103630 f   sfc_debug:sfdb_animation.obj
 0001:001026b0       sf_debug_sm_reset_object_selection_status 00000001801036b0 f   sfc_debug:sfdb_animation.obj
 0001:00102750       sf_debug_sm_reset_state_buffer 0000000180103750 f   sfc_debug:sfdb_animation.obj
 0001:00102820       sf_debug_sm_store_state_buffer 0000000180103820 f   sfc_debug:sfdb_animation.obj
 0001:001028a0       sf_debug_sm_restore_state_buffer1 00000001801038a0 f   sfc_debug:sfdb_animation.obj
 0001:00102910       sf_debug_sm_restore_state_buffer2 0000000180103910 f   sfc_debug:sfdb_animation.obj
 0001:00102980       sf_debug_sm_chart_active   0000000180103980 f   sfc_debug:sfdb_animation.obj
 0001:001029d0       sf_debug_sm_select_active_objects 00000001801039d0 f   sfc_debug:sfdb_animation.obj
 0001:00102ec0       sf_debug_sm_is_chart_active 0000000180103ec0 f   sfc_debug:sfdb_animation.obj
 0001:00102f00       sf_debug_sm_is_state_active 0000000180103f00 f   sfc_debug:sfdb_animation.obj
 0001:00103140       sf_debug_sm_get_active_states 0000000180104140 f   sfc_debug:sfdb_animation.obj
 0001:00103700       sf_debug_sm_initialize_instance 0000000180104700 f   sfc_debug:sfdb_animation.obj
 0001:00103920       sf_debug_sm_change_object_selection_status 0000000180104920 f   sfc_debug:sfdb_animation.obj
 0001:00103c30       cv_create_interface        0000000180104c30 f   sfc_debug:cv_sfinterface.obj
 0001:00103f90       cv_init_trans              0000000180104f90 f   sfc_debug:cv_sfinterface.obj
 0001:00103fe0       cv_init_testobjective      0000000180104fe0 f   sfc_debug:cv_sfinterface.obj
 0001:00104020       cv_init_state              0000000180105020 f   sfc_debug:cv_sfinterface.obj
 0001:00104090       cv_init_chart              0000000180105090 f   sfc_debug:cv_sfinterface.obj
 0001:001040e0       cv_dec_update_call         00000001801050e0 f   sfc_debug:cv_sfinterface.obj
 0001:00104120       cv_cond_update_call        0000000180105120 f   sfc_debug:cv_sfinterface.obj
 0001:00104160       cv_testobjective_update_call 0000000180105160 f   sfc_debug:cv_sfinterface.obj
 0001:001041a0       cv_sigrange_update         00000001801051a0 f   sfc_debug:cv_sfinterface.obj
 0001:001041e0       cvsf_eml_eval              00000001801051e0 f   sfc_debug:cv_sfinterface.obj
 0001:001042d0       cvsf_eml_init_script       00000001801052d0 f   sfc_debug:cv_sfinterface.obj
 0001:00104360       cvsf_eml_init_fcn          0000000180105360 f   sfc_debug:cv_sfinterface.obj
 0001:001043c0       cvsf_eml_init_testobjective 00000001801053c0 f   sfc_debug:cv_sfinterface.obj
 0001:00104420       cvsf_eml_init_saturation   0000000180105420 f   sfc_debug:cv_sfinterface.obj
 0001:00104470       cvsf_eml_init_if           0000000180105470 f   sfc_debug:cv_sfinterface.obj
 0001:001044d0       cvsf_eml_init_for          00000001801054d0 f   sfc_debug:cv_sfinterface.obj
 0001:00104520       cvsf_eml_init_while        0000000180105520 f   sfc_debug:cv_sfinterface.obj
 0001:00104570       cvsf_eml_init_mcdc         0000000180105570 f   sfc_debug:cv_sfinterface.obj
 0001:00104600       cvsf_eml_init_switch       0000000180105600 f   sfc_debug:cv_sfinterface.obj
 0001:00104670       cvsf_script_eval           0000000180105670 f   sfc_debug:cv_sfinterface.obj
 0001:00104760       cvsf_script_init_script    0000000180105760 f   sfc_debug:cv_sfinterface.obj
 0001:001047f0       cvsf_script_init_fcn       00000001801057f0 f   sfc_debug:cv_sfinterface.obj
 0001:00104850       cvsf_script_init_testobjective 0000000180105850 f   sfc_debug:cv_sfinterface.obj
 0001:001048b0       cvsf_script_init_saturation 00000001801058b0 f   sfc_debug:cv_sfinterface.obj
 0001:00104900       cvsf_script_init_if        0000000180105900 f   sfc_debug:cv_sfinterface.obj
 0001:00104960       cvsf_script_init_for       0000000180105960 f   sfc_debug:cv_sfinterface.obj
 0001:001049b0       cvsf_script_init_while     00000001801059b0 f   sfc_debug:cv_sfinterface.obj
 0001:00104a00       cvsf_script_init_mcdc      0000000180105a00 f   sfc_debug:cv_sfinterface.obj
 0001:00104a90       cvsf_script_init_switch    0000000180105a90 f   sfc_debug:cv_sfinterface.obj
 0001:00104b00       cv_destroy_interface       0000000180105b00 f   sfc_debug:cv_sfinterface.obj
 0001:00104b20       cv_create_instance_objects 0000000180105b20 f   sfc_debug:cv_sfinterface.obj
 0001:00104fd0       cv_is_enabled              0000000180105fd0 f   sfc_debug:cv_sfinterface.obj
 0001:00104fe0       sf_debug_cv_initialize_script 0000000180105fe0 f   sfc_debug:cv_sfinterface.obj
 0001:00105190       sf_debug_cv_initialize_instance 0000000180106190 f   sfc_debug:cv_sfinterface.obj
 0001:00105530       sf_debug_cv_terminate_chart 0000000180106530 f   sfc_debug:cv_sfinterface.obj
 0001:00105670       cv_call_trans_test         0000000180106670 f   sfc_debug:cv_sfinterface.obj
 0001:00105680       cv_call_sub_cond_test      0000000180106680 f   sfc_debug:cv_sfinterface.obj
 0001:001056c0       sf_debug_st_initialize_machine 00000001801066c0 f   sfc_debug:sfdb_data_browse.obj
 0001:00105780       sf_debug_st_initialize_instance 0000000180106780 f   sfc_debug:sfdb_data_browse.obj
 0001:001059b0       sf_debug_st_terminate      00000001801069b0 f   sfc_debug:sfdb_data_browse.obj
 0001:00105d50       sf_debug_st_set_data_value_ptr_in_machine 0000000180106d50 f   sfc_debug:sfdb_data_browse.obj
 0001:00105de0       sf_debug_st_set_data_value_ptr_in_instance 0000000180106de0 f   sfc_debug:sfdb_data_browse.obj
 0001:00105ec0       sf_debug_st_unset_data_value_ptr_in_machine 0000000180106ec0 f   sfc_debug:sfdb_data_browse.obj
 0001:00105f30       sf_debug_st_unset_data_value_ptr_in_instance 0000000180106f30 f   sfc_debug:sfdb_data_browse.obj
 0001:00106240       sf_debug_mx_value          0000000180107240 f   sfc_debug:sfdb_data_browse.obj
 0001:001062a0       sf_debug_mx_packed_vector  00000001801072a0 f   sfc_debug:sfdb_data_browse.obj
 0001:00106380       sf_debug_mx_uint_vector    0000000180107380 f   sfc_debug:sfdb_data_browse.obj
 0001:00106440       sf_debug_st_get_double_value_from_void_ptr_vector 0000000180107440 f   sfc_debug:sfdb_data_browse.obj
 0001:00106f30       sf_debug_st_browse_data    0000000180107f30 f   sfc_debug:sfdb_data_browse.obj
 0001:001077c0       sf_debug_hm_initialize_instance 00000001801087c0 f   sfc_debug:sfdb_handle_management.obj
 0001:00107cf0       sf_debug_hm_get_object_id  0000000180108cf0 f   sfc_debug:sfdb_handle_management.obj
 0001:001088a0       sf_debug_hm_update_chart_visibility 00000001801098a0 f   sfc_debug:sfdb_handle_management.obj
 0001:00109b80       sf_debug_object_is_eml_function 000000018010ab80 f   sfc_debug:sfdb_handle_management.obj
 0001:00109bf0       sf_debug_hm_initialize_ids_in_machine 000000018010abf0 f   sfc_debug:sfdb_handle_management.obj
 0001:00109d60       sf_debug_hm_initialize_ids_in_chart 000000018010ad60 f   sfc_debug:sfdb_handle_management.obj
 0001:00109e60       sf_debug_hm_initialize_chart 000000018010ae60 f   sfc_debug:sfdb_handle_management.obj
 0001:0010a600       sf_debug_hm_terminate      000000018010b600 f   sfc_debug:sfdb_handle_management.obj
 0001:0010a660       sf_debug_hm_initialize_machine 000000018010b660 f   sfc_debug:sfdb_handle_management.obj
 0001:0010ae10       sf_debug_ss_initialize     000000018010be10 f   sfc_debug:sfdb_symbol_scope.obj
 0001:0010ae30       sf_debug_ss_terminate      000000018010be30 f   sfc_debug:sfdb_symbol_scope.obj
 0001:0010aec0       sf_debug_ss_push_symbol_scope 000000018010bec0 f   sfc_debug:sfdb_symbol_scope.obj
 0001:0010afc0       sf_debug_ss_push_symbol_scope_eml 000000018010bfc0 f   sfc_debug:sfdb_symbol_scope.obj
 0001:0010b020       sf_debug_ss_pop_symbol_scope 000000018010c020 f   sfc_debug:sfdb_symbol_scope.obj
 0001:0010b0d0       sf_debug_ss_add_symbol     000000018010c0d0 f   sfc_debug:sfdb_symbol_scope.obj
 0001:0010b230       sf_debug_ss_add_symbol_eml 000000018010c230 f   sfc_debug:sfdb_symbol_scope.obj
 0001:0010bf50       sf_debug_ss_set_data_value 000000018010cf50 f   sfc_debug:sfdb_symbol_scope.obj
 0001:0010c420       getInstanceNumber          000000018010d420 f   sfc_debug:sfdb_symbol_scope.obj
 0001:0010c4f0       sf_debug_ss_watch_data     000000018010d4f0 f   sfc_debug:sfdb_symbol_scope.obj
 0001:0010c690       sf_debug_ss_assign_data    000000018010d690 f   sfc_debug:sfdb_symbol_scope.obj
 0001:0010d0b0       get_data_entry_name        000000018010e0b0 f   sfc_debug:sfdb_symbol_scope.obj
 0001:0010d100       sf_debug_ss_whos           000000018010e100 f   sfc_debug:sfdb_symbol_scope.obj
 0001:0010d820       sf_debug_cc_initialize_chart 000000018010e820 f   sfc_debug:sfdb_coverage.obj
 0001:0010e210       sf_debug_cc_initialize_instance 000000018010f210 f   sfc_debug:sfdb_coverage.obj
 0001:0010f020       sf_debug_cc_terminate      0000000180110020 f   sfc_debug:sfdb_coverage.obj
 0001:0010f110       sf_debug_cc_set_transition_maps 0000000180110110 f   sfc_debug:sfdb_coverage.obj
 0001:0010f240       sf_debug_cc_set_state_maps 0000000180110240 f   sfc_debug:sfdb_coverage.obj
 0001:0010f320       sf_debug_cc_set_transition_weights 0000000180110320 f   sfc_debug:sfdb_coverage.obj
 0001:0010f5f0       sf_debug_cc_set_state_weights 00000001801105f0 f   sfc_debug:sfdb_coverage.obj
 0001:0010f8c0       sf_debug_cc_mark_transition_guard 00000001801108c0 f   sfc_debug:sfdb_coverage.obj
 0001:0010f950       sf_debug_cc_mark_transition_trigger 0000000180110950 f   sfc_debug:sfdb_coverage.obj
 0001:0010f9e0       sf_debug_cc_mark_transition_decision 00000001801109e0 f   sfc_debug:sfdb_coverage.obj
 0001:0010fa50       sf_debug_cc_mark_transition_condition_action 0000000180110a50 f   sfc_debug:sfdb_coverage.obj
 0001:0010faa0       sf_debug_cc_mark_transition_transition_action 0000000180110aa0 f   sfc_debug:sfdb_coverage.obj
 0001:0010faf0       sf_debug_cc_mark_state_entry 0000000180110af0 f   sfc_debug:sfdb_coverage.obj
 0001:0010fb40       sf_debug_cc_mark_state_during 0000000180110b40 f   sfc_debug:sfdb_coverage.obj
 0001:0010fb90       sf_debug_cc_mark_state_exit 0000000180110b90 f   sfc_debug:sfdb_coverage.obj
 0001:0010fbe0       sf_debug_bm_clear_script_breakpoints 0000000180110be0 f   sfc_debug:sfdb_breakpoints.obj
 0001:0010fc10       sf_debug_bm_set_script_breakpoint 0000000180110c10 f   sfc_debug:sfdb_breakpoints.obj
 0001:0010fc90       sf_debug_bm_clear_single_script_breakpoint 0000000180110c90 f   sfc_debug:sfdb_breakpoints.obj
 0001:0010fd10       sf_debug_bm_query_script_breakpoint 0000000180110d10 f   sfc_debug:sfdb_breakpoints.obj
 0001:0010fd60       sf_debug_bm_initialize_scripts 0000000180110d60 f   sfc_debug:sfdb_breakpoints.obj
 0001:00110480       sf_debug_bm_terminate      0000000180111480 f   sfc_debug:sfdb_breakpoints.obj
 0001:00110770       sf_debug_bm_remove_all_breakpoints_in_machine 0000000180111770 f   sfc_debug:sfdb_breakpoints.obj
 0001:001107e0       sf_debug_bm_remove_all_breakpoints_in_chart 00000001801117e0 f   sfc_debug:sfdb_breakpoints.obj
 0001:00110930       sf_debug_bm_initialize_global_breakpoints 0000000180111930 f   sfc_debug:sfdb_breakpoints.obj
 0001:00110ab0       sf_debug_bm_set_breakpoint 0000000180111ab0 f   sfc_debug:sfdb_breakpoints.obj
 0001:001110b0       sf_debug_bm_set_eml_breakpoint 00000001801120b0 f   sfc_debug:sfdb_breakpoints.obj
 0001:00111150       sf_debug_bm_initialize_machine_breakpoint_map 0000000180112150 f   sfc_debug:sfdb_breakpoints.obj
 0001:00111570       sf_debug_bm_is_a_breakpoint 0000000180112570 f   sfc_debug:sfdb_breakpoints.obj
 0001:00111b50       sf_debug_bm_get_all_breakpoints_in_machine 0000000180112b50 f   sfc_debug:sfdb_breakpoints.obj
 0001:00111e50       sf_debug_bm_get_all_breakpoints_in_chart 0000000180112e50 f   sfc_debug:sfdb_breakpoints.obj
 0001:00112b10       sf_debug_bm_initialize_machine 0000000180113b10 f   sfc_debug:sfdb_breakpoints.obj
 0001:00112be0       sf_debug_bm_initialize_chart 0000000180113be0 f   sfc_debug:sfdb_breakpoints.obj
 0001:00113000       sf_debug_sc_terminate      0000000180114000 f   sfc_debug:sfdb_state_consistency.obj
 0001:00113330       sf_debug_sc_is_chart_consistent 0000000180114330 f   sfc_debug:sfdb_state_consistency.obj
 0001:001135e0       sf_debug_sc_get_consistency_error_info 00000001801145e0 f   sfc_debug:sfdb_state_consistency.obj
 0001:00113a30       sf_debug_tm_terminate      0000000180114a30 f   sfc_debug:sfdb_call_stack.obj
 0001:00113af0       sf_debug_tm_push_chart_instance 0000000180114af0 f   sfc_debug:sfdb_call_stack.obj
 0001:00113c40       sf_debug_tm_pop_chart_instance 0000000180114c40 f   sfc_debug:sfdb_call_stack.obj
 0001:00113ca0       sf_debug_tm_push_trace_node 0000000180114ca0 f   sfc_debug:sfdb_call_stack.obj
 0001:00113e30       sf_debug_tm_pop_trace_node 0000000180114e30 f   sfc_debug:sfdb_call_stack.obj
 0001:00113eb0       sf_debug_tm_get_current_global_trace_index 0000000180114eb0 f   sfc_debug:sfdb_call_stack.obj
 0001:00113ec0       sf_debug_tm_get_current_local_trace_index 0000000180114ec0 f   sfc_debug:sfdb_call_stack.obj
 0001:00113ef0       sf_debug_tm_set_cycle_detected_flag 0000000180114ef0 f   sfc_debug:sfdb_call_stack.obj
 0001:00113f30       sf_debug_tm_set_cycle_started_flag 0000000180114f30 f   sfc_debug:sfdb_call_stack.obj
 0001:00113f70       sf_debug_tm_get_chart_number_from_stack 0000000180114f70 f   sfc_debug:sfdb_call_stack.obj
 0001:00114170       sf_debug_tm_browse_trace   0000000180115170 f   sfc_debug:sfdb_call_stack.obj
 0001:001144b0       sf_debug_cd_initialize_instance 00000001801154b0 f   sfc_debug:sfdb_cycle_detection.obj
 0001:00114760       sf_debug_cd_mark_processed_transition_in_instance 0000000180115760 f   sfc_debug:sfdb_cycle_detection.obj
 0001:00114800       sf_debug_cd_checksum_push  0000000180115800 f   sfc_debug:sfdb_cycle_detection.obj
 0001:00114ac0       sf_debug_cd_checksum_pop   0000000180115ac0 f   sfc_debug:sfdb_cycle_detection.obj
 0001:00114b30       sf_debug_cd_turn_off_cycle_detection 0000000180115b30 f   sfc_debug:sfdb_cycle_detection.obj
 0001:00114b80       sf_debug_cd_terminate      0000000180115b80 f   sfc_debug:sfdb_cycle_detection.obj
 0001:00114dc0       md5_initialize_state       0000000180115dc0 f   sfc_debug:ckmd5.obj
 0001:00115830       md5_update_state           0000000180116830 f   sfc_debug:ckmd5.obj
 0001:00115850       md5_get_hash               0000000180116850 f   sfc_debug:ckmd5.obj
 0001:00115880       md5_get_hash_for_a_single_string 0000000180116880 f   sfc_debug:ckmd5.obj
 0001:001158e4       mxGetPr                    00000001801168e4 f   libmx:libmx.dll
 0001:001158ea       mxCreateDoubleScalar       00000001801168ea f   libmx:libmx.dll
 0001:001158f0       mxCreateDoubleMatrix_730   00000001801168f0 f   libmx:libmx.dll
 0001:001158f6       mxSetField_730             00000001801168f6 f   libmx:libmx.dll
 0001:001158fc       mxCreateString             00000001801168fc f   libmx:libmx.dll
 0001:00115902       mxCreateStructMatrix_730   0000000180116902 f   libmx:libmx.dll
 0001:00115908       mxDestroyArray             0000000180116908 f   libmx:libmx.dll
 0001:0011590e       mxDuplicateArray           000000018011690e f   libmx:libmx.dll
 0001:00115914       mxGetString_730            0000000180116914 f   libmx:libmx.dll
 0001:0011591a       mxIsChar                   000000018011691a f   libmx:libmx.dll
 0001:00115920       mxGetClassID               0000000180116920 f   libmx:libmx.dll
 0001:00115926       mxIsNumeric                0000000180116926 f   libmx:libmx.dll
 0001:0011592c       mxIsComplex                000000018011692c f   libmx:libmx.dll
 0001:00115932       mxGetN                     0000000180116932 f   libmx:libmx.dll
 0001:00115938       mxGetM                     0000000180116938 f   libmx:libmx.dll
 0001:0011593e       mxCalloc                   000000018011693e f   libmx:libmx.dll
 0001:00115944       mxGetScalar                0000000180116944 f   libmx:libmx.dll
 0001:0011594a       mxIsLogical                000000018011694a f   libmx:libmx.dll
 0001:00115950       mxCreateDoubleMatrix_700   0000000180116950 f   libmx:libmx.dll
 0001:00115956       mxFree                     0000000180116956 f   libmx:libmx.dll
 0001:0011595c       mxArrayToString            000000018011695c f   libmx:libmx.dll
 0001:00115962       mxCreateCellMatrix_700     0000000180116962 f   libmx:libmx.dll
 0001:00115968       mxSetCell_700              0000000180116968 f   libmx:libmx.dll
 0001:0011596e       mxGetCell_700              000000018011696e f   libmx:libmx.dll
 0001:00115974       mxGetClassName             0000000180116974 f   libmx:libmx.dll
 0001:0011597a       mxSetField_700             000000018011697a f   libmx:libmx.dll
 0001:00115980       mxAddField                 0000000180116980 f   libmx:libmx.dll
 0001:00115986       mxGetField_700             0000000180116986 f   libmx:libmx.dll
 0001:0011598c       mxGetNumberOfElements      000000018011698c f   libmx:libmx.dll
 0001:00115992       mxIsStruct                 0000000180116992 f   libmx:libmx.dll
 0001:00115998       mxIsA                      0000000180116998 f   libmx:libmx.dll
 0001:0011599e       mxIsClass                  000000018011699e f   libmx:libmx.dll
 0001:001159a4       mxGetLogicals              00000001801169a4 f   libmx:libmx.dll
 0001:001159aa       mxIsSparse                 00000001801169aa f   libmx:libmx.dll
 0001:001159b0       mxSetFieldByNumber_700     00000001801169b0 f   libmx:libmx.dll
 0001:001159b6       mxGetFieldByNumber_700     00000001801169b6 f   libmx:libmx.dll
 0001:001159bc       mxGetFieldNameByNumber     00000001801169bc f   libmx:libmx.dll
 0001:001159c2       mxGetNumberOfFields        00000001801169c2 f   libmx:libmx.dll
 0001:001159c8       mxCreateStructMatrix_700   00000001801169c8 f   libmx:libmx.dll
 0001:001159ce       mxGetFieldNumber           00000001801169ce f   libmx:libmx.dll
 0001:001159d4       mxIsNaN                    00000001801169d4 f   libmx:libmx.dll
 0001:001159da       mxIsEmpty                  00000001801169da f   libmx:libmx.dll
 0001:001159e0       mxGetData                  00000001801169e0 f   libmx:libmx.dll
 0001:001159e6       mxGetImagData              00000001801169e6 f   libmx:libmx.dll
 0001:001159ec       mxArrayClassIDName         00000001801169ec f   libmx:libmx.dll
 0001:001159f2       mxCreateNumericMatrix_700  00000001801169f2 f   libmx:libmx.dll
 0001:001159f8       mxCreateStructArray_700    00000001801169f8 f   libmx:libmx.dll
 0001:001159fe       mxCalcSingleSubscript_700  00000001801169fe f   libmx:libmx.dll
 0001:00115a04       mxGetDimensions_700        0000000180116a04 f   libmx:libmx.dll
 0001:00115a0a       mxGetNumberOfDimensions_700 0000000180116a0a f   libmx:libmx.dll
 0001:00115a10       mxCreateNumericArray_700   0000000180116a10 f   libmx:libmx.dll
 0001:00115a16       mxGetElementSize           0000000180116a16 f   libmx:libmx.dll
 0001:00115a1c       mxCreateStringFromNChars_700 0000000180116a1c f   libmx:libmx.dll
 0001:00115a22       mxGetString_700            0000000180116a22 f   libmx:libmx.dll
 0001:00115a28       mxIsLogicalScalarTrue      0000000180116a28 f   libmx:libmx.dll
 0001:00115a2e       mxCreateLogicalScalar      0000000180116a2e f   libmx:libmx.dll
 0001:00115a34       mexUnlock                  0000000180116a34 f   libmex:libmex.dll
 0001:00115a3a       mexIsLocked                0000000180116a3a f   libmex:libmex.dll
 0001:00115a40       mexWarnMsgTxt              0000000180116a40 f   libmex:libmex.dll
 0001:00115a46       mexCallMATLAB              0000000180116a46 f   libmex:libmex.dll
 0001:00115a4c       mexErrMsgTxt               0000000180116a4c f   libmex:libmex.dll
 0001:00115a52       mexMakeArrayPersistent     0000000180116a52 f   libmex:libmex.dll
 0001:00115a58       mexSetTrapFlag             0000000180116a58 f   libmex:libmex.dll
 0001:00115a5e       mexPutVariable             0000000180116a5e f   libmex:libmex.dll
 0001:00115a64       mexGetVariable             0000000180116a64 f   libmex:libmex.dll
 0001:00115a6a       mexLock                    0000000180116a6a f   libmex:libmex.dll
 0001:00115a70       mexMakeMemoryPersistent    0000000180116a70 f   libmex:libmex.dll
 0001:00115a76       mexFunctionName            0000000180116a76 f   libmex:libmex.dll
 0001:00115a7c       ssRegisterDataTypeFxpFSlopeFixExpBias 0000000180116a7c f   libfixedpoint:libfixedpoint.dll
 0001:00115a82       utVSNprintf                0000000180116a82 f   libut:libut.dll
 0001:00115a88       utCPUtime                  0000000180116a88 f   libut:libut.dll
 0001:00115a8e       utFree                     0000000180116a8e f   libut:libut.dll
 0001:00115a94       utMalloc                   0000000180116a94 f   libut:libut.dll
 0001:00115a9a       muDoubleScalarAbs          0000000180116a9a f   libmwmathutil:libmwmathutil.dll
 0001:00115aa0       muDoubleScalarFloor        0000000180116aa0 f   libmwmathutil:libmwmathutil.dll
 0001:00115aa6       muDoubleScalarCeil         0000000180116aa6 f   libmwmathutil:libmwmathutil.dll
 0001:00115aac       muDoubleScalarSqrt         0000000180116aac f   libmwmathutil:libmwmathutil.dll
 0001:00115ab2       muDoubleScalarPower        0000000180116ab2 f   libmwmathutil:libmwmathutil.dll
 0001:00115ab8       muDoubleScalarRound        0000000180116ab8 f   libmwmathutil:libmwmathutil.dll
 0001:00115abe       emlrtCreateRootTLS         0000000180116abe f   libemlrt:libemlrt.dll
 0001:00115ac4       emlrtDestroyRootTLS        0000000180116ac4 f   libemlrt:libemlrt.dll
 0001:00115aca       emlrtCheckBuiltInR2012b    0000000180116aca f   libemlrt:libemlrt.dll
 0001:00115ad0       emlrtCheckVsBuiltInR2012b  0000000180116ad0 f   libemlrt:libemlrt.dll
 0001:00115ad6       emlrtCheckEnumR2012b       0000000180116ad6 f   libemlrt:libemlrt.dll
 0001:00115adc       emlrtCreateEnumR2012b      0000000180116adc f   libemlrt:libemlrt.dll
 0001:00115ae2       emlrtGetEnumElementR2009a  0000000180116ae2 f   libemlrt:libemlrt.dll
 0001:00115ae8       emlrtCreateReference       0000000180116ae8 f   libemlrt:libemlrt.dll
 0001:00115aee       emlrtImportVsFiArrayR2009b 0000000180116aee f   libemlrt:libemlrt.dll
 0001:00115af4       emlrtNameCapturePostProcessR2012a 0000000180116af4 f   libemlrt:libemlrt.dll
 0001:00115afa       emlrtExtractMessageId      0000000180116afa f   libemlrt:libemlrt.dll
 0001:00115b00       emlrtTranslateMessageIDtoLCPstring 0000000180116b00 f   libemlrt:libemlrt.dll
 0001:00115b06       emlrtForLoopVectorIsValidR2011b 0000000180116b06 f   libemlrt:libemlrt.dll
 0001:00115b0c       emlrtTranslateUTF16MessagetoLCPstring 0000000180116b0c f   libemlrt:libemlrt.dll
 0001:00115b12       emlrtGetEnumUnderlyingArrayR2009a 0000000180116b12 f   libemlrt:libemlrt.dll
 0001:00115b18       emlrtIsEnumR2009a          0000000180116b18 f   libemlrt:libemlrt.dll
 0001:00115b20       __GSHandlerCheckCommon     0000000180116b20 f   MSVCRT:gshandler.obj
 0001:00115b84       __GSHandlerCheck           0000000180116b84 f   MSVCRT:gshandler.obj
 0001:00115ba2       strlen                     0000000180116ba2 f   MSVCRT:MSVCR100.dll
 0001:00115bc0       __security_check_cookie    0000000180116bc0 f   MSVCRT:amdsecgs.obj
 0001:00115be0       memset                     0000000180116be0 f   MSVCRT:MSVCR100.dll
 0001:00115be6       malloc                     0000000180116be6 f   MSVCRT:MSVCR100.dll
 0001:00115c00       __chkstk                   0000000180116c00 f   MSVCRT:chkstk.obj
 0001:00115c00       _alloca_probe              0000000180116c00     MSVCRT:chkstk.obj
 0001:00115c4e       free                       0000000180116c4e f   MSVCRT:MSVCR100.dll
 0001:00115c54       strcmp                     0000000180116c54 f   MSVCRT:MSVCR100.dll
 0001:00115c5a       sprintf                    0000000180116c5a f   MSVCRT:MSVCR100.dll
 0001:00115c60       strcat                     0000000180116c60 f   MSVCRT:MSVCR100.dll
 0001:00115c66       memcpy                     0000000180116c66 f   MSVCRT:MSVCR100.dll
 0001:00115c6c       NtCurrentTeb               0000000180116c6c f i MSVCRT:crtdll.obj
 0001:00115cd8       _CRT_INIT                  0000000180116cd8 f   MSVCRT:crtdll.obj
 0001:00116070       _DllMainCRTStartup         0000000180117070 f   MSVCRT:crtdll.obj
 0001:001160ae       strncpy                    00000001801170ae f   MSVCRT:MSVCR100.dll
 0001:001160b4       longjmp                    00000001801170b4 f   MSVCRT:MSVCR100.dll
 0001:001160ba       strncmp                    00000001801170ba f   MSVCRT:MSVCR100.dll
 0001:001160c0       ceil                       00000001801170c0 f   MSVCRT:MSVCR100.dll
 0001:001160c6       strrchr                    00000001801170c6 f   MSVCRT:MSVCR100.dll
 0001:001160cc       _setjmp                    00000001801170cc f   MSVCRT:MSVCR100.dll
 0001:001160d2       calloc                     00000001801170d2 f   MSVCRT:MSVCR100.dll
 0001:001160d8       realloc                    00000001801170d8 f   MSVCRT:MSVCR100.dll
 0001:001160de       ldexp                      00000001801170de f   MSVCRT:MSVCR100.dll
 0001:001160e4       __report_gsfailure         00000001801170e4 f   MSVCRT:gs_report.obj
 0001:00116230       __clean_type_info_names    0000000180117230 f   MSVCRT:tncleanup.obj
 0001:0011623c       _onexit                    000000018011723c f   MSVCRT:atonexit.obj
 0001:001162ec       atexit                     00000001801172ec f   MSVCRT:atonexit.obj
 0001:00116304       _RTC_Initialize            0000000180117304 f   MSVCRT:_initsect_.obj
 0001:0011633c       _RTC_Terminate             000000018011733c f   MSVCRT:_initsect_.obj
 0001:00116374       _malloc_crt                0000000180117374 f   MSVCRT:MSVCR100.dll
 0001:00116380       _ValidateImageBase         0000000180117380 f   MSVCRT:pesect.obj
 0001:001163b0       _FindPESection             00000001801173b0 f   MSVCRT:pesect.obj
 0001:00116400       _IsNonwritableInCurrentImage 0000000180117400 f   MSVCRT:pesect.obj
 0001:00116442       _initterm                  0000000180117442 f   MSVCRT:MSVCR100.dll
 0001:00116448       _initterm_e                0000000180117448 f   MSVCRT:MSVCR100.dll
 0001:0011644e       _encoded_null              000000018011744e f   MSVCRT:MSVCR100.dll
 0001:00116454       _amsg_exit                 0000000180117454 f   MSVCRT:MSVCR100.dll
 0001:0011645a       __C_specific_handler       000000018011745a f   MSVCRT:MSVCR100.dll
 0001:00116460       __CppXcptFilter            0000000180117460 f   MSVCRT:MSVCR100.dll
 0001:00116468       DllMain                    0000000180117468 f   MSVCRT:dllmain.obj
 0001:0011648c       __security_init_cookie     000000018011748c f   MSVCRT:gs_support.obj
 0001:00116540       __crt_debugger_hook        0000000180117540 f   MSVCRT:MSVCR100.dll
 0001:00116546       __clean_type_info_names_internal 0000000180117546 f   MSVCRT:MSVCR100.dll
 0001:0011654c       _unlock                    000000018011754c f   MSVCRT:MSVCR100.dll
 0001:00116552       __dllonexit                0000000180117552 f   MSVCRT:MSVCR100.dll
 0001:00116558       _lock                      0000000180117558 f   MSVCRT:MSVCR100.dll
 0001:0011655e       EncodePointer              000000018011755e f   kernel32:KERNEL32.dll
 0001:00116564       DecodePointer              0000000180117564 f   kernel32:KERNEL32.dll
 0001:0011656a       Sleep                      000000018011756a f   kernel32:KERNEL32.dll
 0001:00116570       TerminateProcess           0000000180117570 f   kernel32:KERNEL32.dll
 0001:00116576       GetCurrentProcess          0000000180117576 f   kernel32:KERNEL32.dll
 0001:0011657c       UnhandledExceptionFilter   000000018011757c f   kernel32:KERNEL32.dll
 0001:00116582       SetUnhandledExceptionFilter 0000000180117582 f   kernel32:KERNEL32.dll
 0001:00116588       IsDebuggerPresent          0000000180117588 f   kernel32:KERNEL32.dll
 0001:0011658e       RtlVirtualUnwind           000000018011758e f   kernel32:KERNEL32.dll
 0001:00116594       RtlLookupFunctionEntry     0000000180117594 f   kernel32:KERNEL32.dll
 0001:0011659a       RtlCaptureContext          000000018011759a f   kernel32:KERNEL32.dll
 0001:001165a0       DisableThreadLibraryCalls  00000001801175a0 f   kernel32:KERNEL32.dll
 0001:001165a6       QueryPerformanceCounter    00000001801175a6 f   kernel32:KERNEL32.dll
 0001:001165ac       GetTickCount               00000001801175ac f   kernel32:KERNEL32.dll
 0001:001165b2       GetCurrentThreadId         00000001801175b2 f   kernel32:KERNEL32.dll
 0001:001165b8       GetCurrentProcessId        00000001801175b8 f   kernel32:KERNEL32.dll
 0001:001165be       GetSystemTimeAsFileTime    00000001801175be f   kernel32:KERNEL32.dll
 0002:00000000       __imp_DisableThreadLibraryCalls 0000000180118000     kernel32:KERNEL32.dll
 0002:00000008       __imp_RtlCaptureContext    0000000180118008     kernel32:KERNEL32.dll
 0002:00000010       __imp_RtlLookupFunctionEntry 0000000180118010     kernel32:KERNEL32.dll
 0002:00000018       __imp_RtlVirtualUnwind     0000000180118018     kernel32:KERNEL32.dll
 0002:00000020       __imp_IsDebuggerPresent    0000000180118020     kernel32:KERNEL32.dll
 0002:00000028       __imp_SetUnhandledExceptionFilter 0000000180118028     kernel32:KERNEL32.dll
 0002:00000030       __imp_UnhandledExceptionFilter 0000000180118030     kernel32:KERNEL32.dll
 0002:00000038       __imp_GetCurrentProcess    0000000180118038     kernel32:KERNEL32.dll
 0002:00000040       __imp_TerminateProcess     0000000180118040     kernel32:KERNEL32.dll
 0002:00000048       __imp_Sleep                0000000180118048     kernel32:KERNEL32.dll
 0002:00000050       __imp_DecodePointer        0000000180118050     kernel32:KERNEL32.dll
 0002:00000058       __imp_EncodePointer        0000000180118058     kernel32:KERNEL32.dll
 0002:00000060       __imp_GetTickCount         0000000180118060     kernel32:KERNEL32.dll
 0002:00000068       __imp_GetCurrentThreadId   0000000180118068     kernel32:KERNEL32.dll
 0002:00000070       __imp_GetCurrentProcessId  0000000180118070     kernel32:KERNEL32.dll
 0002:00000078       __imp_GetSystemTimeAsFileTime 0000000180118078     kernel32:KERNEL32.dll
 0002:00000080       __imp_QueryPerformanceCounter 0000000180118080     kernel32:KERNEL32.dll
 0002:00000088       \177KERNEL32_NULL_THUNK_DATA 0000000180118088     kernel32:KERNEL32.dll
 0002:00000090       __imp__onexit              0000000180118090     MSVCRT:MSVCR100.dll
 0002:00000098       __imp__lock                0000000180118098     MSVCRT:MSVCR100.dll
 0002:000000a0       __imp___dllonexit          00000001801180a0     MSVCRT:MSVCR100.dll
 0002:000000a8       __imp__unlock              00000001801180a8     MSVCRT:MSVCR100.dll
 0002:000000b0       __imp___clean_type_info_names_internal 00000001801180b0     MSVCRT:MSVCR100.dll
 0002:000000b8       __imp___crt_debugger_hook  00000001801180b8     MSVCRT:MSVCR100.dll
 0002:000000c0       __imp___CppXcptFilter      00000001801180c0     MSVCRT:MSVCR100.dll
 0002:000000c8       __imp___C_specific_handler 00000001801180c8     MSVCRT:MSVCR100.dll
 0002:000000d0       __imp__amsg_exit           00000001801180d0     MSVCRT:MSVCR100.dll
 0002:000000d8       __imp__encoded_null        00000001801180d8     MSVCRT:MSVCR100.dll
 0002:000000e0       __imp__initterm_e          00000001801180e0     MSVCRT:MSVCR100.dll
 0002:000000e8       __imp__initterm            00000001801180e8     MSVCRT:MSVCR100.dll
 0002:000000f0       __imp__malloc_crt          00000001801180f0     MSVCRT:MSVCR100.dll
 0002:000000f8       __imp_ldexp                00000001801180f8     MSVCRT:MSVCR100.dll
 0002:00000100       __imp_realloc              0000000180118100     MSVCRT:MSVCR100.dll
 0002:00000108       __imp_calloc               0000000180118108     MSVCRT:MSVCR100.dll
 0002:00000110       __imp__setjmp              0000000180118110     MSVCRT:MSVCR100.dll
 0002:00000118       __imp_strrchr              0000000180118118     MSVCRT:MSVCR100.dll
 0002:00000120       __imp_ceil                 0000000180118120     MSVCRT:MSVCR100.dll
 0002:00000128       __imp_strncmp              0000000180118128     MSVCRT:MSVCR100.dll
 0002:00000130       __imp_longjmp              0000000180118130     MSVCRT:MSVCR100.dll
 0002:00000138       __imp_strncpy              0000000180118138     MSVCRT:MSVCR100.dll
 0002:00000140       __imp_memcpy               0000000180118140     MSVCRT:MSVCR100.dll
 0002:00000148       __imp_strcat               0000000180118148     MSVCRT:MSVCR100.dll
 0002:00000150       __imp_sprintf              0000000180118150     MSVCRT:MSVCR100.dll
 0002:00000158       __imp_strcmp               0000000180118158     MSVCRT:MSVCR100.dll
 0002:00000160       __imp_free                 0000000180118160     MSVCRT:MSVCR100.dll
 0002:00000168       __imp_malloc               0000000180118168     MSVCRT:MSVCR100.dll
 0002:00000170       __imp_memset               0000000180118170     MSVCRT:MSVCR100.dll
 0002:00000178       __imp_strlen               0000000180118178     MSVCRT:MSVCR100.dll
 0002:00000180       \177MSVCR100_NULL_THUNK_DATA 0000000180118180     MSVCRT:MSVCR100.dll
 0002:00000188       __imp_emlrtIsEnumR2009a    0000000180118188     libemlrt:libemlrt.dll
 0002:00000190       __imp_emlrtGetEnumUnderlyingArrayR2009a 0000000180118190     libemlrt:libemlrt.dll
 0002:00000198       __imp_emlrtTranslateUTF16MessagetoLCPstring 0000000180118198     libemlrt:libemlrt.dll
 0002:000001a0       __imp_emlrtForLoopVectorIsValidR2011b 00000001801181a0     libemlrt:libemlrt.dll
 0002:000001a8       __imp_emlrtTranslateMessageIDtoLCPstring 00000001801181a8     libemlrt:libemlrt.dll
 0002:000001b0       __imp_emlrtExtractMessageId 00000001801181b0     libemlrt:libemlrt.dll
 0002:000001b8       __imp_emlrtNameCapturePostProcessR2012a 00000001801181b8     libemlrt:libemlrt.dll
 0002:000001c0       __imp_emlrtCheckBuiltInR2012b 00000001801181c0     libemlrt:libemlrt.dll
 0002:000001c8       __imp_emlrtDestroyRootTLS  00000001801181c8     libemlrt:libemlrt.dll
 0002:000001d0       __imp_emlrtCreateRootTLS   00000001801181d0     libemlrt:libemlrt.dll
 0002:000001d8       __imp_emlrtCheckEnumR2012b 00000001801181d8     libemlrt:libemlrt.dll
 0002:000001e0       __imp_emlrtCreateEnumR2012b 00000001801181e0     libemlrt:libemlrt.dll
 0002:000001e8       __imp_emlrtGetEnumElementR2009a 00000001801181e8     libemlrt:libemlrt.dll
 0002:000001f0       __imp_emlrtCreateReference 00000001801181f0     libemlrt:libemlrt.dll
 0002:000001f8       __imp_emlrtImportVsFiArrayR2009b 00000001801181f8     libemlrt:libemlrt.dll
 0002:00000200       __imp_emlrtCheckVsBuiltInR2012b 0000000180118200     libemlrt:libemlrt.dll
 0002:00000208       \177libemlrt_NULL_THUNK_DATA 0000000180118208     libemlrt:libemlrt.dll
 0002:00000210       __imp_ssRegisterDataTypeFxpFSlopeFixExpBias 0000000180118210     libfixedpoint:libfixedpoint.dll
 0002:00000218       \177libfixedpoint_NULL_THUNK_DATA 0000000180118218     libfixedpoint:libfixedpoint.dll
 0002:00000220       __imp_mexFunctionName      0000000180118220     libmex:libmex.dll
 0002:00000228       __imp_mexMakeMemoryPersistent 0000000180118228     libmex:libmex.dll
 0002:00000230       __imp_mexLock              0000000180118230     libmex:libmex.dll
[...]
 0001:000ebc80       sf_mex_check_fimath        00000001800ecc80 f   sfc_mex:sfc_mex.obj
 0001:000ec830       size_mismatch_error        00000001800ed830 f   sfc_mex:sfc_mex.obj
 0001:000ed2d0       check_array_dimensions     00000001800ee2d0 f   sfc_mex:sfc_mex.obj
 0001:000ed340       check_input_mxarray        00000001800ee340 f   sfc_mex:sfc_mex.obj
 0001:000eda80       sf_numeric_value_to_double 00000001800eea80 f   sfc_mex:sfc_mex.obj
 0001:000edad0       ml_generic_out_of_bounds_check 00000001800eead0 f   sfc_mex:sfc_mex.obj
 0001:000edca0       ml_get_element_value_from_array 00000001800eeca0 f   sfc_mex:sfc_mex.obj
 0001:000ee040       _ml_generic_castability_check 00000001800ef040 f   sfc_mex:sfc_mex.obj
 0001:000eeda0       ml_generic_castability_check 00000001800efda0 f   sfc_mex:sfc_mex.obj
 0001:000eee40       ml_check_mx_array_for_single_castability 00000001800efe40 f   sfc_mex:sfc_mex.obj
 0001:000eeee0       ml_check_mx_array_for_logical_castability 00000001800efee0 f   sfc_mex:sfc_mex.obj
 0001:000eef80       ml_check_mx_array_for_int8_castability 00000001800eff80 f   sfc_mex:sfc_mex.obj
 0001:000ef030       ml_check_mx_array_for_uint8_castability 00000001800f0030 f   sfc_mex:sfc_mex.obj
 0001:000ef090       ml_check_mx_array_for_int16_castability 00000001800f0090 f   sfc_mex:sfc_mex.obj
 0001:000ef0f0       ml_check_mx_array_for_uint16_castability 00000001800f00f0 f   sfc_mex:sfc_mex.obj
 0001:000ef150       ml_check_mx_array_for_int32_castability 00000001800f0150 f   sfc_mex:sfc_mex.obj
 0001:000ef1b0       ml_check_mx_array_for_uint32_castability 00000001800f01b0 f   sfc_mex:sfc_mex.obj
 0001:000ef210       ml_check_mx_array_for_castability 00000001800f0210 f   sfc_mex:sfc_mex.obj
 0001:000efb40       set_data_value             00000001800f0b40 f   sfc_mex:sfc_mex.obj
 0001:000efeb0       get_data_value             00000001800f0eb0 f   sfc_mex:sfc_mex.obj
 0001:000effc0       get_next_element_address   00000001800f0fc0 f   sfc_mex:sfc_mex.obj
 0001:000f0090       sf_normalize_index         00000001800f1090 f   sfc_mex:sfc_mex.obj
 0001:000f0420       ml_array_index_bound_check 00000001800f1420 f   sfc_mex:sfc_mex.obj
 0001:000f0f40       mx_value                   00000001800f1f40 f   sfc_mex:sfc_mex.obj
 0001:000f0f90       sf_create_numeric_array    00000001800f1f90 f   sfc_mex:sfc_mex.obj
 0001:000f1030       sf_mex_assign_to_mx_array  00000001800f2030 f   sfc_mex:sfc_mex.obj
 0001:000f1380       assign_from_mx_array       00000001800f2380 f   sfc_mex:sfc_mex.obj
 0001:000f1bb0       sf_mex_import_v            00000001800f2bb0 f   sfc_mex:sfc_mex.obj
 0001:000f22b0       get_machine_and_chart_file_number 00000001800f32b0 f   sfc_mex:sfc_sf.obj
 0001:000f23a0       get_sfun_block_specialization 00000001800f33a0 f   sfc_mex:sfc_sf.obj
 0001:000f2450       call_sf_machine_global_method_dispatcher 00000001800f3450 f   sfc_mex:sfc_sf.obj
 0001:000f26a0       mdl_zeroCrossings_processing 00000001800f36a0 f   sfc_mex:sfc_sf.obj
 0001:000f2770       mdl_derivatives_processing 00000001800f3770 f   sfc_mex:sfc_sf.obj
 0001:000f2a30       mdl_outputs_continuous_legacy 00000001800f3a30 f   sfc_mex:sfc_sf.obj
 0001:000f2ab0       mdl_outputs_processing     00000001800f3ab0 f   sfc_mex:sfc_sf.obj
 0001:000f2d20       mdl_enable_processing      00000001800f3d20 f   sfc_mex:sfc_sf.obj
 0001:000f2df0       mdl_disable_processing     00000001800f3df0 f   sfc_mex:sfc_sf.obj
 0001:000f3b60       sf_call_output_fcn_enable_disable 00000001800f4b60 f   sfc_mex:sfc_sf.obj
 0001:000f3de0       set_dwork_information_from_mx_array 00000001800f4de0 f   sfc_mex:sfc_sf.obj
 0001:000f46a0       ptr2mxStruct               00000001800f56a0 f   sfc_mex:sfc_sf.obj
 0001:000f49b0       SNPRINTF_WRAPPER           00000001800f59b0 f   sfc_debug:sfcdebug.obj
 0001:000f49d0       sf_debug_chart_instance_initialized_quick 00000001800f59d0 f   sfc_debug:sfcdebug.obj
 0001:000f49e0       sf_debug_chart_instance_initialized 00000001800f59e0 f   sfc_debug:sfcdebug.obj
 0001:000f4b80       sfrtAddSize                00000001800f5b80 f   sfc_debug:sfcdebug.obj
 0001:000f4c40       sfrtGenSizeString          00000001800f5c40 f   sfc_debug:sfcdebug.obj
 0001:000f5350       fill_single_message_info   00000001800f6350 f   sfc_debug:sfcdebug.obj
 0001:000f5510       sf_debug_sim_status_listener 00000001800f6510 f   sfc_debug:sfcdebug.obj
 0001:000f5a80       sf_debug_form_mask_bits    00000001800f6a80 f   sfc_debug:sfcdebug.obj
 0001:000f5ac0       sf_debug_form_sf_data_type_offsets 00000001800f6ac0 f   sfc_debug:sfcdebug.obj
 0001:000f5b80       sf_debug_free_all          00000001800f6b80 f   sfc_debug:sfcdebug.obj
 0001:000f5d30       sf_debug_append_debugger_context 00000001800f6d30 f   sfc_debug:sfcdebug.obj
 0001:000f5ed0       sf_debug_update_always_honor_breakpoints 00000001800f6ed0 f   sfc_debug:sfcdebug.obj
 0001:000f60a0       local_strdup               00000001800f70a0 f   sfc_debug:sfcdebug.obj
 0001:000f6f80       sf_debug_em_terminate      00000001800f7f80 f   sfc_debug:sfcdebug.obj
 0001:000f6fc0       sf_debug_push_eml_function 00000001800f7fc0 f   sfc_debug:sfcdebug.obj
 0001:000f7060       sf_debug_pop_eml_function  00000001800f8060 f   sfc_debug:sfcdebug.obj
 0001:000f7d60       sf_debug_get_machine_number_from_id_or_name 00000001800f8d60 f   sfc_debug:sfcdebug.obj
 0001:000f7eb0       sf_debug_get_chart_number_from_id 00000001800f8eb0 f   sfc_debug:sfcdebug.obj
 0001:000f8c50       sf_debug_transfer_control_to_debugger_GUI 00000001800f9c50 f   sfc_debug:sfcdebug.obj
 0001:000f9be0       sf_debug_scripts_rehash    00000001800fabe0 f   sfc_debug:sfcdebug.obj
 0001:000f9e20       sf_debug_get_script_line_count 00000001800fae20 f   sfc_debug:sfcdebug.obj
 0001:000fa750       cv_eml_state_cvId          00000001800fb750 f   sfc_debug:sfcdebug.obj
 0001:000fa7c0       cv_eml_trans_cvId          00000001800fb7c0 f   sfc_debug:sfcdebug.obj
 0001:000fbb50       sf_debug_data_array_bounds_error 00000001800fcb50 f   sfc_debug:sfcdebug.obj
 0001:000fbf80       eml_debug_runtime_error_doclink 00000001800fcf80 f   sfc_debug:sfcdebug.obj
 0001:000fc0e0       sf_debug_runtime_error     00000001800fd0e0 f   sfc_debug:sfcdebug.obj
 0001:000fc150       sf_debug_matlab_error      00000001800fd150 f   sfc_debug:sfcdebug.obj
 0001:000fca90       sf_debug_data_value_error  00000001800fda90 f   sfc_debug:sfcdebug.obj
 0001:000fd390       sf_debug_data_loss_error   00000001800fe390 f   sfc_debug:sfcdebug.obj
 0001:000fe320       call_cv_range_check        00000001800ff320 f   sfc_debug:sfcdebug.obj
 0001:000feaf0       sf_debug_invoke_cycle_detection_code 00000001800ffaf0 f   sfc_debug:sfcdebug.obj
 0001:000ff970       sf_reset_debug_info_struct 0000000180100970 f   sfc_debug:sfcdebug.obj
 0001:001001d0       cv_script_cvId             00000001801011d0 f   sfc_debug:sfcdebug.obj
 0001:00100f30       sfc_api_chart_visible      0000000180101f30 f   sfc_debug:sfc_api.obj
 0001:00100fb0       sfc_api_active_instance    0000000180101fb0 f   sfc_debug:sfc_api.obj
 0001:00101030       sfc_api_machine_load       0000000180102030 f   sfc_debug:sfc_api.obj
 0001:00101100       sfc_api_debugger_alive     0000000180102100 f   sfc_debug:sfc_api.obj
 0001:00101110       sfc_api_go                 0000000180102110 f   sfc_debug:sfc_api.obj
 0001:00101120       sfc_api_step_over          0000000180102120 f   sfc_debug:sfc_api.obj
 0001:00101130       sfc_api_step_out           0000000180102130 f   sfc_debug:sfc_api.obj
 0001:00101140       sfc_api_resume             0000000180102140 f   sfc_debug:sfc_api.obj
 0001:00101150       sfc_api_break              0000000180102150 f   sfc_debug:sfc_api.obj
 0001:00101160       sfc_api_stop_debugging     0000000180102160 f   sfc_debug:sfc_api.obj
 0001:001011b0       sfc_api_is_cycle_detected  00000001801021b0 f   sfc_debug:sfc_api.obj
 0001:00101200       sfc_api_is_array_bounds_detected 0000000180102200 f   sfc_debug:sfc_api.obj
 0001:00101250       sfc_api_set_disable_all_breakpoints 0000000180102250 f   sfc_debug:sfc_api.obj
 0001:001012c0       sfc_api_disable_all_breakpoints_and_go 00000001801022c0 f   sfc_debug:sfc_api.obj
 0001:001012d0       sfc_api_close              00000001801022d0 f   sfc_debug:sfc_api.obj
 0001:001012e0       sfc_api_browse_data        00000001801022e0 f   sfc_debug:sfc_api.obj
 0001:00101350       sfc_api_watch_data         0000000180102350 f   sfc_debug:sfc_api.obj
 0001:00101450       sfc_api_extract_message_post_receive_info 0000000180102450 f   sfc_debug:sfc_api.obj
 0001:00101470       sfc_api_assign_data        0000000180102470 f   sfc_debug:sfc_api.obj
 0001:00101510       sfc_api_whos               0000000180102510 f   sfc_debug:sfc_api.obj
 0001:001015a0       sfc_api_get_consistency_info 00000001801025a0 f   sfc_debug:sfc_api.obj
 0001:001015b0       sfc_api_browse_trace       00000001801025b0 f   sfc_debug:sfc_api.obj
 0001:001015c0       sfc_api_break_on_chart_entry 00000001801025c0 f   sfc_debug:sfc_api.obj
 0001:001015e0       sfc_api_break_on_event_broadcast 00000001801025e0 f   sfc_debug:sfc_api.obj
 0001:00101600       sfc_api_break_on_state_entry 0000000180102600 f   sfc_debug:sfc_api.obj
 0001:00101620       sfc_api_set_watch          0000000180102620 f   sfc_debug:sfc_api.obj
 0001:001016c0       sfc_api_set_breakpoints    00000001801026c0 f   sfc_debug:sfc_api.obj
 0001:00101760       sfc_api_set_eml_breakpoints 0000000180102760 f   sfc_debug:sfc_api.obj
 0001:001017e0       sfc_api_set_script_breakpoints 00000001801027e0 f   sfc_debug:sfc_api.obj
 0001:00101830       sfc_api_add_script_breakpoints 0000000180102830 f   sfc_debug:sfc_api.obj
 0001:00101880       sfc_api_clear_script_breakpoints 0000000180102880 f   sfc_debug:sfc_api.obj
 0001:001018d0       sfc_api_query_script_breakpoints 00000001801028d0 f   sfc_debug:sfc_api.obj
 0001:00101930       sfc_api_get_script_id      0000000180102930 f   sfc_debug:sfc_api.obj
 0001:001019f0       sfc_api_get_active_states  00000001801029f0 f   sfc_debug:sfc_api.obj
 0001:00101a70       sfc_api_break_between_times 0000000180102a70 f   sfc_debug:sfc_api.obj
 0001:00101ad0       sfc_api_get_instance_handle 0000000180102ad0 f   sfc_debug:sfc_api.obj
 0001:00101b80       sfc_api_set_animation      0000000180102b80 f   sfc_debug:sfc_api.obj
 0001:00101bd0       sfc_api_select_chart       0000000180102bd0 f   sfc_debug:sfc_api.obj
 0001:00101c30       sfc_api_select_charts      0000000180102c30 f   sfc_debug:sfc_api.obj
 0001:00101c60       sfc_api_cycle_detection_check 0000000180102c60 f   sfc_debug:sfc_api.obj
 0001:00101cb0       sfc_api_data_range_check   0000000180102cb0 f   sfc_debug:sfc_api.obj
 0001:00101d00       sfc_api_transition_conflict_check 0000000180102d00 f   sfc_debug:sfc_api.obj
 0001:00101d50       sfc_api_state_consistency_check 0000000180102d50 f   sfc_debug:sfc_api.obj
 0001:00101da0       sfc_api_set_instance_cv_ids 0000000180102da0 f   sfc_debug:sfc_api.obj
 0001:00101eb0       sfc_api_set_script_cv_ids  0000000180102eb0 f   sfc_debug:sfc_api.obj
 0001:00101f60       sfc_api_get_current_machine_id 0000000180102f60 f   sfc_debug:sfc_api.obj
 0001:00101f90       sfc_api_get_current_machine_number 0000000180102f90 f   sfc_debug:sfc_api.obj
 0001:00101fc0       sfc_api_get_current_chart_number 0000000180102fc0 f   sfc_debug:sfc_api.obj
 0001:00101ff0       sfc_api_get_current_instance_number 0000000180102ff0 f   sfc_debug:sfc_api.obj
 0001:00102020       sfc_api_get_current_instance_handle 0000000180103020 f   sfc_debug:sfc_api.obj
 0001:00102040       sfc_api_get_current_is_minor_time_step 0000000180103040 f   sfc_debug:sfc_api.obj
 0001:00102070       sfc_api_get_current_machine_name 0000000180103070 f   sfc_debug:sfc_api.obj
 0001:00102090       sfc_api_get_current_chart_id 0000000180103090 f   sfc_debug:sfc_api.obj
 0001:001020c0       sfc_api_get_current_object_type 00000001801030c0 f   sfc_debug:sfc_api.obj
 0001:001020f0       sfc_api_get_current_event_type 00000001801030f0 f   sfc_debug:sfc_api.obj
 0001:00102120       sfc_api_get_current_object_id 0000000180103120 f   sfc_debug:sfc_api.obj
 0001:00102150       sfc_get_current_active_event_type 0000000180103150 f   sfc_debug:sfc_api.obj
 0001:00102180       sfc_api_get_current_active_event_id 0000000180103180 f   sfc_debug:sfc_api.obj
 0001:001021b0       sfc_api_get_current_simulation_time 00000001801031b0 f   sfc_debug:sfc_api.obj
 0001:001021d0       sfc_get_current_tag_type   00000001801031d0 f   sfc_debug:sfc_api.obj
 0001:00102200       sfc_get_current_coverage_percentage 0000000180103200 f   sfc_debug:sfc_api.obj
 0001:00102220       sfc_get_current_statement_context 0000000180103220 f   sfc_debug:sfc_api.obj
 0001:00102240       sfc_get_current_optional_integer 0000000180103240 f   sfc_debug:sfc_api.obj
 0001:00102270       sfc_get_current_statement_info 0000000180103270 f   sfc_debug:sfc_api.obj
 0001:00102310       sfc_api_get                0000000180103310 f   sfc_debug:sfc_api.obj
 0001:00102f80       sf_debug_sm_fill_state_activity_data 0000000180103f80 f   sfc_debug:sfdb_animation.obj
 0001:00105880       void_ptr_stack_vector_free_total 0000000180106880 f   sfc_debug:sfdb_data_browse.obj
 0001:00105910       sf_debug_st_terminate_machine 0000000180106910 f   sfc_debug:sfdb_data_browse.obj
 0001:00105950       sf_debug_st_terminate_instance 0000000180106950 f   sfc_debug:sfdb_data_browse.obj
 0001:00105d00       push_on_to_void_ptr_stack  0000000180106d00 f   sfc_debug:sfdb_data_browse.obj
 0001:00105e90       pop_from_void_ptr_stack    0000000180106e90 f   sfc_debug:sfdb_data_browse.obj
 0001:00105fc0       sf_debug_st_get_data_value 0000000180106fc0 f   sfc_debug:sfdb_data_browse.obj
 0001:00106550       mx_value                   0000000180107550 f   sfc_debug:sfdb_data_browse.obj
 0001:00106590       sf_debug_st_fill_data_struct 0000000180107590 f   sfc_debug:sfdb_data_browse.obj
 0001:001068d0       data_type_format_strings   00000001801078d0 f   sfc_debug:sfdb_data_browse.obj
 0001:00106980       sf_debug_st_fill_data      0000000180107980 f   sfc_debug:sfdb_data_browse.obj
 0001:001076d0       sf_debug_hm_get_simulink_handle 00000001801086d0 f   sfc_debug:sfdb_handle_management.obj
 0001:001081d0       sf_debug_hm_initialize_globals 00000001801091d0 f   sfc_debug:sfdb_handle_management.obj
 0001:001082d0       sf_debug_hm_get_machine_debug_flag 00000001801092d0 f   sfc_debug:sfdb_handle_management.obj
 0001:00108440       sf_debug_hm_get_machine_id 0000000180109440 f   sfc_debug:sfdb_handle_management.obj
 0001:00108560       sf_debug_hm_get_chart_id   0000000180109560 f   sfc_debug:sfdb_handle_management.obj
 0001:00108700       sf_debug_hm_register_executing_SFunction 0000000180109700 f   sfc_debug:sfdb_handle_management.obj
 0001:00108a90       sf_debug_hm_form_object_boolean_properties 0000000180109a90 f   sfc_debug:sfdb_handle_management.obj
 0001:00108d60       sf_debug_hm_form_object_properties 0000000180109d60 f   sfc_debug:sfdb_handle_management.obj
 0001:00108fa0       sf_debug_hm_terminate_charts 0000000180109fa0 f   sfc_debug:sfdb_handle_management.obj
 0001:00109700       sf_debug_hm_terminate_machines 000000018010a700 f   sfc_debug:sfdb_handle_management.obj
 0001:0010b300       sf_debug_ss_copy_dimension 000000018010c300 f   sfc_debug:sfdb_symbol_scope.obj
 0001:0010b3c0       sf_debug_ss_get_number_elements 000000018010c3c0 f   sfc_debug:sfdb_symbol_scope.obj
 0001:0010b3e0       sf_debug_ss_fill_data_struct 000000018010c3e0 f   sfc_debug:sfdb_symbol_scope.obj
 0001:0010b730       sf_debug_ss_reset_data_info 000000018010c730 f   sfc_debug:sfdb_symbol_scope.obj
 0001:0010b790       sf_debug_fill_data_info_by_symbol_scope_entry 000000018010c790 f   sfc_debug:sfdb_symbol_scope.obj
 0001:0010b850       sf_debug_fill_data_info_by_data_vector 000000018010c850 f   sfc_debug:sfdb_symbol_scope.obj
 0001:0010baa0       get_data_info_helper       000000018010caa0 f   sfc_debug:sfdb_symbol_scope.obj
 0001:0010bba0       sf_debug_ss_get_data_info  000000018010cba0 f   sfc_debug:sfdb_symbol_scope.obj
 0001:0010bdd0       sf_debug_select_mex_function 000000018010cdd0 f   sfc_debug:sfdb_symbol_scope.obj
 0001:0010be00       sf_debug_is_dyn_matrix_initialized 000000018010ce00 f   sfc_debug:sfdb_symbol_scope.obj
 0001:0010be20       sf_debug_ss_set_data_value_try 000000018010ce20 f   sfc_debug:sfdb_symbol_scope.obj
 0001:0010bff0       sf_debug_ss_get_data_value 000000018010cff0 f   sfc_debug:sfdb_symbol_scope.obj
 0001:0010c760       sf_debug_ss_data_bytes_string 000000018010d760 f   sfc_debug:sfdb_symbol_scope.obj
 0001:0010c810       sf_debug_ss_data_class_string 000000018010d810 f   sfc_debug:sfdb_symbol_scope.obj
 0001:0010cba0       sf_debug_ss_data_size_string 000000018010dba0 f   sfc_debug:sfdb_symbol_scope.obj
 0001:0010cc80       sf_debug_ss_data_create_data_info_struct 000000018010dc80 f   sfc_debug:sfdb_symbol_scope.obj
 0001:0010cf50       sf_debug_ss_data_create_name_value_pair 000000018010df50 f   sfc_debug:sfdb_symbol_scope.obj
 0001:0010cff0       sf_debug_ss_data_get_whos_info 000000018010dff0 f   sfc_debug:sfdb_symbol_scope.obj
 0001:0010d000       same_named_data_in_data_array 000000018010e000 f   sfc_debug:sfdb_symbol_scope.obj
 0001:0010e890       sf_debug_cc_terminate_chart 000000018010f890 f   sfc_debug:sfdb_coverage.obj
 0001:0010ec30       sf_debug_cc_terminate_instance 000000018010fc30 f   sfc_debug:sfdb_coverage.obj
 0001:0010f820       sf_debug_cc_mark_object_if_needed 0000000180110820 f   sfc_debug:sfdb_coverage.obj
 0001:00110120       sf_debug_bm_initialize_eml 0000000180111120 f   sfc_debug:sfdb_breakpoints.obj
 0001:00111260       sf_debug_bm_map_debug_tag_to_breakpoint_tag 0000000180112260 f   sfc_debug:sfdb_breakpoints.obj
 0001:00111340       sf_debug_bm_is_a_eml_breakpoint_impl 0000000180112340 f   sfc_debug:sfdb_breakpoints.obj
 0001:00112e80       sf_debug_sc_push_on_error_stack 0000000180113e80 f   sfc_debug:sfdb_state_consistency.obj
 0001:00112fb0       sf_debug_sc_reset_error_stack 0000000180113fb0 f   sfc_debug:sfdb_state_consistency.obj
 0001:00113140       sf_debug_sc_is_state_inconsistent 0000000180114140 f   sfc_debug:sfdb_state_consistency.obj
 0001:00113440       sf_debug_sc_fill_consistency_info 0000000180114440 f   sfc_debug:sfdb_state_consistency.obj
 0001:00113a20       void_assertion_fcn         0000000180114a20 f   sfc_debug:sfdb_call_stack.obj
 0001:00113fa0       sf_debug_tm_fill_local_trace 0000000180114fa0 f   sfc_debug:sfdb_call_stack.obj
 0001:00114570       sf_debug_cd_terminate_instance 0000000180115570 f   sfc_debug:sfdb_cycle_detection.obj
 0001:001145d0       sf_debug_cd_free_checksum_stack 00000001801155d0 f   sfc_debug:sfdb_cycle_detection.obj
 0001:00114620       sf_debug_cd_reset_pack_strings 0000000180115620 f   sfc_debug:sfdb_cycle_detection.obj
 0001:00114ce0       md5file_clear              0000000180115ce0 f   sfc_debug:ckmd5.obj
 0001:00114d10       Encode                     0000000180115d10 f   sfc_debug:ckmd5.obj
 0001:00114d60       Decode                     0000000180115d60 f   sfc_debug:ckmd5.obj
 0001:00114e00       MD5Transform               0000000180115e00 f   sfc_debug:ckmd5.obj
 0001:00115650       md5file_addn               0000000180116650 f   sfc_debug:ckmd5.obj
 0001:00115720       md5file_hash               0000000180116720 f   sfc_debug:ckmd5.obj
 0001:00115c78       pre_c_init                 0000000180116c78 f   MSVCRT:crtdll.obj
 0001:00115f34       __DllMainCRTStartup        0000000180116f34 f   MSVCRT:crtdll.obj
 0001:001165d0       __DllMainCRTStartup$filt$0 00000001801175d0 f   MSVCRT:crtdll.obj
 0001:00116600       __DllMainCRTStartup$fin$1  0000000180117600 f   MSVCRT:crtdll.obj
 0001:0011661a       _onexit$fin$0              000000018011761a f   MSVCRT:atonexit.obj
 0001:00116640       _IsNonwritableInCurrentImage$filt$0 0000000180117640 f   MSVCRT:pesect.obj
