 subwaycontrolsystem_sfun

 Timestamp is 51e0da76 (Sat Jul 13 12:41:26 2013)

 Preferred load address is 0000000180000000

 Start         Length     Name                   Class
 0001:00000000 00115f24H .text                   CODE
 0001:00115f30 00000092H .text$x                 CODE
 0002:00000000 000004b0H .idata$5                DATA
 0002:000004b0 00000008H .CRT$XCA                DATA
 0002:000004b8 00000008H .CRT$XCZ                DATA
 0002:000004c0 00000008H .CRT$XIA                DATA
 0002:000004c8 00000008H .CRT$XIAA               DATA
 0002:000004d0 00000008H .CRT$XIZ                DATA
 0002:000004e0 00004bccH .rdata                  DATA
 0002:000050b0 00000008H .rtc$IAA                DATA
 0002:000050b8 00000008H .rtc$IZZ                DATA
 0002:000050c0 00000008H .rtc$TAA                DATA
 0002:000050c8 00000008H .rtc$TZZ                DATA
 0002:000050d0 0000430cH .xdata                  DATA
 0002:000093dc 000000a0H .idata$2                DATA
 0002:0000947c 00000014H .idata$3                DATA
 0002:00009490 000004b0H .idata$4                DATA
 0002:00009940 00000af0H .idata$6                DATA
 0002:0000a430 0000005eH .edata                  DATA
 0003:00000000 000061a8H .data                   DATA
 0003:000061c0 00002958H .bss                    DATA
 0004:00000000 00003480H .pdata                  DATA

  Address         Publics by Value              Rva+Base               Lib:Object

 0000:00000000       ___safe_se_handler_table   0000000000000000     <absolute>
 0000:00000000       ___safe_se_handler_count   0000000000000000     <absolute>
 0000:00000000       __ImageBase                0000000180000000     <linker-defined>
 0001:00000000       sf_c1_subwaycontrolsystem_get_eml_resolved_functions_info 0000000180001000 f   c1_subwaycontrolsystem.obj
 0001:000006a0       sf_c1_subwaycontrolsystem_get_check_sum 00000001800016a0 f   c1_subwaycontrolsystem.obj
 0001:00000720       sf_c1_subwaycontrolsystem_get_autoinheritance_info 0000000180001720 f   c1_subwaycontrolsystem.obj
 0001:00000f20       sf_internal_get_sim_state_c1_subwaycontrolsystem 0000000180001f20 f   c1_subwaycontrolsystem.obj
 0001:00003670       sf_internal_set_sim_state_c1_subwaycontrolsystem 0000000180004670 f   c1_subwaycontrolsystem.obj
 0001:000111a0       c1_subwaycontrolsystem_method_dispatcher 00000001800121a0 f   c1_subwaycontrolsystem.obj
 0001:000e04e0       sf_c2_subwaycontrolsystem_get_eml_resolved_functions_info 00000001800e14e0 f   c2_subwaycontrolsystem.obj
 0001:000e0560       sf_c2_subwaycontrolsystem_get_check_sum 00000001800e1560 f   c2_subwaycontrolsystem.obj
 0001:000e05e0       sf_c2_subwaycontrolsystem_get_autoinheritance_info 00000001800e15e0 f   c2_subwaycontrolsystem.obj
 0001:000e0a00       sf_internal_get_sim_state_c2_subwaycontrolsystem 00000001800e1a00 f   c2_subwaycontrolsystem.obj
 0001:000e0dc0       sf_internal_set_sim_state_c2_subwaycontrolsystem 00000001800e1dc0 f   c2_subwaycontrolsystem.obj
 0001:000e12a0       c2_subwaycontrolsystem_method_dispatcher 00000001800e22a0 f   c2_subwaycontrolsystem.obj
 0001:000e3880       sf_process_check_sum_call  00000001800e4880 f   subwaycontrolsystem_sfun_registry.obj
 0001:000e38d0       sf_process_autoinheritance_call 00000001800e48d0 f   subwaycontrolsystem_sfun_registry.obj
 0001:000e3a70       sf_process_get_eml_resolved_functions_info_call 00000001800e4a70 f   subwaycontrolsystem_sfun_registry.obj
 0001:000e3bf0       sf_mex_unlock_call         00000001800e4bf0 f   subwaycontrolsystem_sfun_registry.obj
 0001:000e3ca0       sf_machine_global_initializer_called 00000001800e4ca0 f   subwaycontrolsystem_sfun_registry.obj
 0001:000e3cd0       sf_machine_global_method_dispatcher 00000001800e4cd0 f   subwaycontrolsystem_sfun_registry.obj
 0001:000e3d30       sf_machine_global_terminator 00000001800e4d30 f   subwaycontrolsystem_sfun_registry.obj
 0001:000e3d70       sf_register_machine_exported_symbols 00000001800e4d70 f   subwaycontrolsystem_sfun_registry.obj
 0001:000e3d90       callCustomFcn              00000001800e4d90 f   subwaycontrolsystem_sfun_registry.obj
 0001:000e3da0       sf_machine_global_initializer 00000001800e4da0 f   subwaycontrolsystem_sfun_registry.obj
 0001:000e3e10       _ssSetStateAbsTol          00000001800e4e10 f   subwaycontrolsystem_sfun_registry.obj
 0001:000e3ef0       _ssGetAbsTol               00000001800e4ef0 f   subwaycontrolsystem_sfun_registry.obj
 0001:000e3f60       _ssSetInputPortMatrixDimensions 00000001800e4f60 f   subwaycontrolsystem_sfun_registry.obj
 0001:000e4070       _ssSetOutputPortMatrixDimensions 00000001800e5070 f   subwaycontrolsystem_sfun_registry.obj
 0001:000e4180       _ssSetInputPortVectorDimension 00000001800e5180 f   subwaycontrolsystem_sfun_registry.obj
 0001:000e4250       _ssSetOutputPortVectorDimension 00000001800e5250 f   subwaycontrolsystem_sfun_registry.obj
 0001:000e4320       ssIsRunTimeParamTunable    00000001800e5320 f   subwaycontrolsystem_sfun_registry.obj
 0001:000e4390       ssGetSFuncBlockHandle      00000001800e5390 f   subwaycontrolsystem_sfun_registry.obj
 0001:000e4400       _ssGetCurrentInputPortWidth 00000001800e5400 f   subwaycontrolsystem_sfun_registry.obj
 0001:000e4520       _ssGetCurrentOutputPortWidth 00000001800e5520 f   subwaycontrolsystem_sfun_registry.obj
 0001:000e4640       _ssGetCallSystemNumFcnCallDestinations 00000001800e5640 f   subwaycontrolsystem_sfun_registry.obj
 0001:000e46b0       ssWarning                  00000001800e56b0 f   subwaycontrolsystem_sfun_registry.obj
 0001:000e47c0       ssGetIsZeroCrossControlDisabled 00000001800e57c0 f   subwaycontrolsystem_sfun_registry.obj
 0001:000e4830       ssSetIsInputPortUsedForContZcSignal 00000001800e5830 f   subwaycontrolsystem_sfun_registry.obj
 0001:000e48a0       ssSetZcSignalIsZcElementDisc 00000001800e58a0 f   subwaycontrolsystem_sfun_registry.obj
 0001:000e4950       ssSetZcSignalName          00000001800e5950 f   subwaycontrolsystem_sfun_registry.obj
 0001:000e49c0       ssSetZcSignalWidth         00000001800e59c0 f   subwaycontrolsystem_sfun_registry.obj
 0001:000e4a30       ssSetZcSignalZcEventType   00000001800e5a30 f   subwaycontrolsystem_sfun_registry.obj
 0001:000e4aa0       ssSetZcSignalType          00000001800e5aa0 f   subwaycontrolsystem_sfun_registry.obj
 0001:000e4b10       ssSetZcSignalZcTol         00000001800e5b10 f   subwaycontrolsystem_sfun_registry.obj
 0001:000e4b80       ssSetZcSignalNeedsEventNotification 00000001800e5b80 f   subwaycontrolsystem_sfun_registry.obj
 0001:000e4bf0       ssCreateAndAddZcSignalInfo 00000001800e5bf0 f   subwaycontrolsystem_sfun_registry.obj
 0001:000e4c60       ssCloneAndAddZcSignalInfo  00000001800e5c60 f   subwaycontrolsystem_sfun_registry.obj
 0001:000e4cd0       ssGetNumZcSignals          00000001800e5cd0 f   subwaycontrolsystem_sfun_registry.obj
 0001:000e4d40       ssGetZcSignalVector        00000001800e5d40 f   subwaycontrolsystem_sfun_registry.obj
 0001:000e4db0       ssGetZcSignalZcEvents      00000001800e5db0 f   subwaycontrolsystem_sfun_registry.obj
 0001:000e4e20       ssGetZcSignalName          00000001800e5e20 f   subwaycontrolsystem_sfun_registry.obj
 0001:000e4e90       ssGetZcSignalWidth         00000001800e5e90 f   subwaycontrolsystem_sfun_registry.obj
 0001:000e4f00       ssGetZcSignalZcEventType   00000001800e5f00 f   subwaycontrolsystem_sfun_registry.obj
 0001:000e4f70       ssGetZcSignalType          00000001800e5f70 f   subwaycontrolsystem_sfun_registry.obj
 0001:000e4fe0       ssGetZcSignalZcTol         00000001800e5fe0 f   subwaycontrolsystem_sfun_registry.obj
 0001:000e5060       ssGetZcSignalNeedsEventNotification 00000001800e6060 f   subwaycontrolsystem_sfun_registry.obj
 0001:000e50d0       ssGetZcSignalIsZcElementDisc 00000001800e60d0 f   subwaycontrolsystem_sfun_registry.obj
 0001:000e5170       ssGetIsInputPortElementContinuous 00000001800e6170 f   subwaycontrolsystem_sfun_registry.obj
 0001:000e5210       _ssGetInputPortSignalPtrsFcn 00000001800e6210 f   subwaycontrolsystem_sfun_registry.obj
 0001:000e54d0       _ssGetInputPortSignalFcn   00000001800e64d0 f   subwaycontrolsystem_sfun_registry.obj
 0001:000e56f0       _ssSetInputPortDirectFeedThroughFcn 00000001800e66f0 f   subwaycontrolsystem_sfun_registry.obj
 0001:000e5850       _ssSetInputPortReusableFcn 00000001800e6850 f   subwaycontrolsystem_sfun_registry.obj
 0001:000e5940       _ssSetOutputPortReusableFcn 00000001800e6940 f   subwaycontrolsystem_sfun_registry.obj
 0001:000e5a20       ssGetDTypeIdFromMxArray    00000001800e6a20 f   subwaycontrolsystem_sfun_registry.obj
 0001:000e5b40       ssWriteRTWStr              00000001800e6b40 f   subwaycontrolsystem_sfun_registry.obj
 0001:000e5ba0       ssWriteRTWMxVectParam      00000001800e6ba0 f   subwaycontrolsystem_sfun_registry.obj
 0001:000e5c00       ssWriteRTWMx2dMatParam     00000001800e6c00 f   subwaycontrolsystem_sfun_registry.obj
 0001:000e5c80       ssWriteRTWNameValuePair    00000001800e6c80 f   subwaycontrolsystem_sfun_registry.obj
 0001:000e6170       ssWriteRTWParameters       00000001800e7170 f   subwaycontrolsystem_sfun_registry.obj
 0001:000e6770       ssWriteRTWParamSettings    00000001800e7770 f   subwaycontrolsystem_sfun_registry.obj
 0001:000e6e40       ssWriteRTWWorkVect         00000001800e7e40 f   subwaycontrolsystem_sfun_registry.obj
 0001:000e7340       mexFunction                00000001800e8340 f   subwaycontrolsystem_sfun_registry.obj
 0001:000e9000       ProcessMexSfunctionEveryCall 00000001800ea000 f   subwaycontrolsystem_sfun_registry.obj
 0001:000e9170       subwaycontrolsystem_initializer 00000001800ea170 f   subwaycontrolsystem_sfun.obj
 0001:000e9180       subwaycontrolsystem_terminator 00000001800ea180 f   subwaycontrolsystem_sfun.obj
 0001:000e9190       sf_subwaycontrolsystem_method_dispatcher 00000001800ea190 f   subwaycontrolsystem_sfun.obj
 0001:000e9200       sf_subwaycontrolsystem_process_check_sum_call 00000001800ea200 f   subwaycontrolsystem_sfun.obj
 0001:000e9620       sf_subwaycontrolsystem_autoinheritance_info 00000001800ea620 f   subwaycontrolsystem_sfun.obj
 0001:000e97e0       sf_subwaycontrolsystem_get_eml_resolved_functions_info 00000001800ea7e0 f   subwaycontrolsystem_sfun.obj
 0001:000e9950       subwaycontrolsystem_debug_initialize 00000001800ea950 f   subwaycontrolsystem_sfun.obj
 0001:000e99c0       subwaycontrolsystem_register_exported_symbols 00000001800ea9c0 f   subwaycontrolsystem_sfun.obj
 0001:000e99d0       load_subwaycontrolsystem_optimization_info 00000001800ea9d0 f   subwaycontrolsystem_sfun.obj
 0001:000e9a20       unload_subwaycontrolsystem_optimization_info 00000001800eaa20 f   subwaycontrolsystem_sfun.obj
 0001:000e9b40       sf_mex_mx_is_numeric       00000001800eab40 f   sfc_mex:sfc_mex.obj
 0001:000e9b80       strcmp_ignore_ws           00000001800eab80 f   sfc_mex:sfc_mex.obj
 0001:000e9cc0       sf_mex_duplicatearraysafe  00000001800eacc0 f   sfc_mex:sfc_mex.obj
 0001:000e9e20       sf_set_error_debugger_context_message_fcn 00000001800eae20 f   sfc_mex:sfc_mex.obj
 0001:000e9e30       sf_set_debugger_matlab_error_fcn 00000001800eae30 f   sfc_mex:sfc_mex.obj
 0001:000e9e60       sf_set_error_prefix_string 00000001800eae60 f   sfc_mex:sfc_mex.obj
 0001:000e9e90       sf_get_error_prefix_string 00000001800eae90 f   sfc_mex:sfc_mex.obj
 0001:000e9ea0       sf_mex_enter_parallel_region 00000001800eaea0 f   sfc_mex:sfc_mex.obj
 0001:000e9eb0       sf_mex_exit_parallel_region 00000001800eaeb0 f   sfc_mex:sfc_mex.obj
 0001:000e9ec0       sf_get_current_jmp_buf_ptr 00000001800eaec0 f   sfc_mex:sfc_mex.obj
 0001:000e9ed0       sf_set_current_jmp_buf_ptr 00000001800eaed0 f   sfc_mex:sfc_mex.obj
 0001:000e9ee0       sf_mex_set_halt_simulation 00000001800eaee0 f   sfc_mex:sfc_mex.obj
 0001:000e9ef0       sf_mex_get_halt_simulation 00000001800eaef0 f   sfc_mex:sfc_mex.obj
 0001:000e9f00       sf_mex_clear_error_message 00000001800eaf00 f   sfc_mex:sfc_mex.obj
 0001:000e9f20       sf_mex_get_error_message_for_read 00000001800eaf20 f   sfc_mex:sfc_mex.obj
 0001:000e9f30       sf_mex_get_error_message_buffer_length 00000001800eaf30 f   sfc_mex:sfc_mex.obj
 0001:000ea010       sf_mex_warning_message     00000001800eb010 f   sfc_mex:sfc_mex.obj
 0001:000ea080       sf_mex_v_errbuf_createf    00000001800eb080 f   sfc_mex:sfc_mex.obj
 0001:000ea090       sf_mex_errbuf_createf      00000001800eb090 f   sfc_mex:sfc_mex.obj
 0001:000ea0c0       sf_mex_v_errbuf_catf       00000001800eb0c0 f   sfc_mex:sfc_mex.obj
 0001:000ea100       sf_mex_errbuf_catf         00000001800eb100 f   sfc_mex:sfc_mex.obj
 0001:000ea150       sf_mex_errbuf_copy         00000001800eb150 f   sfc_mex:sfc_mex.obj
 0001:000ea160       sf_mex_errbuf_clear        00000001800eb160 f   sfc_mex:sfc_mex.obj
 0001:000ea170       sf_mex_errbuf_isempty      00000001800eb170 f   sfc_mex:sfc_mex.obj
 0001:000ea280       sf_mex_set_error_status    00000001800eb280 f   sfc_mex:sfc_mex.obj
 0001:000ea2d0       sf_mex_error_direct_call   00000001800eb2d0 f   sfc_mex:sfc_mex.obj
 0001:000ea2f0       sf_mex_error_message_no_long_jump 00000001800eb2f0 f   sfc_mex:sfc_mex.obj
 0001:000ea310       sf_mex_long_jump_on_error  00000001800eb310 f   sfc_mex:sfc_mex.obj
 0001:000ea340       sf_mex_call_matlab         00000001800eb340 f   sfc_mex:sfc_mex.obj
 0001:000ea460       sf_mex_check_builtin       00000001800eb460 f   sfc_mex:sfc_mex.obj
 0001:000ea500       sf_mex_check_builtin_vs    00000001800eb500 f   sfc_mex:sfc_mex.obj
 0001:000ea5c0       sf_mex_check_enum          00000001800eb5c0 f   sfc_mex:sfc_mex.obj
 0001:000ea640       sf_mex_create_enum         00000001800eb640 f   sfc_mex:sfc_mex.obj
 0001:000ea6b0       sf_mex_get_enum_element    00000001800eb6b0 f   sfc_mex:sfc_mex.obj
 0001:000ea6c0       sf_mex_createcellarray     00000001800eb6c0 f   sfc_mex:sfc_mex.obj
 0001:000ea6d0       sf_mex_setcell             00000001800eb6d0 f   sfc_mex:sfc_mex.obj
 0001:000ea6e0       sf_mex_getcell             00000001800eb6e0 f   sfc_mex:sfc_mex.obj
 0001:000ea6f0       sf_mex_dup                 00000001800eb6f0 f   sfc_mex:sfc_mex.obj
 0001:000ea710       sf_mex_assign              00000001800eb710 f   sfc_mex:sfc_mex.obj
 0001:000ea790       sf_mex_destroy             00000001800eb790 f   sfc_mex:sfc_mex.obj
 0001:000ea7c0       mx_array_has_fi_type       00000001800eb7c0 f   sfc_mex:sfc_mex.obj
 0001:000ea7f0       sf_mex_convert_from_fi     00000001800eb7f0 f   sfc_mex:sfc_mex.obj
 0001:000ea920       sf_mex_convert_to_double   00000001800eb920 f   sfc_mex:sfc_mex.obj
 0001:000eaa40       sf_mex_import_fi_vs        00000001800eba40 f   sfc_mex:sfc_mex.obj
 0001:000eac00       sf_matrix_matrix_index_ok  00000001800ebc00 f   sfc_mex:sfc_mex.obj
 0001:000eac90       sf_vector_vector_index_ok  00000001800ebc90 f   sfc_mex:sfc_mex.obj
 0001:000eacc0       ssGetCurrentInputPortDimensions_wrapper 00000001800ebcc0 f   sfc_mex:sfc_mex.obj
 0001:000eace0       ssGetCurrentOutputPortDimensions_wrapper 00000001800ebce0 f   sfc_mex:sfc_mex.obj
 0001:000ead00       sf_mex_emlrt_context_is_debug_mode 00000001800ebd00 f   sfc_mex:sfc_mex.obj
 0001:000ead10       sf_mex_emlrt_context_set_debug_mode 00000001800ebd10 f   sfc_mex:sfc_mex.obj
 0001:000ead20       sf_mex_emlrtNameCapturePostProcessR2012a 00000001800ebd20 f   sfc_mex:sfc_mex.obj
 0001:000ead90       sf_clear_error_manager_info 00000001800ebd90 f   sfc_mex:sfc_mex.obj
 0001:000eadf0       sf_mex_stop_simulation_abruptly_wo_error 00000001800ebdf0 f   sfc_mex:sfc_mex.obj
 0001:000eae30       sf_mex_error_message       00000001800ebe30 f   sfc_mex:sfc_mex.obj
 0001:000eae90       sf_react_to_error_in_matlab_call 00000001800ebe90 f   sfc_mex:sfc_mex.obj
 0001:000eaec0       sf_mex_addfield            00000001800ebec0 f   sfc_mex:sfc_mex.obj
 0001:000eaf60       sf_mex_getfield            00000001800ebf60 f   sfc_mex:sfc_mex.obj
 0001:000eb260       sf_mex_check_class         00000001800ec260 f   sfc_mex:sfc_mex.obj
 0001:000eb300       sf_mex_is_real             00000001800ec300 f   sfc_mex:sfc_mex.obj
 0001:000eb770       sf_mex_decode_encoded_mx_struct_array 00000001800ec770 f   sfc_mex:sfc_mex.obj
 0001:000eba50       sf_mex_lw_bounds_check     00000001800eca50 f   sfc_mex:sfc_mex.obj
 0001:000eba80       sf_mex_lw_size_eq_check_1d 00000001800eca80 f   sfc_mex:sfc_mex.obj
 0001:000ebaa0       sf_mex_lw_size_eq_check_nd 00000001800ecaa0 f   sfc_mex:sfc_mex.obj
 0001:000ebc80       sf_mex_lw_dim_size_eq_check 00000001800ecc80 f   sfc_mex:sfc_mex.obj
 0001:000ebcb0       sf_mex_lw_dim_size_geq_check 00000001800eccb0 f   sfc_mex:sfc_mex.obj
 0001:000ebce0       sf_mex_lw_sub_assign_size_check_nd 00000001800ecce0 f   sfc_mex:sfc_mex.obj
 0001:000ebf10       sf_mex_lw_runtime_error_msgid 00000001800ecf10 f   sfc_mex:sfc_mex.obj
 0001:000ec000       sf_mex_lw_matrix_matrix_index_check 00000001800ed000 f   sfc_mex:sfc_mex.obj
 0001:000ec020       sf_mex_lw_vector_vector_index_check 00000001800ed020 f   sfc_mex:sfc_mex.obj
 0001:000ec060       sf_mex_lw_for_loop_vector_check 00000001800ed060 f   sfc_mex:sfc_mex.obj
 0001:000ec0f0       sf_mex_lw_non_negative_check 00000001800ed0f0 f   sfc_mex:sfc_mex.obj
 0001:000ec130       sf_mex_overflow_error      00000001800ed130 f   sfc_mex:sfc_mex.obj
 0001:000ec140       sf_mex_dividebyzero_error  00000001800ed140 f   sfc_mex:sfc_mex.obj
 0001:000ec150       sf_mex_unsafe_enum_error   00000001800ed150 f   sfc_mex:sfc_mex.obj
 0001:000ec160       sf_emlrtErrHandler         00000001800ed160 f   sfc_mex:sfc_mex.obj
 0001:000ec240       sf_mex_size_one_check      00000001800ed240 f   sfc_mex:sfc_mex.obj
 0001:000ec260       sf_mex_printf              00000001800ed260 f   sfc_mex:sfc_mex.obj
 0001:000ec430       sf_mex_check_size          00000001800ed430 f   sfc_mex:sfc_mex.obj
 0001:000ec700       sf_mex_check_struct        00000001800ed700 f   sfc_mex:sfc_mex.obj
 0001:000ec960       sf_mex_check_struct_vs     00000001800ed960 f   sfc_mex:sfc_mex.obj
 0001:000ec9f0       sf_mex_check_fi            00000001800ed9f0 f   sfc_mex:sfc_mex.obj
 0001:000ecaf0       sf_mex_check_fi_vs         00000001800edaf0 f   sfc_mex:sfc_mex.obj
 0001:000ecb90       sf_echo_expression         00000001800edb90 f   sfc_mex:sfc_mex.obj
 0001:000ecbf0       sf_assertion_failed        00000001800edbf0 f   sfc_mex:sfc_mex.obj
 0001:000eced0       sf_mex_evalin              00000001800eded0 f   sfc_mex:sfc_mex.obj
 0001:000ed140       sf_mex_export              00000001800ee140 f   sfc_mex:sfc_mex.obj
 0001:000ed200       sf_mex_get_ml_var_no_error 00000001800ee200 f   sfc_mex:sfc_mex.obj
 0001:000ed3a0       sf_mex_get_ml_var          00000001800ee3a0 f   sfc_mex:sfc_mex.obj
 0001:000ed840       ml_set_element_value_in_array 00000001800ee840 f   sfc_mex:sfc_mex.obj
 0001:000eef10       sf_mex_call_impl           00000001800eff10 f   sfc_mex:sfc_mex.obj
 0001:000ef440       sf_mex_call_debug          00000001800f0440 f   sfc_mex:sfc_mex.obj
 0001:000ef470       sf_mex_call                00000001800f0470 f   sfc_mex:sfc_mex.obj
 0001:000efac0       sf_mex_createstruct        00000001800f0ac0 f   sfc_mex:sfc_mex.obj
 0001:000efbb0       sf_mex_createstructarray   00000001800f0bb0 f   sfc_mex:sfc_mex.obj
 0001:000efc30       sf_mex_get_mx_datatype_from_sf_datatype 00000001800f0c30 f   sfc_mex:sfc_mex.obj
 0001:000eff40       sf_mex_ml_var_sub          00000001800f0f40 f   sfc_mex:sfc_mex.obj
 0001:000f0110       sf_mex_ml_var_subsasgn     00000001800f1110 f   sfc_mex:sfc_mex.obj
 0001:000f0500       sf_mex_sub                 00000001800f1500 f   sfc_mex:sfc_mex.obj
 0001:000f0700       sf_mex_subsasgn            00000001800f1700 f   sfc_mex:sfc_mex.obj
 0001:000f0be0       sf_mex_create              00000001800f1be0 f   sfc_mex:sfc_mex.obj
 0001:000f1630       sf_mex_import_named        00000001800f2630 f   sfc_mex:sfc_mex.obj
 0001:000f1690       sf_mex_import              00000001800f2690 f   sfc_mex:sfc_mex.obj
 0001:000f16e0       sf_mex_import_vs           00000001800f26e0 f   sfc_mex:sfc_mex.obj
 0001:000f17f0       sf_mex_lower_fixpt_mx_array 00000001800f27f0 f   sfc_mex:sfc_mex.obj
 0001:000f1ae0       sf_send_message_wrapper    00000001800f2ae0 f   sfc_mex:sfc_sf.obj
 0001:000f1b10       sf_receive_message_wrapper 00000001800f2b10 f   sfc_mex:sfc_sf.obj
 0001:000f1b50       sf_check_out_message_wrapper 00000001800f2b50 f   sfc_mex:sfc_sf.obj
 0001:000f1b90       sf_check_in_message_wrapper 00000001800f2b90 f   sfc_mex:sfc_sf.obj
 0001:000f1bd0       sf_no_message_wrapper      00000001800f2bd0 f   sfc_mex:sfc_sf.obj
 0001:000f1f60       sim_mode_is_rtw_gen        00000001800f2f60 f   sfc_mex:sfc_sf.obj
 0001:000f1f90       sim_mode_is_external       00000001800f2f90 f   sfc_mex:sfc_sf.obj
 0001:000f1fa0       sim_mode_is_modelref_sim   00000001800f2fa0 f   sfc_mex:sfc_sf.obj
 0001:000f1fc0       mdlInitializeSizes         00000001800f2fc0 f   sfc_mex:sfc_sf.obj
 0001:000f1fe0       mdlInitializeSampleTimes   00000001800f2fe0 f   sfc_mex:sfc_sf.obj
 0001:000f2020       mdlZeroCrossings           00000001800f3020 f   sfc_mex:sfc_sf.obj
 0001:000f2100       mdlDerivatives             00000001800f3100 f   sfc_mex:sfc_sf.obj
 0001:000f21b0       mdl_initialize_conditions_processing 00000001800f31b0 f   sfc_mex:sfc_sf.obj
 0001:000f21e0       mdlInitializeConditions    00000001800f31e0 f   sfc_mex:sfc_sf.obj
 0001:000f22a0       mdlGetSimState             00000001800f32a0 f   sfc_mex:sfc_sf.obj
 0001:000f22b0       mdlSetSimState             00000001800f32b0 f   sfc_mex:sfc_sf.obj
 0001:000f22c0       mdl_ext_mode_exec_processing 00000001800f32c0 f   sfc_mex:sfc_sf.obj
 0001:000f22e0       mdlExtModeExec             00000001800f32e0 f   sfc_mex:sfc_sf.obj
 0001:000f2470       mdlTerminate               00000001800f3470 f   sfc_mex:sfc_sf.obj
 0001:000f24e0       mdlRTW                     00000001800f34e0 f   sfc_mex:sfc_sf.obj
 0001:000f2510       mdlSetWorkWidths           00000001800f3510 f   sfc_mex:sfc_sf.obj
 0001:000f2520       mdlProcessParameters       00000001800f3520 f   sfc_mex:sfc_sf.obj
 0001:000f2530       mdl_start_processing       00000001800f3530 f   sfc_mex:sfc_sf.obj
 0001:000f2590       mdlStart                   00000001800f3590 f   sfc_mex:sfc_sf.obj
 0001:000f26a0       mdlEnable                  00000001800f36a0 f   sfc_mex:sfc_sf.obj
 0001:000f2770       mdlDisable                 00000001800f3770 f   sfc_mex:sfc_sf.obj
 0001:000f2820       sf_get_chart_instance_ptr  00000001800f3820 f   sfc_mex:sfc_sf.obj
 0001:000f2840       sf_load_rtw_optimization_info 00000001800f3840 f   sfc_mex:sfc_sf.obj
 0001:000f2910       sf_rtw_info_uint_prop      00000001800f3910 f   sfc_mex:sfc_sf.obj
 0001:000f2a50       sf_is_chart_inlinable      00000001800f3a50 f   sfc_mex:sfc_sf.obj
 0001:000f2a70       sf_mark_output_events_with_multiple_callers 00000001800f3a70 f   sfc_mex:sfc_sf.obj
 0001:000f2c00       sf_mark_chart_reusable_outputs 00000001800f3c00 f   sfc_mex:sfc_sf.obj
 0001:000f2e60       sf_mark_chart_expressionable_inputs 00000001800f3e60 f   sfc_mex:sfc_sf.obj
 0001:000f30c0       sf_get_subchart_simstruct  00000001800f40c0 f   sfc_mex:sfc_sf.obj
 0001:000f3110       sf_get_fixpt_data_type_id  00000001800f4110 f   sfc_mex:sfc_sf.obj
 0001:000f3150       sf_get_enum_data_type_id   00000001800f4150 f   sfc_mex:sfc_sf.obj
 0001:000f3190       sf_get_param_data_type_id  00000001800f4190 f   sfc_mex:sfc_sf.obj
 0001:000f31c0       sf_mex_listen_for_ctrl_c_force 00000001800f41c0 f   sfc_mex:sfc_sf.obj
 0001:000f32d0       sf_mex_draw_now            00000001800f42d0 f   sfc_mex:sfc_sf.obj
 0001:000f3310       sf_mex_set_debugger_sim_status_listener_fcn 00000001800f4310 f   sfc_mex:sfc_sf.obj
 0001:000f3320       sf_mex_listen_for_ctrl_c   00000001800f4320 f   sfc_mex:sfc_sf.obj
 0001:000f33b0       sf_mex_get_sfun_param      00000001800f43b0 f   sfc_mex:sfc_sf.obj
 0001:000f3400       sf_get_runtime_param_data  00000001800f4400 f   sfc_mex:sfc_sf.obj
 0001:000f3440       sf_call_output_fcn_call    00000001800f4440 f   sfc_mex:sfc_sf.obj
 0001:000f3580       sf_call_output_fcn_enable  00000001800f4580 f   sfc_mex:sfc_sf.obj
 0001:000f3610       sf_call_output_fcn_disable 00000001800f4610 f   sfc_mex:sfc_sf.obj
 0001:000f36a0       sf_clear_rtw_identifier    00000001800f46a0 f   sfc_mex:sfc_sf.obj
 0001:000f3e90       sf_set_encoded_dwork_info  00000001800f4e90 f   sfc_mex:sfc_sf.obj
 0001:000f3ee0       sf_get_dwork_info_from_mat_file 00000001800f4ee0 f   sfc_mex:sfc_sf.obj
 0001:000f40a0       sf_set_rtw_dwork_info      00000001800f50a0 f   sfc_mex:sfc_sf.obj
 0001:000f4210       mdlOutputs                 00000001800f5210 f   sfc_mex:sfc_sf.obj
 0001:000f43b0       sf_debug_disp              00000001800f53b0 f   sfc_debug:sfcdebug.obj
 0001:000f4610       sf_debug_data_runtime_size_mismatch_error_check 00000001800f5610 f   sfc_debug:sfcdebug.obj
 0001:000f46b0       sf_debug_try_loading_machine 00000001800f56b0 f   sfc_debug:sfcdebug.obj
 0001:000f47b0       sf_debug_reset_current_state_configuration 00000001800f57b0 f   sfc_debug:sfcdebug.obj
 0001:000f4840       sf_debug_store_current_state_configuration 00000001800f5840 f   sfc_debug:sfcdebug.obj
 0001:000f48d0       sf_debug_restore_previous_state_configuration 00000001800f58d0 f   sfc_debug:sfcdebug.obj
 0001:000f4960       sf_debug_restore_previous_state_configuration2 00000001800f5960 f   sfc_debug:sfcdebug.obj
 0001:000f49f0       sf_debug_get_event_scope   00000001800f59f0 f   sfc_debug:sfcdebug.obj
 0001:000f4b60       use_debugger_step_animation 00000001800f5b60 f   sfc_debug:sfcdebug.obj
 0001:000f4b80       sf_debug_get_script_id     00000001800f5b80 f   sfc_debug:sfcdebug.obj
 0001:000f4c10       sf_debug_set_script_translation 00000001800f5c10 f   sfc_debug:sfcdebug.obj
 0001:000f4d90       sf_debug_extract_message_post_receive_info 00000001800f5d90 f   sfc_debug:sfcdebug.obj
 0001:000f4e90       sf_debug_get_current_machine_id 00000001800f5e90 f   sfc_debug:sfcdebug.obj
 0001:000f4eb0       sf_debug_get_current_optional_integer 00000001800f5eb0 f   sfc_debug:sfcdebug.obj
 0001:000f4ec0       sf_debug_get_current_machine_number 00000001800f5ec0 f   sfc_debug:sfcdebug.obj
 0001:000f4ee0       sf_debug_get_current_machine_name 00000001800f5ee0 f   sfc_debug:sfcdebug.obj
 0001:000f4f00       sf_debug_get_current_chart_id 00000001800f5f00 f   sfc_debug:sfcdebug.obj
 0001:000f4f50       sf_debug_get_current_chart_number 00000001800f5f50 f   sfc_debug:sfcdebug.obj
 0001:000f4f60       sf_debug_get_current_instance_number 00000001800f5f60 f   sfc_debug:sfcdebug.obj
 0001:000f4f70       sf_debug_get_current_is_minor_time_step 00000001800f5f70 f   sfc_debug:sfcdebug.obj
 0001:000f4ff0       sf_debug_get_current_object_type 00000001800f5ff0 f   sfc_debug:sfcdebug.obj
 0001:000f5000       sf_debug_get_current_instance_handle 00000001800f6000 f   sfc_debug:sfcdebug.obj
 0001:000f5060       sf_debug_get_current_event_type 00000001800f6060 f   sfc_debug:sfcdebug.obj
 0001:000f5070       sf_debug_get_current_object_id 00000001800f6070 f   sfc_debug:sfcdebug.obj
 0001:000f50b0       sf_debug_get_current_active_event_type 00000001800f60b0 f   sfc_debug:sfcdebug.obj
 0001:000f50c0       sf_debug_get_current_active_event_id 00000001800f60c0 f   sfc_debug:sfcdebug.obj
 0001:000f5100       sf_debug_get_current_tag_type 00000001800f6100 f   sfc_debug:sfcdebug.obj
 0001:000f5110       sf_debug_get_current_simulation_time 00000001800f6110 f   sfc_debug:sfcdebug.obj
 0001:000f5120       sf_debug_get_current_coverage_percentage 00000001800f6120 f   sfc_debug:sfcdebug.obj
 0001:000f5130       sf_debug_current_statement_context 00000001800f6130 f   sfc_debug:sfcdebug.obj
 0001:000f51c0       sf_debug_get_current_statement_info 00000001800f61c0 f   sfc_debug:sfcdebug.obj
 0001:000f5340       sf_debug_terminate_instance 00000001800f6340 f   sfc_debug:sfcdebug.obj
 0001:000f5680       sf_debug_assertion_failed  00000001800f6680 f   sfc_debug:sfcdebug.obj
 0001:000f58e0       sf_debug_set_number_of_data_with_change_event_for_machine 00000001800f68e0 f   sfc_debug:sfcdebug.obj
 0001:000f5920       sf_debug_set_machine_event_thresholds 00000001800f6920 f   sfc_debug:sfcdebug.obj
 0001:000f5940       sf_debug_set_machine_event_scope 00000001800f6940 f   sfc_debug:sfcdebug.obj
 0001:000f5980       sf_debug_set_machine_data_thresholds 00000001800f6980 f   sfc_debug:sfcdebug.obj
 0001:000f59c0       sf_debug_set_machine_data_scope 00000001800f69c0 f   sfc_debug:sfcdebug.obj
 0001:000f5a50       sf_debug_set_machine_data_name 00000001800f6a50 f   sfc_debug:sfcdebug.obj
 0001:000f5af0       sf_debug_set_machine_data_size 00000001800f6af0 f   sfc_debug:sfcdebug.obj
 0001:000f5c30       sf_debug_set_machine_data_type 00000001800f6c30 f   sfc_debug:sfcdebug.obj
 0001:000f5da0       sf_debug_get_chart_data_number 00000001800f6da0 f   sfc_debug:sfcdebug.obj
 0001:000f5dc0       sf_debug_get_chart_event_number 00000001800f6dc0 f   sfc_debug:sfcdebug.obj
 0001:000f5de0       sf_debug_set_chart_state_info 00000001800f6de0 f   sfc_debug:sfcdebug.obj
 0001:000f5e60       sf_debug_set_chart_decomposition 00000001800f6e60 f   sfc_debug:sfcdebug.obj
 0001:000f5ed0       sf_debug_set_chart_substate_count 00000001800f6ed0 f   sfc_debug:sfcdebug.obj
 0001:000f5fb0       sf_debug_set_chart_substate_index 00000001800f6fb0 f   sfc_debug:sfcdebug.obj
 0001:000f6020       sf_debug_set_chart_state_substate_count 00000001800f7020 f   sfc_debug:sfcdebug.obj
 0001:000f6130       sf_debug_set_chart_state_substate_index 00000001800f7130 f   sfc_debug:sfcdebug.obj
 0001:000f61b0       sf_debug_set_number_of_data_with_change_event_for_chart 00000001800f71b0 f   sfc_debug:sfcdebug.obj
 0001:000f6230       sf_debug_set_number_of_states_with_entry_event_for_chart 00000001800f7230 f   sfc_debug:sfcdebug.obj
 0001:000f62a0       sf_debug_set_number_of_states_with_exit_event_for_chart 00000001800f72a0 f   sfc_debug:sfcdebug.obj
 0001:000f6310       sf_debug_set_chart_disable_implicit_casting 00000001800f7310 f   sfc_debug:sfcdebug.obj
 0001:000f6380       sf_debug_set_chart_event_thresholds 00000001800f7380 f   sfc_debug:sfcdebug.obj
 0001:000f63f0       sf_debug_set_chart_data_compiled_props 00000001800f73f0 f   sfc_debug:sfcdebug.obj
 0001:000f6740       sf_debug_set_chart_data_props 00000001800f7740 f   sfc_debug:sfcdebug.obj
 0001:000f6a60       sf_debug_check_fi_license  00000001800f7a60 f   sfc_debug:sfcdebug.obj
 0001:000f6c50       sf_debug_symbol_scope_push 00000001800f7c50 f   sfc_debug:sfcdebug.obj
 0001:000f6c90       sf_debug_symbol_scope_push_eml 00000001800f7c90 f   sfc_debug:sfcdebug.obj
 0001:000f6ce0       sf_debug_symbol_scope_pop  00000001800f7ce0 f   sfc_debug:sfcdebug.obj
 0001:000f6d20       sf_debug_symbol_scope_add_importable 00000001800f7d20 f   sfc_debug:sfcdebug.obj
 0001:000f6da0       sf_debug_symbol_scope_add  00000001800f7da0 f   sfc_debug:sfcdebug.obj
 0001:000f6e20       sf_debug_symbol_scope_add_dyn_importable 00000001800f7e20 f   sfc_debug:sfcdebug.obj
 0001:000f6ee0       sf_debug_symbol_scope_add_dyn 00000001800f7ee0 f   sfc_debug:sfcdebug.obj
 0001:000f6f10       sf_debug_symbol_scope_add_eml_importable 00000001800f7f10 f   sfc_debug:sfcdebug.obj
 0001:000f6f50       sf_debug_symbol_scope_add_eml 00000001800f7f50 f   sfc_debug:sfcdebug.obj
 0001:000f6f90       sf_debug_symbol_scope_add_eml_dyn_importable 00000001800f7f90 f   sfc_debug:sfcdebug.obj
 0001:000f7000       sf_debug_symbol_scope_add_eml_dyn 00000001800f8000 f   sfc_debug:sfcdebug.obj
 0001:000f7060       sf_debug_symbol_switch     00000001800f8060 f   sfc_debug:sfcdebug.obj
 0001:000f7080       sf_debug_symbol_scope_add_verbose 00000001800f8080 f   sfc_debug:sfcdebug.obj
 0001:000f7150       sf_debug_set_machine_data_value_ptr 00000001800f8150 f   sfc_debug:sfcdebug.obj
 0001:000f7190       sf_debug_set_instance_data_value_ptr 00000001800f8190 f   sfc_debug:sfcdebug.obj
 0001:000f7250       sf_debug_unset_instance_data_value_ptr 00000001800f8250 f   sfc_debug:sfcdebug.obj
 0001:000f7300       sf_debug_set_chart_event_scope 00000001800f8300 f   sfc_debug:sfcdebug.obj
 0001:000f7380       sf_debug_set_chart_transition_coverage_maps 00000001800f8380 f   sfc_debug:sfcdebug.obj
 0001:000f7490       sf_debug_set_chart_state_coverage_maps 00000001800f8490 f   sfc_debug:sfcdebug.obj
 0001:000f7570       sf_debug_set_instance_transition_coverage_weights 00000001800f8570 f   sfc_debug:sfcdebug.obj
 0001:000f7610       sf_debug_set_instance_state_coverage_weights 00000001800f8610 f   sfc_debug:sfcdebug.obj
 0001:000f7860       sf_debug_unload_machine    00000001800f8860 f   sfc_debug:sfcdebug.obj
 0001:000f78b0       sf_debug_load_machine      00000001800f88b0 f   sfc_debug:sfcdebug.obj
 0001:000f79b0       sf_debug_set_active_instance_in_data_dictionary 00000001800f89b0 f   sfc_debug:sfcdebug.obj
 0001:000f7b90       sf_debug_set_active_instance 00000001800f8b90 f   sfc_debug:sfcdebug.obj
 0001:000f7cf0       sf_debug_chart_visiblity_change 00000001800f8cf0 f   sfc_debug:sfcdebug.obj
 0001:000f7df0       sf_debug_select_chart      00000001800f8df0 f   sfc_debug:sfcdebug.obj
 0001:000f7f60       sf_debug_set_instance_cv_ids 00000001800f8f60 f   sfc_debug:sfcdebug.obj
 0001:000f8270       sf_debug_select_charts     00000001800f9270 f   sfc_debug:sfcdebug.obj
 0001:000f8400       sf_debug_initialized       00000001800f9400 f   sfc_debug:sfcdebug.obj
 0001:000f8410       sf_debug_is_uninterruptible 00000001800f9410 f   sfc_debug:sfcdebug.obj
 0001:000f8440       sf_debug_initialize_debugger_gui 00000001800f9440 f   sfc_debug:sfcdebug.obj
 0001:000f8830       sf_debug_resume            00000001800f9830 f   sfc_debug:sfcdebug.obj
 0001:000f8850       sf_debug_go                00000001800f9850 f   sfc_debug:sfcdebug.obj
 0001:000f8860       sf_debug_break             00000001800f9860 f   sfc_debug:sfcdebug.obj
 0001:000f8870       sf_debug_step_over         00000001800f9870 f   sfc_debug:sfcdebug.obj
 0001:000f8880       sf_debug_step_out          00000001800f9880 f   sfc_debug:sfcdebug.obj
 0001:000f8890       sf_debug_set_disable_all_breakpoints 00000001800f9890 f   sfc_debug:sfcdebug.obj
 0001:000f88a0       sf_debug_disable_all_breakpoints_and_go 00000001800f98a0 f   sfc_debug:sfcdebug.obj
 0001:000f88b0       sf_debug_break_on_chart_entry 00000001800f98b0 f   sfc_debug:sfcdebug.obj
 0001:000f88c0       sf_debug_break_on_event_broadcast 00000001800f98c0 f   sfc_debug:sfcdebug.obj
 0001:000f88d0       sf_debug_break_on_state_entry 00000001800f98d0 f   sfc_debug:sfcdebug.obj
 0001:000f88e0       sf_debug_break_between_times 00000001800f98e0 f   sfc_debug:sfcdebug.obj
 0001:000f8900       sf_debug_browse_data       00000001800f9900 f   sfc_debug:sfcdebug.obj
 0001:000f8920       sf_debug_watch_data        00000001800f9920 f   sfc_debug:sfcdebug.obj
 0001:000f8940       sf_debug_assign_data       00000001800f9940 f   sfc_debug:sfcdebug.obj
 0001:000f8960       sf_debug_whos              00000001800f9960 f   sfc_debug:sfcdebug.obj
 0001:000f8980       sf_debug_get_consistency_info 00000001800f9980 f   sfc_debug:sfcdebug.obj
 0001:000f8990       sf_debug_browse_trace      00000001800f9990 f   sfc_debug:sfcdebug.obj
 0001:000f89a0       sf_debug_set_breakpoints   00000001800f99a0 f   sfc_debug:sfcdebug.obj
 0001:000f8b00       sf_debug_set_eml_breakpoints 00000001800f9b00 f   sfc_debug:sfcdebug.obj
 0001:000f8c60       sf_debug_set_script_breakpoints 00000001800f9c60 f   sfc_debug:sfcdebug.obj
 0001:000f8ce0       sf_debug_add_script_breakpoints 00000001800f9ce0 f   sfc_debug:sfcdebug.obj
 0001:000f8d50       sf_debug_clear_script_breakpoints 00000001800f9d50 f   sfc_debug:sfcdebug.obj
 0001:000f8dc0       sf_debug_query_script_breakpoints 00000001800f9dc0 f   sfc_debug:sfcdebug.obj
 0001:000f8e80       sf_debug_get_eml_script_id 00000001800f9e80 f   sfc_debug:sfcdebug.obj
 0001:000f8ed0       sf_debug_set_watch         00000001800f9ed0 f   sfc_debug:sfcdebug.obj
 0001:000f9100       sf_debug_get_instance_handle 00000001800fa100 f   sfc_debug:sfcdebug.obj
 0001:000f9190       sf_debug_get_active_states 00000001800fa190 f   sfc_debug:sfcdebug.obj
 0001:000f91a0       sf_debug_get_animation     00000001800fa1a0 f   sfc_debug:sfcdebug.obj
 0001:000f91b0       sf_debug_set_animation     00000001800fa1b0 f   sfc_debug:sfcdebug.obj
 0001:000f91c0       sf_debug_animate           00000001800fa1c0 f   sfc_debug:sfcdebug.obj
 0001:000f91f0       sf_debug_cycle_detection_check 00000001800fa1f0 f   sfc_debug:sfcdebug.obj
 0001:000f9200       sf_debug_data_range_check  00000001800fa200 f   sfc_debug:sfcdebug.obj
 0001:000f9210       sf_debug_transition_conflict_check 00000001800fa210 f   sfc_debug:sfcdebug.obj
 0001:000f9220       sf_debug_state_consistency_check 00000001800fa220 f   sfc_debug:sfcdebug.obj
 0001:000f9230       sf_debug_data_range_check_enabled 00000001800fa230 f   sfc_debug:sfcdebug.obj
 0001:000f9250       sf_debug_transition_conflict_check_enabled 00000001800fa250 f   sfc_debug:sfcdebug.obj
 0001:000f9270       sf_debug_transition_conflict_check_begin 00000001800fa270 f   sfc_debug:sfcdebug.obj
 0001:000f9290       sf_debug_transition_conflict_check_end 00000001800fa290 f   sfc_debug:sfcdebug.obj
 0001:000f92b0       sf_debug_stop_debugging    00000001800fa2b0 f   sfc_debug:sfcdebug.obj
 0001:000f92e0       sf_debug_is_cycle_detected 00000001800fa2e0 f   sfc_debug:sfcdebug.obj
 0001:000f92f0       sf_debug_is_array_bounds_detected 00000001800fa2f0 f   sfc_debug:sfcdebug.obj
 0001:000f9300       sf_debug_get_state_vectors_data_size 00000001800fa300 f   sfc_debug:sfcdebug.obj
 0001:000f9340       sf_debug_get_state_vectors_data 00000001800fa340 f   sfc_debug:sfcdebug.obj
 0001:000f9440       sf_debug_set_state_vectors_data 00000001800fa440 f   sfc_debug:sfcdebug.obj
 0001:000f9700       sf_debug_get_script_index  00000001800fa700 f   sfc_debug:sfcdebug.obj
 0001:000f9890       sf_debug_add_script        00000001800fa890 f   sfc_debug:sfcdebug.obj
 0001:000f9a20       cv_eval_point              00000001800faa20 f   sfc_debug:sfcdebug.obj
 0001:000f9b90       cv_eval_testobjective      00000001800fab90 f   sfc_debug:sfcdebug.obj
 0001:000f9cb0       sf_debug_cv_init_state     00000001800facb0 f   sfc_debug:sfcdebug.obj
 0001:000f9dd0       sf_debug_cv_init_chart     00000001800fadd0 f   sfc_debug:sfcdebug.obj
 0001:000f9eb0       sf_debug_cv_init_trans     00000001800faeb0 f   sfc_debug:sfcdebug.obj
 0001:000f9fb0       sf_debug_cv_init_testobjectives 00000001800fafb0 f   sfc_debug:sfcdebug.obj
 0001:000fa190       cv_eml_init_script         00000001800fb190 f   sfc_debug:sfcdebug.obj
 0001:000fa2a0       cv_eml_init_fcn            00000001800fb2a0 f   sfc_debug:sfcdebug.obj
 0001:000fa350       cv_eml_init_testobjective  00000001800fb350 f   sfc_debug:sfcdebug.obj
 0001:000fa420       cv_eml_init_saturation     00000001800fb420 f   sfc_debug:sfcdebug.obj
 0001:000fa4e0       cv_eml_init_if             00000001800fb4e0 f   sfc_debug:sfcdebug.obj
 0001:000fa5b0       cv_eml_init_for            00000001800fb5b0 f   sfc_debug:sfcdebug.obj
 0001:000fa670       cv_eml_init_while          00000001800fb670 f   sfc_debug:sfcdebug.obj
 0001:000fa730       cv_eml_init_mcdc           00000001800fb730 f   sfc_debug:sfcdebug.obj
 0001:000fa840       cv_eml_init_switch         00000001800fb840 f   sfc_debug:sfcdebug.obj
 0001:000fa930       cv_eml_eval                00000001800fb930 f   sfc_debug:sfcdebug.obj
 0001:000faa10       sf_debug_bm_is_a_eml_breakpoint 00000001800fba10 f   sfc_debug:sfcdebug.obj
 0001:000fab60       sf_debug_temporal_threshold 00000001800fbb60 f   sfc_debug:sfcdebug.obj
 0001:000faec0       sf_debug_transition_conflict_error 00000001800fbec0 f   sfc_debug:sfcdebug.obj
 0001:000fb240       sf_debug_state_inconsistency_error 00000001800fc240 f   sfc_debug:sfcdebug.obj
 0001:000fb360       sf_debug_check_for_state_inconsistency 00000001800fc360 f   sfc_debug:sfcdebug.obj
 0001:000fb390       sf_debug_cycle_detecton_error 00000001800fc390 f   sfc_debug:sfcdebug.obj
 0001:000fbb60       sf_debug_size_eq_check_1d  00000001800fcb60 f   sfc_debug:sfcdebug.obj
 0001:000fbb80       sf_debug_size_eq_check_nd  00000001800fcb80 f   sfc_debug:sfcdebug.obj
 0001:000fbd60       sf_debug_dim_size_eq_check 00000001800fcd60 f   sfc_debug:sfcdebug.obj
 0001:000fbd90       sf_debug_dim_size_geq_check 00000001800fcd90 f   sfc_debug:sfcdebug.obj
 0001:000fbdc0       sf_debug_sub_assign_size_check_nd 00000001800fcdc0 f   sfc_debug:sfcdebug.obj
 0001:000fc000       sf_debug_matrix_matrix_index_check 00000001800fd000 f   sfc_debug:sfcdebug.obj
 0001:000fc030       sf_debug_vector_vector_index_check 00000001800fd030 f   sfc_debug:sfcdebug.obj
 0001:000fc060       sf_debug_for_loop_vector_check 00000001800fd060 f   sfc_debug:sfcdebug.obj
 0001:000fc0f0       sf_debug_runtime_error_msgid 00000001800fd0f0 f   sfc_debug:sfcdebug.obj
 0001:000fc180       sf_debug_data_array_bounds_error_check 00000001800fd180 f   sfc_debug:sfcdebug.obj
 0001:000fc290       sf_debug_eml_data_array_bounds_error_check 00000001800fd290 f   sfc_debug:sfcdebug.obj
 0001:000fc770       sf_debug_integer_check     00000001800fd770 f   sfc_debug:sfcdebug.obj
 0001:000fc850       sf_debug_not_nan_check     00000001800fd850 f   sfc_debug:sfcdebug.obj
 0001:000fc910       sf_debug_non_negative_check 00000001800fd910 f   sfc_debug:sfcdebug.obj
 0001:000fc9d0       sf_debug_overflow_detection 00000001800fd9d0 f   sfc_debug:sfcdebug.obj
 0001:000fd0c0       sf_debug_cast_to_real32_T  00000001800fe0c0 f   sfc_debug:sfcdebug.obj
 0001:000fd180       sf_debug_cast_to_int8_T    00000001800fe180 f   sfc_debug:sfcdebug.obj
 0001:000fd240       sf_debug_cast_to_uint8_T   00000001800fe240 f   sfc_debug:sfcdebug.obj
 0001:000fd300       sf_debug_cast_to_int16_T   00000001800fe300 f   sfc_debug:sfcdebug.obj
 0001:000fd3c0       sf_debug_cast_to_uint16_T  00000001800fe3c0 f   sfc_debug:sfcdebug.obj
 0001:000fd480       sf_debug_cast_to_int32_T   00000001800fe480 f   sfc_debug:sfcdebug.obj
 0001:000fd540       sf_debug_cast_to_uint32_T  00000001800fe540 f   sfc_debug:sfcdebug.obj
 0001:000fd600       sf_debug_data_range_error  00000001800fe600 f   sfc_debug:sfcdebug.obj
 0001:000fd950       sf_debug_read_before_write_check 00000001800fe950 f   sfc_debug:sfcdebug.obj
 0001:000fddb0       sf_debug_data_range_error_wrapper_min_max 00000001800fedb0 f   sfc_debug:sfcdebug.obj
 0001:000fdea0       sf_debug_data_range_error_wrapper_min 00000001800feea0 f   sfc_debug:sfcdebug.obj
 0001:000fdf80       sf_debug_data_range_error_wrapper_max 00000001800fef80 f   sfc_debug:sfcdebug.obj
 0001:000fe060       sf_debug_data_range_wrapper 00000001800ff060 f   sfc_debug:sfcdebug.obj
 0001:000fe110       sf_debug_set_current_status_info 00000001800ff110 f   sfc_debug:sfcdebug.obj
 0001:000fe4c0       sf_debug_register_message_post_receive_info 00000001800ff4c0 f   sfc_debug:sfcdebug.obj
 0001:000fe730       sf_debug_call              00000001800ff730 f   sfc_debug:sfcdebug.obj
 0001:000ff390       sf_debug_initialize_machine 0000000180100390 f   sfc_debug:sfcdebug.obj
 0001:000ff6a0       sf_debug_initialize_chart  00000001801006a0 f   sfc_debug:sfcdebug.obj
 0001:000ffaf0       sf_debug_ensure_script     0000000180100af0 f   sfc_debug:sfcdebug.obj
 0001:000ffbb0       cv_script_init_script      0000000180100bb0 f   sfc_debug:sfcdebug.obj
 0001:000ffca0       cv_script_init_fcn         0000000180100ca0 f   sfc_debug:sfcdebug.obj
 0001:000ffd50       cv_script_init_testobjective 0000000180100d50 f   sfc_debug:sfcdebug.obj
 0001:000ffe00       cv_script_init_if          0000000180100e00 f   sfc_debug:sfcdebug.obj
 0001:000ffeb0       cv_script_init_for         0000000180100eb0 f   sfc_debug:sfcdebug.obj
 0001:000fff60       cv_script_init_while       0000000180100f60 f   sfc_debug:sfcdebug.obj
 0001:00100010       cv_script_init_mcdc        0000000180101010 f   sfc_debug:sfcdebug.obj
 0001:00100110       cv_script_init_switch      0000000180101110 f   sfc_debug:sfcdebug.obj
 0001:001001f0       cv_script_eval             00000001801011f0 f   sfc_debug:sfcdebug.obj
 0001:001002d0       eml_debug_line_call        00000001801012d0 f   sfc_debug:sfcdebug.obj
 0001:00100480       sf_debug_terminate         0000000180101480 f   sfc_debug:sfcdebug.obj
 0001:001005f0       sf_debug_set_script_cv_ids 00000001801015f0 f   sfc_debug:sfcdebug.obj
 0001:00100720       sf_debug_api               0000000180101720 f   sfc_debug:sfc_api.obj
 0001:00101dd0       sf_debug_sm_terminate      0000000180102dd0 f   sfc_debug:sfdb_animation.obj
 0001:00101f90       sf_debug_reset_path_objects 0000000180102f90 f   sfc_debug:sfdb_animation.obj
 0001:00102010       sf_debug_sm_reset_object_selection_status 0000000180103010 f   sfc_debug:sfdb_animation.obj
 0001:001020b0       sf_debug_sm_reset_state_buffer 00000001801030b0 f   sfc_debug:sfdb_animation.obj
 0001:00102180       sf_debug_sm_store_state_buffer 0000000180103180 f   sfc_debug:sfdb_animation.obj
 0001:00102200       sf_debug_sm_restore_state_buffer1 0000000180103200 f   sfc_debug:sfdb_animation.obj
 0001:00102270       sf_debug_sm_restore_state_buffer2 0000000180103270 f   sfc_debug:sfdb_animation.obj
 0001:001022e0       sf_debug_sm_chart_active   00000001801032e0 f   sfc_debug:sfdb_animation.obj
 0001:00102330       sf_debug_sm_select_active_objects 0000000180103330 f   sfc_debug:sfdb_animation.obj
 0001:00102820       sf_debug_sm_is_chart_active 0000000180103820 f   sfc_debug:sfdb_animation.obj
 0001:00102860       sf_debug_sm_is_state_active 0000000180103860 f   sfc_debug:sfdb_animation.obj
 0001:00102aa0       sf_debug_sm_get_active_states 0000000180103aa0 f   sfc_debug:sfdb_animation.obj
 0001:00103060       sf_debug_sm_initialize_instance 0000000180104060 f   sfc_debug:sfdb_animation.obj
 0001:00103280       sf_debug_sm_change_object_selection_status 0000000180104280 f   sfc_debug:sfdb_animation.obj
 0001:00103590       cv_create_interface        0000000180104590 f   sfc_debug:cv_sfinterface.obj
 0001:001038f0       cv_init_trans              00000001801048f0 f   sfc_debug:cv_sfinterface.obj
 0001:00103940       cv_init_testobjective      0000000180104940 f   sfc_debug:cv_sfinterface.obj
 0001:00103980       cv_init_state              0000000180104980 f   sfc_debug:cv_sfinterface.obj
 0001:001039f0       cv_init_chart              00000001801049f0 f   sfc_debug:cv_sfinterface.obj
 0001:00103a40       cv_dec_update_call         0000000180104a40 f   sfc_debug:cv_sfinterface.obj
 0001:00103a80       cv_cond_update_call        0000000180104a80 f   sfc_debug:cv_sfinterface.obj
 0001:00103ac0       cv_testobjective_update_call 0000000180104ac0 f   sfc_debug:cv_sfinterface.obj
 0001:00103b00       cv_sigrange_update         0000000180104b00 f   sfc_debug:cv_sfinterface.obj
 0001:00103b40       cvsf_eml_eval              0000000180104b40 f   sfc_debug:cv_sfinterface.obj
 0001:00103c30       cvsf_eml_init_script       0000000180104c30 f   sfc_debug:cv_sfinterface.obj
 0001:00103cc0       cvsf_eml_init_fcn          0000000180104cc0 f   sfc_debug:cv_sfinterface.obj
 0001:00103d20       cvsf_eml_init_testobjective 0000000180104d20 f   sfc_debug:cv_sfinterface.obj
 0001:00103d80       cvsf_eml_init_saturation   0000000180104d80 f   sfc_debug:cv_sfinterface.obj
 0001:00103dd0       cvsf_eml_init_if           0000000180104dd0 f   sfc_debug:cv_sfinterface.obj
 0001:00103e30       cvsf_eml_init_for          0000000180104e30 f   sfc_debug:cv_sfinterface.obj
 0001:00103e80       cvsf_eml_init_while        0000000180104e80 f   sfc_debug:cv_sfinterface.obj
 0001:00103ed0       cvsf_eml_init_mcdc         0000000180104ed0 f   sfc_debug:cv_sfinterface.obj
 0001:00103f60       cvsf_eml_init_switch       0000000180104f60 f   sfc_debug:cv_sfinterface.obj
 0001:00103fd0       cvsf_script_eval           0000000180104fd0 f   sfc_debug:cv_sfinterface.obj
 0001:001040c0       cvsf_script_init_script    00000001801050c0 f   sfc_debug:cv_sfinterface.obj
 0001:00104150       cvsf_script_init_fcn       0000000180105150 f   sfc_debug:cv_sfinterface.obj
 0001:001041b0       cvsf_script_init_testobjective 00000001801051b0 f   sfc_debug:cv_sfinterface.obj
 0001:00104210       cvsf_script_init_saturation 0000000180105210 f   sfc_debug:cv_sfinterface.obj
 0001:00104260       cvsf_script_init_if        0000000180105260 f   sfc_debug:cv_sfinterface.obj
 0001:001042c0       cvsf_script_init_for       00000001801052c0 f   sfc_debug:cv_sfinterface.obj
 0001:00104310       cvsf_script_init_while     0000000180105310 f   sfc_debug:cv_sfinterface.obj
 0001:00104360       cvsf_script_init_mcdc      0000000180105360 f   sfc_debug:cv_sfinterface.obj
 0001:001043f0       cvsf_script_init_switch    00000001801053f0 f   sfc_debug:cv_sfinterface.obj
 0001:00104460       cv_destroy_interface       0000000180105460 f   sfc_debug:cv_sfinterface.obj
 0001:00104480       cv_create_instance_objects 0000000180105480 f   sfc_debug:cv_sfinterface.obj
 0001:00104930       cv_is_enabled              0000000180105930 f   sfc_debug:cv_sfinterface.obj
 0001:00104940       sf_debug_cv_initialize_script 0000000180105940 f   sfc_debug:cv_sfinterface.obj
 0001:00104af0       sf_debug_cv_initialize_instance 0000000180105af0 f   sfc_debug:cv_sfinterface.obj
 0001:00104e90       sf_debug_cv_terminate_chart 0000000180105e90 f   sfc_debug:cv_sfinterface.obj
 0001:00104fd0       cv_call_trans_test         0000000180105fd0 f   sfc_debug:cv_sfinterface.obj
 0001:00104fe0       cv_call_sub_cond_test      0000000180105fe0 f   sfc_debug:cv_sfinterface.obj
 0001:00105020       sf_debug_st_initialize_machine 0000000180106020 f   sfc_debug:sfdb_data_browse.obj
 0001:001050e0       sf_debug_st_initialize_instance 00000001801060e0 f   sfc_debug:sfdb_data_browse.obj
 0001:00105310       sf_debug_st_terminate      0000000180106310 f   sfc_debug:sfdb_data_browse.obj
 0001:001056b0       sf_debug_st_set_data_value_ptr_in_machine 00000001801066b0 f   sfc_debug:sfdb_data_browse.obj
 0001:00105740       sf_debug_st_set_data_value_ptr_in_instance 0000000180106740 f   sfc_debug:sfdb_data_browse.obj
 0001:00105820       sf_debug_st_unset_data_value_ptr_in_machine 0000000180106820 f   sfc_debug:sfdb_data_browse.obj
 0001:00105890       sf_debug_st_unset_data_value_ptr_in_instance 0000000180106890 f   sfc_debug:sfdb_data_browse.obj
 0001:00105ba0       sf_debug_mx_value          0000000180106ba0 f   sfc_debug:sfdb_data_browse.obj
 0001:00105c00       sf_debug_mx_packed_vector  0000000180106c00 f   sfc_debug:sfdb_data_browse.obj
 0001:00105ce0       sf_debug_mx_uint_vector    0000000180106ce0 f   sfc_debug:sfdb_data_browse.obj
 0001:00105da0       sf_debug_st_get_double_value_from_void_ptr_vector 0000000180106da0 f   sfc_debug:sfdb_data_browse.obj
 0001:00106890       sf_debug_st_browse_data    0000000180107890 f   sfc_debug:sfdb_data_browse.obj
 0001:00107120       sf_debug_hm_initialize_instance 0000000180108120 f   sfc_debug:sfdb_handle_management.obj
 0001:00107650       sf_debug_hm_get_object_id  0000000180108650 f   sfc_debug:sfdb_handle_management.obj
 0001:00108200       sf_debug_hm_update_chart_visibility 0000000180109200 f   sfc_debug:sfdb_handle_management.obj
 0001:001094e0       sf_debug_object_is_eml_function 000000018010a4e0 f   sfc_debug:sfdb_handle_management.obj
 0001:00109550       sf_debug_hm_initialize_ids_in_machine 000000018010a550 f   sfc_debug:sfdb_handle_management.obj
 0001:001096c0       sf_debug_hm_initialize_ids_in_chart 000000018010a6c0 f   sfc_debug:sfdb_handle_management.obj
 0001:001097c0       sf_debug_hm_initialize_chart 000000018010a7c0 f   sfc_debug:sfdb_handle_management.obj
 0001:00109f60       sf_debug_hm_terminate      000000018010af60 f   sfc_debug:sfdb_handle_management.obj
 0001:00109fc0       sf_debug_hm_initialize_machine 000000018010afc0 f   sfc_debug:sfdb_handle_management.obj
 0001:0010a770       sf_debug_ss_initialize     000000018010b770 f   sfc_debug:sfdb_symbol_scope.obj
 0001:0010a790       sf_debug_ss_terminate      000000018010b790 f   sfc_debug:sfdb_symbol_scope.obj
 0001:0010a820       sf_debug_ss_push_symbol_scope 000000018010b820 f   sfc_debug:sfdb_symbol_scope.obj
 0001:0010a920       sf_debug_ss_push_symbol_scope_eml 000000018010b920 f   sfc_debug:sfdb_symbol_scope.obj
 0001:0010a980       sf_debug_ss_pop_symbol_scope 000000018010b980 f   sfc_debug:sfdb_symbol_scope.obj
 0001:0010aa30       sf_debug_ss_add_symbol     000000018010ba30 f   sfc_debug:sfdb_symbol_scope.obj
 0001:0010ab90       sf_debug_ss_add_symbol_eml 000000018010bb90 f   sfc_debug:sfdb_symbol_scope.obj
 0001:0010b8b0       sf_debug_ss_set_data_value 000000018010c8b0 f   sfc_debug:sfdb_symbol_scope.obj
 0001:0010bd80       getInstanceNumber          000000018010cd80 f   sfc_debug:sfdb_symbol_scope.obj
 0001:0010be50       sf_debug_ss_watch_data     000000018010ce50 f   sfc_debug:sfdb_symbol_scope.obj
 0001:0010bff0       sf_debug_ss_assign_data    000000018010cff0 f   sfc_debug:sfdb_symbol_scope.obj
 0001:0010ca10       get_data_entry_name        000000018010da10 f   sfc_debug:sfdb_symbol_scope.obj
 0001:0010ca60       sf_debug_ss_whos           000000018010da60 f   sfc_debug:sfdb_symbol_scope.obj
 0001:0010d180       sf_debug_cc_initialize_chart 000000018010e180 f   sfc_debug:sfdb_coverage.obj
 0001:0010db70       sf_debug_cc_initialize_instance 000000018010eb70 f   sfc_debug:sfdb_coverage.obj
 0001:0010e980       sf_debug_cc_terminate      000000018010f980 f   sfc_debug:sfdb_coverage.obj
 0001:0010ea70       sf_debug_cc_set_transition_maps 000000018010fa70 f   sfc_debug:sfdb_coverage.obj
 0001:0010eba0       sf_debug_cc_set_state_maps 000000018010fba0 f   sfc_debug:sfdb_coverage.obj
 0001:0010ec80       sf_debug_cc_set_transition_weights 000000018010fc80 f   sfc_debug:sfdb_coverage.obj
 0001:0010ef50       sf_debug_cc_set_state_weights 000000018010ff50 f   sfc_debug:sfdb_coverage.obj
 0001:0010f220       sf_debug_cc_mark_transition_guard 0000000180110220 f   sfc_debug:sfdb_coverage.obj
 0001:0010f2b0       sf_debug_cc_mark_transition_trigger 00000001801102b0 f   sfc_debug:sfdb_coverage.obj
 0001:0010f340       sf_debug_cc_mark_transition_decision 0000000180110340 f   sfc_debug:sfdb_coverage.obj
 0001:0010f3b0       sf_debug_cc_mark_transition_condition_action 00000001801103b0 f   sfc_debug:sfdb_coverage.obj
 0001:0010f400       sf_debug_cc_mark_transition_transition_action 0000000180110400 f   sfc_debug:sfdb_coverage.obj
 0001:0010f450       sf_debug_cc_mark_state_entry 0000000180110450 f   sfc_debug:sfdb_coverage.obj
 0001:0010f4a0       sf_debug_cc_mark_state_during 00000001801104a0 f   sfc_debug:sfdb_coverage.obj
 0001:0010f4f0       sf_debug_cc_mark_state_exit 00000001801104f0 f   sfc_debug:sfdb_coverage.obj
 0001:0010f540       sf_debug_bm_clear_script_breakpoints 0000000180110540 f   sfc_debug:sfdb_breakpoints.obj
 0001:0010f570       sf_debug_bm_set_script_breakpoint 0000000180110570 f   sfc_debug:sfdb_breakpoints.obj
 0001:0010f5f0       sf_debug_bm_clear_single_script_breakpoint 00000001801105f0 f   sfc_debug:sfdb_breakpoints.obj
 0001:0010f670       sf_debug_bm_query_script_breakpoint 0000000180110670 f   sfc_debug:sfdb_breakpoints.obj
 0001:0010f6c0       sf_debug_bm_initialize_scripts 00000001801106c0 f   sfc_debug:sfdb_breakpoints.obj
 0001:0010fde0       sf_debug_bm_terminate      0000000180110de0 f   sfc_debug:sfdb_breakpoints.obj
 0001:001100d0       sf_debug_bm_remove_all_breakpoints_in_machine 00000001801110d0 f   sfc_debug:sfdb_breakpoints.obj
 0001:00110140       sf_debug_bm_remove_all_breakpoints_in_chart 0000000180111140 f   sfc_debug:sfdb_breakpoints.obj
 0001:00110290       sf_debug_bm_initialize_global_breakpoints 0000000180111290 f   sfc_debug:sfdb_breakpoints.obj
 0001:00110410       sf_debug_bm_set_breakpoint 0000000180111410 f   sfc_debug:sfdb_breakpoints.obj
 0001:00110a10       sf_debug_bm_set_eml_breakpoint 0000000180111a10 f   sfc_debug:sfdb_breakpoints.obj
 0001:00110ab0       sf_debug_bm_initialize_machine_breakpoint_map 0000000180111ab0 f   sfc_debug:sfdb_breakpoints.obj
 0001:00110ed0       sf_debug_bm_is_a_breakpoint 0000000180111ed0 f   sfc_debug:sfdb_breakpoints.obj
 0001:001114b0       sf_debug_bm_get_all_breakpoints_in_machine 00000001801124b0 f   sfc_debug:sfdb_breakpoints.obj
 0001:001117b0       sf_debug_bm_get_all_breakpoints_in_chart 00000001801127b0 f   sfc_debug:sfdb_breakpoints.obj
 0001:00112470       sf_debug_bm_initialize_machine 0000000180113470 f   sfc_debug:sfdb_breakpoints.obj
 0001:00112540       sf_debug_bm_initialize_chart 0000000180113540 f   sfc_debug:sfdb_breakpoints.obj
 0001:00112960       sf_debug_sc_terminate      0000000180113960 f   sfc_debug:sfdb_state_consistency.obj
 0001:00112c90       sf_debug_sc_is_chart_consistent 0000000180113c90 f   sfc_debug:sfdb_state_consistency.obj
 0001:00112f40       sf_debug_sc_get_consistency_error_info 0000000180113f40 f   sfc_debug:sfdb_state_consistency.obj
 0001:00113390       sf_debug_tm_terminate      0000000180114390 f   sfc_debug:sfdb_call_stack.obj
 0001:00113450       sf_debug_tm_push_chart_instance 0000000180114450 f   sfc_debug:sfdb_call_stack.obj
 0001:001135a0       sf_debug_tm_pop_chart_instance 00000001801145a0 f   sfc_debug:sfdb_call_stack.obj
 0001:00113600       sf_debug_tm_push_trace_node 0000000180114600 f   sfc_debug:sfdb_call_stack.obj
 0001:00113790       sf_debug_tm_pop_trace_node 0000000180114790 f   sfc_debug:sfdb_call_stack.obj
 0001:00113810       sf_debug_tm_get_current_global_trace_index 0000000180114810 f   sfc_debug:sfdb_call_stack.obj
 0001:00113820       sf_debug_tm_get_current_local_trace_index 0000000180114820 f   sfc_debug:sfdb_call_stack.obj
 0001:00113850       sf_debug_tm_set_cycle_detected_flag 0000000180114850 f   sfc_debug:sfdb_call_stack.obj
 0001:00113890       sf_debug_tm_set_cycle_started_flag 0000000180114890 f   sfc_debug:sfdb_call_stack.obj
 0001:001138d0       sf_debug_tm_get_chart_number_from_stack 00000001801148d0 f   sfc_debug:sfdb_call_stack.obj
 0001:00113ad0       sf_debug_tm_browse_trace   0000000180114ad0 f   sfc_debug:sfdb_call_stack.obj
 0001:00113e10       sf_debug_cd_initialize_instance 0000000180114e10 f   sfc_debug:sfdb_cycle_detection.obj
 0001:001140c0       sf_debug_cd_mark_processed_transition_in_instance 00000001801150c0 f   sfc_debug:sfdb_cycle_detection.obj
 0001:00114160       sf_debug_cd_checksum_push  0000000180115160 f   sfc_debug:sfdb_cycle_detection.obj
 0001:00114420       sf_debug_cd_checksum_pop   0000000180115420 f   sfc_debug:sfdb_cycle_detection.obj
 0001:00114490       sf_debug_cd_turn_off_cycle_detection 0000000180115490 f   sfc_debug:sfdb_cycle_detection.obj
 0001:001144e0       sf_debug_cd_terminate      00000001801154e0 f   sfc_debug:sfdb_cycle_detection.obj
 0001:00114720       md5_initialize_state       0000000180115720 f   sfc_debug:ckmd5.obj
 0001:00115190       md5_update_state           0000000180116190 f   sfc_debug:ckmd5.obj
 0001:001151b0       md5_get_hash               00000001801161b0 f   sfc_debug:ckmd5.obj
 0001:001151e0       md5_get_hash_for_a_single_string 00000001801161e0 f   sfc_debug:ckmd5.obj
 0001:00115244       mxGetPr                    0000000180116244 f   libmx:libmx.dll
 0001:0011524a       mxCreateDoubleScalar       000000018011624a f   libmx:libmx.dll
 0001:00115250       mxCreateDoubleMatrix_730   0000000180116250 f   libmx:libmx.dll
 0001:00115256       mxSetField_730             0000000180116256 f   libmx:libmx.dll
 0001:0011525c       mxCreateString             000000018011625c f   libmx:libmx.dll
 0001:00115262       mxCreateStructMatrix_730   0000000180116262 f   libmx:libmx.dll
 0001:00115268       mxDestroyArray             0000000180116268 f   libmx:libmx.dll
 0001:0011526e       mxDuplicateArray           000000018011626e f   libmx:libmx.dll
 0001:00115274       mxGetString_730            0000000180116274 f   libmx:libmx.dll
 0001:0011527a       mxIsChar                   000000018011627a f   libmx:libmx.dll
 0001:00115280       mxGetClassID               0000000180116280 f   libmx:libmx.dll
 0001:00115286       mxIsNumeric                0000000180116286 f   libmx:libmx.dll
 0001:0011528c       mxIsComplex                000000018011628c f   libmx:libmx.dll
 0001:00115292       mxGetN                     0000000180116292 f   libmx:libmx.dll
 0001:00115298       mxGetM                     0000000180116298 f   libmx:libmx.dll
 0001:0011529e       mxCalloc                   000000018011629e f   libmx:libmx.dll
 0001:001152a4       mxGetScalar                00000001801162a4 f   libmx:libmx.dll
 0001:001152aa       mxIsLogical                00000001801162aa f   libmx:libmx.dll
 0001:001152b0       mxCreateDoubleMatrix_700   00000001801162b0 f   libmx:libmx.dll
 0001:001152b6       mxFree                     00000001801162b6 f   libmx:libmx.dll
 0001:001152bc       mxArrayToString            00000001801162bc f   libmx:libmx.dll
 0001:001152c2       mxCreateCellMatrix_700     00000001801162c2 f   libmx:libmx.dll
 0001:001152c8       mxSetCell_700              00000001801162c8 f   libmx:libmx.dll
 0001:001152ce       mxGetCell_700              00000001801162ce f   libmx:libmx.dll
 0001:001152d4       mxGetClassName             00000001801162d4 f   libmx:libmx.dll
 0001:001152da       mxSetField_700             00000001801162da f   libmx:libmx.dll
 0001:001152e0       mxAddField                 00000001801162e0 f   libmx:libmx.dll
 0001:001152e6       mxGetField_700             00000001801162e6 f   libmx:libmx.dll
 0001:001152ec       mxGetNumberOfElements      00000001801162ec f   libmx:libmx.dll
 0001:001152f2       mxIsStruct                 00000001801162f2 f   libmx:libmx.dll
 0001:001152f8       mxIsA                      00000001801162f8 f   libmx:libmx.dll
 0001:001152fe       mxIsClass                  00000001801162fe f   libmx:libmx.dll
 0001:00115304       mxGetLogicals              0000000180116304 f   libmx:libmx.dll
 0001:0011530a       mxIsSparse                 000000018011630a f   libmx:libmx.dll
 0001:00115310       mxSetFieldByNumber_700     0000000180116310 f   libmx:libmx.dll
 0001:00115316       mxGetFieldByNumber_700     0000000180116316 f   libmx:libmx.dll
 0001:0011531c       mxGetFieldNameByNumber     000000018011631c f   libmx:libmx.dll
 0001:00115322       mxGetNumberOfFields        0000000180116322 f   libmx:libmx.dll
 0001:00115328       mxCreateStructMatrix_700   0000000180116328 f   libmx:libmx.dll
 0001:0011532e       mxGetFieldNumber           000000018011632e f   libmx:libmx.dll
 0001:00115334       mxIsNaN                    0000000180116334 f   libmx:libmx.dll
 0001:0011533a       mxIsEmpty                  000000018011633a f   libmx:libmx.dll
 0001:00115340       mxGetData                  0000000180116340 f   libmx:libmx.dll
 0001:00115346       mxGetImagData              0000000180116346 f   libmx:libmx.dll
 0001:0011534c       mxArrayClassIDName         000000018011634c f   libmx:libmx.dll
 0001:00115352       mxCreateNumericMatrix_700  0000000180116352 f   libmx:libmx.dll
 0001:00115358       mxCreateStructArray_700    0000000180116358 f   libmx:libmx.dll
 0001:0011535e       mxCalcSingleSubscript_700  000000018011635e f   libmx:libmx.dll
 0001:00115364       mxGetDimensions_700        0000000180116364 f   libmx:libmx.dll
 0001:0011536a       mxGetNumberOfDimensions_700 000000018011636a f   libmx:libmx.dll
 0001:00115370       mxCreateNumericArray_700   0000000180116370 f   libmx:libmx.dll
 0001:00115376       mxGetElementSize           0000000180116376 f   libmx:libmx.dll
 0001:0011537c       mxCreateStringFromNChars_700 000000018011637c f   libmx:libmx.dll
 0001:00115382       mxGetString_700            0000000180116382 f   libmx:libmx.dll
 0001:00115388       mxIsLogicalScalarTrue      0000000180116388 f   libmx:libmx.dll
 0001:0011538e       mxCreateLogicalScalar      000000018011638e f   libmx:libmx.dll
 0001:00115394       mexUnlock                  0000000180116394 f   libmex:libmex.dll
 0001:0011539a       mexIsLocked                000000018011639a f   libmex:libmex.dll
 0001:001153a0       mexWarnMsgTxt              00000001801163a0 f   libmex:libmex.dll
 0001:001153a6       mexCallMATLAB              00000001801163a6 f   libmex:libmex.dll
 0001:001153ac       mexErrMsgTxt               00000001801163ac f   libmex:libmex.dll
 0001:001153b2       mexMakeArrayPersistent     00000001801163b2 f   libmex:libmex.dll
 0001:001153b8       mexSetTrapFlag             00000001801163b8 f   libmex:libmex.dll
 0001:001153be       mexPutVariable             00000001801163be f   libmex:libmex.dll
 0001:001153c4       mexGetVariable             00000001801163c4 f   libmex:libmex.dll
 0001:001153ca       mexLock                    00000001801163ca f   libmex:libmex.dll
 0001:001153d0       mexMakeMemoryPersistent    00000001801163d0 f   libmex:libmex.dll
 0001:001153d6       mexFunctionName            00000001801163d6 f   libmex:libmex.dll
 0001:001153dc       ssRegisterDataTypeFxpFSlopeFixExpBias 00000001801163dc f   libfixedpoint:libfixedpoint.dll
 0001:001153e2       utVSNprintf                00000001801163e2 f   libut:libut.dll
 0001:001153e8       utCPUtime                  00000001801163e8 f   libut:libut.dll
 0001:001153ee       utFree                     00000001801163ee f   libut:libut.dll
 0001:001153f4       utMalloc                   00000001801163f4 f   libut:libut.dll
 0001:001153fa       muDoubleScalarAbs          00000001801163fa f   libmwmathutil:libmwmathutil.dll
 0001:00115400       muDoubleScalarFloor        0000000180116400 f   libmwmathutil:libmwmathutil.dll
 0001:00115406       muDoubleScalarCeil         0000000180116406 f   libmwmathutil:libmwmathutil.dll
 0001:0011540c       muDoubleScalarSqrt         000000018011640c f   libmwmathutil:libmwmathutil.dll
 0001:00115412       muDoubleScalarPower        0000000180116412 f   libmwmathutil:libmwmathutil.dll
 0001:00115418       muDoubleScalarRound        0000000180116418 f   libmwmathutil:libmwmathutil.dll
 0001:0011541e       emlrtCreateRootTLS         000000018011641e f   libemlrt:libemlrt.dll
 0001:00115424       emlrtDestroyRootTLS        0000000180116424 f   libemlrt:libemlrt.dll
 0001:0011542a       emlrtCheckBuiltInR2012b    000000018011642a f   libemlrt:libemlrt.dll
 0001:00115430       emlrtCheckVsBuiltInR2012b  0000000180116430 f   libemlrt:libemlrt.dll
 0001:00115436       emlrtCheckEnumR2012b       0000000180116436 f   libemlrt:libemlrt.dll
 0001:0011543c       emlrtCreateEnumR2012b      000000018011643c f   libemlrt:libemlrt.dll
 0001:00115442       emlrtGetEnumElementR2009a  0000000180116442 f   libemlrt:libemlrt.dll
 0001:00115448       emlrtCreateReference       0000000180116448 f   libemlrt:libemlrt.dll
 0001:0011544e       emlrtImportVsFiArrayR2009b 000000018011644e f   libemlrt:libemlrt.dll
 0001:00115454       emlrtNameCapturePostProcessR2012a 0000000180116454 f   libemlrt:libemlrt.dll
 0001:0011545a       emlrtExtractMessageId      000000018011645a f   libemlrt:libemlrt.dll
 0001:00115460       emlrtTranslateMessageIDtoLCPstring 0000000180116460 f   libemlrt:libemlrt.dll
 0001:00115466       emlrtForLoopVectorIsValidR2011b 0000000180116466 f   libemlrt:libemlrt.dll
 0001:0011546c       emlrtTranslateUTF16MessagetoLCPstring 000000018011646c f   libemlrt:libemlrt.dll
 0001:00115472       emlrtGetEnumUnderlyingArrayR2009a 0000000180116472 f   libemlrt:libemlrt.dll
 0001:00115478       emlrtIsEnumR2009a          0000000180116478 f   libemlrt:libemlrt.dll
 0001:00115480       __GSHandlerCheckCommon     0000000180116480 f   MSVCRT:gshandler.obj
 0001:001154e4       __GSHandlerCheck           00000001801164e4 f   MSVCRT:gshandler.obj
 0001:00115502       strlen                     0000000180116502 f   MSVCRT:MSVCR100.dll
 0001:00115520       __security_check_cookie    0000000180116520 f   MSVCRT:amdsecgs.obj
 0001:00115540       memset                     0000000180116540 f   MSVCRT:MSVCR100.dll
 0001:00115546       malloc                     0000000180116546 f   MSVCRT:MSVCR100.dll
 0001:00115560       __chkstk                   0000000180116560 f   MSVCRT:chkstk.obj
 0001:00115560       _alloca_probe              0000000180116560     MSVCRT:chkstk.obj
 0001:001155ae       free                       00000001801165ae f   MSVCRT:MSVCR100.dll
 0001:001155b4       strcmp                     00000001801165b4 f   MSVCRT:MSVCR100.dll
 0001:001155ba       sprintf                    00000001801165ba f   MSVCRT:MSVCR100.dll
 0001:001155c0       strcat                     00000001801165c0 f   MSVCRT:MSVCR100.dll
 0001:001155c6       memcpy                     00000001801165c6 f   MSVCRT:MSVCR100.dll
 0001:001155cc       NtCurrentTeb               00000001801165cc f i MSVCRT:crtdll.obj
 0001:00115638       _CRT_INIT                  0000000180116638 f   MSVCRT:crtdll.obj
 0001:001159d0       _DllMainCRTStartup         00000001801169d0 f   MSVCRT:crtdll.obj
 0001:00115a0e       strncpy                    0000000180116a0e f   MSVCRT:MSVCR100.dll
 0001:00115a14       longjmp                    0000000180116a14 f   MSVCRT:MSVCR100.dll
 0001:00115a1a       strncmp                    0000000180116a1a f   MSVCRT:MSVCR100.dll
 0001:00115a20       ceil                       0000000180116a20 f   MSVCRT:MSVCR100.dll
 0001:00115a26       strrchr                    0000000180116a26 f   MSVCRT:MSVCR100.dll
 0001:00115a2c       _setjmp                    0000000180116a2c f   MSVCRT:MSVCR100.dll
 0001:00115a32       calloc                     0000000180116a32 f   MSVCRT:MSVCR100.dll
 0001:00115a38       realloc                    0000000180116a38 f   MSVCRT:MSVCR100.dll
 0001:00115a3e       ldexp                      0000000180116a3e f   MSVCRT:MSVCR100.dll
 0001:00115a44       __report_gsfailure         0000000180116a44 f   MSVCRT:gs_report.obj
 0001:00115b90       __clean_type_info_names    0000000180116b90 f   MSVCRT:tncleanup.obj
 0001:00115b9c       _onexit                    0000000180116b9c f   MSVCRT:atonexit.obj
 0001:00115c4c       atexit                     0000000180116c4c f   MSVCRT:atonexit.obj
 0001:00115c64       _RTC_Initialize            0000000180116c64 f   MSVCRT:_initsect_.obj
 0001:00115c9c       _RTC_Terminate             0000000180116c9c f   MSVCRT:_initsect_.obj
 0001:00115cd4       _malloc_crt                0000000180116cd4 f   MSVCRT:MSVCR100.dll
 0001:00115ce0       _ValidateImageBase         0000000180116ce0 f   MSVCRT:pesect.obj
 0001:00115d10       _FindPESection             0000000180116d10 f   MSVCRT:pesect.obj
 0001:00115d60       _IsNonwritableInCurrentImage 0000000180116d60 f   MSVCRT:pesect.obj
 0001:00115da2       _initterm                  0000000180116da2 f   MSVCRT:MSVCR100.dll
 0001:00115da8       _initterm_e                0000000180116da8 f   MSVCRT:MSVCR100.dll
 0001:00115dae       _encoded_null              0000000180116dae f   MSVCRT:MSVCR100.dll
 0001:00115db4       _amsg_exit                 0000000180116db4 f   MSVCRT:MSVCR100.dll
 0001:00115dba       __C_specific_handler       0000000180116dba f   MSVCRT:MSVCR100.dll
 0001:00115dc0       __CppXcptFilter            0000000180116dc0 f   MSVCRT:MSVCR100.dll
 0001:00115dc8       DllMain                    0000000180116dc8 f   MSVCRT:dllmain.obj
 0001:00115dec       __security_init_cookie     0000000180116dec f   MSVCRT:gs_support.obj
 0001:00115ea0       __crt_debugger_hook        0000000180116ea0 f   MSVCRT:MSVCR100.dll
 0001:00115ea6       __clean_type_info_names_internal 0000000180116ea6 f   MSVCRT:MSVCR100.dll
 0001:00115eac       _unlock                    0000000180116eac f   MSVCRT:MSVCR100.dll
 0001:00115eb2       __dllonexit                0000000180116eb2 f   MSVCRT:MSVCR100.dll
 0001:00115eb8       _lock                      0000000180116eb8 f   MSVCRT:MSVCR100.dll
 0001:00115ebe       EncodePointer              0000000180116ebe f   kernel32:KERNEL32.dll
 0001:00115ec4       DecodePointer              0000000180116ec4 f   kernel32:KERNEL32.dll
 0001:00115eca       Sleep                      0000000180116eca f   kernel32:KERNEL32.dll
 0001:00115ed0       TerminateProcess           0000000180116ed0 f   kernel32:KERNEL32.dll
 0001:00115ed6       GetCurrentProcess          0000000180116ed6 f   kernel32:KERNEL32.dll
 0001:00115edc       UnhandledExceptionFilter   0000000180116edc f   kernel32:KERNEL32.dll
 0001:00115ee2       SetUnhandledExceptionFilter 0000000180116ee2 f   kernel32:KERNEL32.dll
 0001:00115ee8       IsDebuggerPresent          0000000180116ee8 f   kernel32:KERNEL32.dll
 0001:00115eee       RtlVirtualUnwind           0000000180116eee f   kernel32:KERNEL32.dll
 0001:00115ef4       RtlLookupFunctionEntry     0000000180116ef4 f   kernel32:KERNEL32.dll
 0001:00115efa       RtlCaptureContext          0000000180116efa f   kernel32:KERNEL32.dll
 0001:00115f00       DisableThreadLibraryCalls  0000000180116f00 f   kernel32:KERNEL32.dll
 0001:00115f06       QueryPerformanceCounter    0000000180116f06 f   kernel32:KERNEL32.dll
 0001:00115f0c       GetTickCount               0000000180116f0c f   kernel32:KERNEL32.dll
 0001:00115f12       GetCurrentThreadId         0000000180116f12 f   kernel32:KERNEL32.dll
 0001:00115f18       GetCurrentProcessId        0000000180116f18 f   kernel32:KERNEL32.dll
 0001:00115f1e       GetSystemTimeAsFileTime    0000000180116f1e f   kernel32:KERNEL32.dll
 0002:00000000       __imp_DisableThreadLibraryCalls 0000000180117000     kernel32:KERNEL32.dll
 0002:00000008       __imp_RtlCaptureContext    0000000180117008     kernel32:KERNEL32.dll
 0002:00000010       __imp_RtlLookupFunctionEntry 0000000180117010     kernel32:KERNEL32.dll
 0002:00000018       __imp_RtlVirtualUnwind     0000000180117018     kernel32:KERNEL32.dll
 0002:00000020       __imp_IsDebuggerPresent    0000000180117020     kernel32:KERNEL32.dll
 0002:00000028       __imp_SetUnhandledExceptionFilter 0000000180117028     kernel32:KERNEL32.dll
 0002:00000030       __imp_UnhandledExceptionFilter 0000000180117030     kernel32:KERNEL32.dll
 0002:00000038       __imp_GetCurrentProcess    0000000180117038     kernel32:KERNEL32.dll
 0002:00000040       __imp_TerminateProcess     0000000180117040     kernel32:KERNEL32.dll
 0002:00000048       __imp_Sleep                0000000180117048     kernel32:KERNEL32.dll
 0002:00000050       __imp_DecodePointer        0000000180117050     kernel32:KERNEL32.dll
 0002:00000058       __imp_EncodePointer        0000000180117058     kernel32:KERNEL32.dll
 0002:00000060       __imp_GetTickCount         0000000180117060     kernel32:KERNEL32.dll
 0002:00000068       __imp_GetCurrentThreadId   0000000180117068     kernel32:KERNEL32.dll
 0002:00000070       __imp_GetCurrentProcessId  0000000180117070     kernel32:KERNEL32.dll
 0002:00000078       __imp_GetSystemTimeAsFileTime 0000000180117078     kernel32:KERNEL32.dll
 0002:00000080       __imp_QueryPerformanceCounter 0000000180117080     kernel32:KERNEL32.dll
 0002:00000088       \177KERNEL32_NULL_THUNK_DATA 0000000180117088     kernel32:KERNEL32.dll
 0002:00000090       __imp__onexit              0000000180117090     MSVCRT:MSVCR100.dll
 0002:00000098       __imp__lock                0000000180117098     MSVCRT:MSVCR100.dll
 0002:000000a0       __imp___dllonexit          00000001801170a0     MSVCRT:MSVCR100.dll
 0002:000000a8       __imp__unlock              00000001801170a8     MSVCRT:MSVCR100.dll
 0002:000000b0       __imp___clean_type_info_names_internal 00000001801170b0     MSVCRT:MSVCR100.dll
 0002:000000b8       __imp___crt_debugger_hook  00000001801170b8     MSVCRT:MSVCR100.dll
 0002:000000c0       __imp___CppXcptFilter      00000001801170c0     MSVCRT:MSVCR100.dll
 0002:000000c8       __imp___C_specific_handler 00000001801170c8     MSVCRT:MSVCR100.dll
 0002:000000d0       __imp__amsg_exit           00000001801170d0     MSVCRT:MSVCR100.dll
 0002:000000d8       __imp__encoded_null        00000001801170d8     MSVCRT:MSVCR100.dll
 0002:000000e0       __imp__initterm_e          00000001801170e0     MSVCRT:MSVCR100.dll
 0002:000000e8       __imp__initterm            00000001801170e8     MSVCRT:MSVCR100.dll
 0002:000000f0       __imp__malloc_crt          00000001801170f0     MSVCRT:MSVCR100.dll
 0002:000000f8       __imp_ldexp                00000001801170f8     MSVCRT:MSVCR100.dll
 0002:00000100       __imp_realloc              0000000180117100     MSVCRT:MSVCR100.dll
 0002:00000108       __imp_calloc               0000000180117108     MSVCRT:MSVCR100.dll
 0002:00000110       __imp__setjmp              0000000180117110     MSVCRT:MSVCR100.dll
 0002:00000118       __imp_strrchr              0000000180117118     MSVCRT:MSVCR100.dll
 0002:00000120       __imp_ceil                 0000000180117120     MSVCRT:MSVCR100.dll
 0002:00000128       __imp_strncmp              0000000180117128     MSVCRT:MSVCR100.dll
 0002:00000130       __imp_longjmp              0000000180117130     MSVCRT:MSVCR100.dll
 0002:00000138       __imp_strncpy              0000000180117138     MSVCRT:MSVCR100.dll
 0002:00000140       __imp_memcpy               0000000180117140     MSVCRT:MSVCR100.dll
 0002:00000148       __imp_strcat               0000000180117148     MSVCRT:MSVCR100.dll
 0002:00000150       __imp_sprintf              0000000180117150     MSVCRT:MSVCR100.dll
 0002:00000158       __imp_strcmp               0000000180117158     MSVCRT:MSVCR100.dll
 0002:00000160       __imp_free                 0000000180117160     MSVCRT:MSVCR100.dll
 0002:00000168       __imp_malloc               0000000180117168     MSVCRT:MSVCR100.dll
 0002:00000170       __imp_memset               0000000180117170     MSVCRT:MSVCR100.dll
 0002:00000178       __imp_strlen               0000000180117178     MSVCRT:MSVCR100.dll
 0002:00000180       \177MSVCR100_NULL_THUNK_DATA 0000000180117180     MSVCRT:MSVCR100.dll
 0002:00000188       __imp_emlrtIsEnumR2009a    0000000180117188     libemlrt:libemlrt.dll
 0002:00000190       __imp_emlrtGetEnumUnderlyingArrayR2009a 0000000180117190     libemlrt:libemlrt.dll
 0002:00000198       __imp_emlrtTranslateUTF16MessagetoLCPstring 0000000180117198     libemlrt:libemlrt.dll
 0002:000001a0       __imp_emlrtForLoopVectorIsValidR2011b 00000001801171a0     libemlrt:libemlrt.dll
 0002:000001a8       __imp_emlrtTranslateMessageIDtoLCPstring 00000001801171a8     libemlrt:libemlrt.dll
 0002:000001b0       __imp_emlrtExtractMessageId 00000001801171b0     libemlrt:libemlrt.dll
 0002:000001b8       __imp_emlrtNameCapturePostProcessR2012a 00000001801171b8     libemlrt:libemlrt.dll
 0002:000001c0       __imp_emlrtCheckBuiltInR2012b 00000001801171c0     libemlrt:libemlrt.dll
 0002:000001c8       __imp_emlrtDestroyRootTLS  00000001801171c8     libemlrt:libemlrt.dll
 0002:000001d0       __imp_emlrtCreateRootTLS   00000001801171d0     libemlrt:libemlrt.dll
 0002:000001d8       __imp_emlrtCheckEnumR2012b 00000001801171d8     libemlrt:libemlrt.dll
 0002:000001e0       __imp_emlrtCreateEnumR2012b 00000001801171e0     libemlrt:libemlrt.dll
 0002:000001e8       __imp_emlrtGetEnumElementR2009a 00000001801171e8     libemlrt:libemlrt.dll
 0002:000001f0       __imp_emlrtCreateReference 00000001801171f0     libemlrt:libemlrt.dll
 0002:000001f8       __imp_emlrtImportVsFiArrayR2009b 00000001801171f8     libemlrt:libemlrt.dll
 0002:00000200       __imp_emlrtCheckVsBuiltInR2012b 0000000180117200     libemlrt:libemlrt.dll
 0002:00000208       \177libemlrt_NULL_THUNK_DATA 0000000180117208     libemlrt:libemlrt.dll
 0002:00000210       __imp_ssRegisterDataTypeFxpFSlopeFixExpBias 0000000180117210     libfixedpoint:libfixedpoint.dll
 0002:00000218       \177libfixedpoint_NULL_THUNK_DATA 0000000180117218     libfixedpoint:libfixedpoint.dll
 0002:00000220       __imp_mexFunctionName      0000000180117220     libmex:libmex.dll
 0002:00000228       __imp_mexMakeMemoryPersistent 0000000180117228     libmex:libmex.dll
 0002:00000230       __imp_mexLock              0000000180117230     libmex:libmex.dll
[...]
 0001:000eb5e0       sf_mex_check_fimath        00000001800ec5e0 f   sfc_mex:sfc_mex.obj
 0001:000ec190       size_mismatch_error        00000001800ed190 f   sfc_mex:sfc_mex.obj
 0001:000ecc30       check_array_dimensions     00000001800edc30 f   sfc_mex:sfc_mex.obj
 0001:000ecca0       check_input_mxarray        00000001800edca0 f   sfc_mex:sfc_mex.obj
 0001:000ed3e0       sf_numeric_value_to_double 00000001800ee3e0 f   sfc_mex:sfc_mex.obj
 0001:000ed430       ml_generic_out_of_bounds_check 00000001800ee430 f   sfc_mex:sfc_mex.obj
 0001:000ed600       ml_get_element_value_from_array 00000001800ee600 f   sfc_mex:sfc_mex.obj
 0001:000ed9a0       _ml_generic_castability_check 00000001800ee9a0 f   sfc_mex:sfc_mex.obj
 0001:000ee700       ml_generic_castability_check 00000001800ef700 f   sfc_mex:sfc_mex.obj
 0001:000ee7a0       ml_check_mx_array_for_single_castability 00000001800ef7a0 f   sfc_mex:sfc_mex.obj
 0001:000ee840       ml_check_mx_array_for_logical_castability 00000001800ef840 f   sfc_mex:sfc_mex.obj
 0001:000ee8e0       ml_check_mx_array_for_int8_castability 00000001800ef8e0 f   sfc_mex:sfc_mex.obj
 0001:000ee990       ml_check_mx_array_for_uint8_castability 00000001800ef990 f   sfc_mex:sfc_mex.obj
 0001:000ee9f0       ml_check_mx_array_for_int16_castability 00000001800ef9f0 f   sfc_mex:sfc_mex.obj
 0001:000eea50       ml_check_mx_array_for_uint16_castability 00000001800efa50 f   sfc_mex:sfc_mex.obj
 0001:000eeab0       ml_check_mx_array_for_int32_castability 00000001800efab0 f   sfc_mex:sfc_mex.obj
 0001:000eeb10       ml_check_mx_array_for_uint32_castability 00000001800efb10 f   sfc_mex:sfc_mex.obj
 0001:000eeb70       ml_check_mx_array_for_castability 00000001800efb70 f   sfc_mex:sfc_mex.obj
 0001:000ef4a0       set_data_value             00000001800f04a0 f   sfc_mex:sfc_mex.obj
 0001:000ef810       get_data_value             00000001800f0810 f   sfc_mex:sfc_mex.obj
 0001:000ef920       get_next_element_address   00000001800f0920 f   sfc_mex:sfc_mex.obj
 0001:000ef9f0       sf_normalize_index         00000001800f09f0 f   sfc_mex:sfc_mex.obj
 0001:000efd80       ml_array_index_bound_check 00000001800f0d80 f   sfc_mex:sfc_mex.obj
 0001:000f08a0       mx_value                   00000001800f18a0 f   sfc_mex:sfc_mex.obj
 0001:000f08f0       sf_create_numeric_array    00000001800f18f0 f   sfc_mex:sfc_mex.obj
 0001:000f0990       sf_mex_assign_to_mx_array  00000001800f1990 f   sfc_mex:sfc_mex.obj
 0001:000f0ce0       assign_from_mx_array       00000001800f1ce0 f   sfc_mex:sfc_mex.obj
 0001:000f1510       sf_mex_import_v            00000001800f2510 f   sfc_mex:sfc_mex.obj
 0001:000f1c10       get_machine_and_chart_file_number 00000001800f2c10 f   sfc_mex:sfc_sf.obj
 0001:000f1d00       get_sfun_block_specialization 00000001800f2d00 f   sfc_mex:sfc_sf.obj
 0001:000f1db0       call_sf_machine_global_method_dispatcher 00000001800f2db0 f   sfc_mex:sfc_sf.obj
 0001:000f2000       mdl_zeroCrossings_processing 00000001800f3000 f   sfc_mex:sfc_sf.obj
 0001:000f20d0       mdl_derivatives_processing 00000001800f30d0 f   sfc_mex:sfc_sf.obj
 0001:000f2390       mdl_outputs_continuous_legacy 00000001800f3390 f   sfc_mex:sfc_sf.obj
 0001:000f2410       mdl_outputs_processing     00000001800f3410 f   sfc_mex:sfc_sf.obj
 0001:000f2680       mdl_enable_processing      00000001800f3680 f   sfc_mex:sfc_sf.obj
 0001:000f2750       mdl_disable_processing     00000001800f3750 f   sfc_mex:sfc_sf.obj
 0001:000f34c0       sf_call_output_fcn_enable_disable 00000001800f44c0 f   sfc_mex:sfc_sf.obj
 0001:000f3740       set_dwork_information_from_mx_array 00000001800f4740 f   sfc_mex:sfc_sf.obj
 0001:000f4000       ptr2mxStruct               00000001800f5000 f   sfc_mex:sfc_sf.obj
 0001:000f4310       SNPRINTF_WRAPPER           00000001800f5310 f   sfc_debug:sfcdebug.obj
 0001:000f4330       sf_debug_chart_instance_initialized_quick 00000001800f5330 f   sfc_debug:sfcdebug.obj
 0001:000f4340       sf_debug_chart_instance_initialized 00000001800f5340 f   sfc_debug:sfcdebug.obj
 0001:000f44e0       sfrtAddSize                00000001800f54e0 f   sfc_debug:sfcdebug.obj
 0001:000f45a0       sfrtGenSizeString          00000001800f55a0 f   sfc_debug:sfcdebug.obj
 0001:000f4cb0       fill_single_message_info   00000001800f5cb0 f   sfc_debug:sfcdebug.obj
 0001:000f4e70       sf_debug_sim_status_listener 00000001800f5e70 f   sfc_debug:sfcdebug.obj
 0001:000f53e0       sf_debug_form_mask_bits    00000001800f63e0 f   sfc_debug:sfcdebug.obj
 0001:000f5420       sf_debug_form_sf_data_type_offsets 00000001800f6420 f   sfc_debug:sfcdebug.obj
 0001:000f54e0       sf_debug_free_all          00000001800f64e0 f   sfc_debug:sfcdebug.obj
 0001:000f5690       sf_debug_append_debugger_context 00000001800f6690 f   sfc_debug:sfcdebug.obj
 0001:000f5830       sf_debug_update_always_honor_breakpoints 00000001800f6830 f   sfc_debug:sfcdebug.obj
 0001:000f5a00       local_strdup               00000001800f6a00 f   sfc_debug:sfcdebug.obj
 0001:000f68e0       sf_debug_em_terminate      00000001800f78e0 f   sfc_debug:sfcdebug.obj
 0001:000f6920       sf_debug_push_eml_function 00000001800f7920 f   sfc_debug:sfcdebug.obj
 0001:000f69c0       sf_debug_pop_eml_function  00000001800f79c0 f   sfc_debug:sfcdebug.obj
 0001:000f76c0       sf_debug_get_machine_number_from_id_or_name 00000001800f86c0 f   sfc_debug:sfcdebug.obj
 0001:000f7810       sf_debug_get_chart_number_from_id 00000001800f8810 f   sfc_debug:sfcdebug.obj
 0001:000f85b0       sf_debug_transfer_control_to_debugger_GUI 00000001800f95b0 f   sfc_debug:sfcdebug.obj
 0001:000f9540       sf_debug_scripts_rehash    00000001800fa540 f   sfc_debug:sfcdebug.obj
 0001:000f9780       sf_debug_get_script_line_count 00000001800fa780 f   sfc_debug:sfcdebug.obj
 0001:000fa0b0       cv_eml_state_cvId          00000001800fb0b0 f   sfc_debug:sfcdebug.obj
 0001:000fa120       cv_eml_trans_cvId          00000001800fb120 f   sfc_debug:sfcdebug.obj
 0001:000fb4b0       sf_debug_data_array_bounds_error 00000001800fc4b0 f   sfc_debug:sfcdebug.obj
 0001:000fb8e0       eml_debug_runtime_error_doclink 00000001800fc8e0 f   sfc_debug:sfcdebug.obj
 0001:000fba40       sf_debug_runtime_error     00000001800fca40 f   sfc_debug:sfcdebug.obj
 0001:000fbab0       sf_debug_matlab_error      00000001800fcab0 f   sfc_debug:sfcdebug.obj
 0001:000fc3f0       sf_debug_data_value_error  00000001800fd3f0 f   sfc_debug:sfcdebug.obj
 0001:000fccf0       sf_debug_data_loss_error   00000001800fdcf0 f   sfc_debug:sfcdebug.obj
 0001:000fdc80       call_cv_range_check        00000001800fec80 f   sfc_debug:sfcdebug.obj
 0001:000fe450       sf_debug_invoke_cycle_detection_code 00000001800ff450 f   sfc_debug:sfcdebug.obj
 0001:000ff2d0       sf_reset_debug_info_struct 00000001801002d0 f   sfc_debug:sfcdebug.obj
 0001:000ffb30       cv_script_cvId             0000000180100b30 f   sfc_debug:sfcdebug.obj
 0001:00100890       sfc_api_chart_visible      0000000180101890 f   sfc_debug:sfc_api.obj
 0001:00100910       sfc_api_active_instance    0000000180101910 f   sfc_debug:sfc_api.obj
 0001:00100990       sfc_api_machine_load       0000000180101990 f   sfc_debug:sfc_api.obj
 0001:00100a60       sfc_api_debugger_alive     0000000180101a60 f   sfc_debug:sfc_api.obj
 0001:00100a70       sfc_api_go                 0000000180101a70 f   sfc_debug:sfc_api.obj
 0001:00100a80       sfc_api_step_over          0000000180101a80 f   sfc_debug:sfc_api.obj
 0001:00100a90       sfc_api_step_out           0000000180101a90 f   sfc_debug:sfc_api.obj
 0001:00100aa0       sfc_api_resume             0000000180101aa0 f   sfc_debug:sfc_api.obj
 0001:00100ab0       sfc_api_break              0000000180101ab0 f   sfc_debug:sfc_api.obj
 0001:00100ac0       sfc_api_stop_debugging     0000000180101ac0 f   sfc_debug:sfc_api.obj
 0001:00100b10       sfc_api_is_cycle_detected  0000000180101b10 f   sfc_debug:sfc_api.obj
 0001:00100b60       sfc_api_is_array_bounds_detected 0000000180101b60 f   sfc_debug:sfc_api.obj
 0001:00100bb0       sfc_api_set_disable_all_breakpoints 0000000180101bb0 f   sfc_debug:sfc_api.obj
 0001:00100c20       sfc_api_disable_all_breakpoints_and_go 0000000180101c20 f   sfc_debug:sfc_api.obj
 0001:00100c30       sfc_api_close              0000000180101c30 f   sfc_debug:sfc_api.obj
 0001:00100c40       sfc_api_browse_data        0000000180101c40 f   sfc_debug:sfc_api.obj
 0001:00100cb0       sfc_api_watch_data         0000000180101cb0 f   sfc_debug:sfc_api.obj
 0001:00100db0       sfc_api_extract_message_post_receive_info 0000000180101db0 f   sfc_debug:sfc_api.obj
 0001:00100dd0       sfc_api_assign_data        0000000180101dd0 f   sfc_debug:sfc_api.obj
 0001:00100e70       sfc_api_whos               0000000180101e70 f   sfc_debug:sfc_api.obj
 0001:00100f00       sfc_api_get_consistency_info 0000000180101f00 f   sfc_debug:sfc_api.obj
 0001:00100f10       sfc_api_browse_trace       0000000180101f10 f   sfc_debug:sfc_api.obj
 0001:00100f20       sfc_api_break_on_chart_entry 0000000180101f20 f   sfc_debug:sfc_api.obj
 0001:00100f40       sfc_api_break_on_event_broadcast 0000000180101f40 f   sfc_debug:sfc_api.obj
 0001:00100f60       sfc_api_break_on_state_entry 0000000180101f60 f   sfc_debug:sfc_api.obj
 0001:00100f80       sfc_api_set_watch          0000000180101f80 f   sfc_debug:sfc_api.obj
 0001:00101020       sfc_api_set_breakpoints    0000000180102020 f   sfc_debug:sfc_api.obj
 0001:001010c0       sfc_api_set_eml_breakpoints 00000001801020c0 f   sfc_debug:sfc_api.obj
 0001:00101140       sfc_api_set_script_breakpoints 0000000180102140 f   sfc_debug:sfc_api.obj
 0001:00101190       sfc_api_add_script_breakpoints 0000000180102190 f   sfc_debug:sfc_api.obj
 0001:001011e0       sfc_api_clear_script_breakpoints 00000001801021e0 f   sfc_debug:sfc_api.obj
 0001:00101230       sfc_api_query_script_breakpoints 0000000180102230 f   sfc_debug:sfc_api.obj
 0001:00101290       sfc_api_get_script_id      0000000180102290 f   sfc_debug:sfc_api.obj
 0001:00101350       sfc_api_get_active_states  0000000180102350 f   sfc_debug:sfc_api.obj
 0001:001013d0       sfc_api_break_between_times 00000001801023d0 f   sfc_debug:sfc_api.obj
 0001:00101430       sfc_api_get_instance_handle 0000000180102430 f   sfc_debug:sfc_api.obj
 0001:001014e0       sfc_api_set_animation      00000001801024e0 f   sfc_debug:sfc_api.obj
 0001:00101530       sfc_api_select_chart       0000000180102530 f   sfc_debug:sfc_api.obj
 0001:00101590       sfc_api_select_charts      0000000180102590 f   sfc_debug:sfc_api.obj
 0001:001015c0       sfc_api_cycle_detection_check 00000001801025c0 f   sfc_debug:sfc_api.obj
 0001:00101610       sfc_api_data_range_check   0000000180102610 f   sfc_debug:sfc_api.obj
 0001:00101660       sfc_api_transition_conflict_check 0000000180102660 f   sfc_debug:sfc_api.obj
 0001:001016b0       sfc_api_state_consistency_check 00000001801026b0 f   sfc_debug:sfc_api.obj
 0001:00101700       sfc_api_set_instance_cv_ids 0000000180102700 f   sfc_debug:sfc_api.obj
 0001:00101810       sfc_api_set_script_cv_ids  0000000180102810 f   sfc_debug:sfc_api.obj
 0001:001018c0       sfc_api_get_current_machine_id 00000001801028c0 f   sfc_debug:sfc_api.obj
 0001:001018f0       sfc_api_get_current_machine_number 00000001801028f0 f   sfc_debug:sfc_api.obj
 0001:00101920       sfc_api_get_current_chart_number 0000000180102920 f   sfc_debug:sfc_api.obj
 0001:00101950       sfc_api_get_current_instance_number 0000000180102950 f   sfc_debug:sfc_api.obj
 0001:00101980       sfc_api_get_current_instance_handle 0000000180102980 f   sfc_debug:sfc_api.obj
 0001:001019a0       sfc_api_get_current_is_minor_time_step 00000001801029a0 f   sfc_debug:sfc_api.obj
 0001:001019d0       sfc_api_get_current_machine_name 00000001801029d0 f   sfc_debug:sfc_api.obj
 0001:001019f0       sfc_api_get_current_chart_id 00000001801029f0 f   sfc_debug:sfc_api.obj
 0001:00101a20       sfc_api_get_current_object_type 0000000180102a20 f   sfc_debug:sfc_api.obj
 0001:00101a50       sfc_api_get_current_event_type 0000000180102a50 f   sfc_debug:sfc_api.obj
 0001:00101a80       sfc_api_get_current_object_id 0000000180102a80 f   sfc_debug:sfc_api.obj
 0001:00101ab0       sfc_get_current_active_event_type 0000000180102ab0 f   sfc_debug:sfc_api.obj
 0001:00101ae0       sfc_api_get_current_active_event_id 0000000180102ae0 f   sfc_debug:sfc_api.obj
 0001:00101b10       sfc_api_get_current_simulation_time 0000000180102b10 f   sfc_debug:sfc_api.obj
 0001:00101b30       sfc_get_current_tag_type   0000000180102b30 f   sfc_debug:sfc_api.obj
 0001:00101b60       sfc_get_current_coverage_percentage 0000000180102b60 f   sfc_debug:sfc_api.obj
 0001:00101b80       sfc_get_current_statement_context 0000000180102b80 f   sfc_debug:sfc_api.obj
 0001:00101ba0       sfc_get_current_optional_integer 0000000180102ba0 f   sfc_debug:sfc_api.obj
 0001:00101bd0       sfc_get_current_statement_info 0000000180102bd0 f   sfc_debug:sfc_api.obj
 0001:00101c70       sfc_api_get                0000000180102c70 f   sfc_debug:sfc_api.obj
 0001:001028e0       sf_debug_sm_fill_state_activity_data 00000001801038e0 f   sfc_debug:sfdb_animation.obj
 0001:001051e0       void_ptr_stack_vector_free_total 00000001801061e0 f   sfc_debug:sfdb_data_browse.obj
 0001:00105270       sf_debug_st_terminate_machine 0000000180106270 f   sfc_debug:sfdb_data_browse.obj
 0001:001052b0       sf_debug_st_terminate_instance 00000001801062b0 f   sfc_debug:sfdb_data_browse.obj
 0001:00105660       push_on_to_void_ptr_stack  0000000180106660 f   sfc_debug:sfdb_data_browse.obj
 0001:001057f0       pop_from_void_ptr_stack    00000001801067f0 f   sfc_debug:sfdb_data_browse.obj
 0001:00105920       sf_debug_st_get_data_value 0000000180106920 f   sfc_debug:sfdb_data_browse.obj
 0001:00105eb0       mx_value                   0000000180106eb0 f   sfc_debug:sfdb_data_browse.obj
 0001:00105ef0       sf_debug_st_fill_data_struct 0000000180106ef0 f   sfc_debug:sfdb_data_browse.obj
 0001:00106230       data_type_format_strings   0000000180107230 f   sfc_debug:sfdb_data_browse.obj
 0001:001062e0       sf_debug_st_fill_data      00000001801072e0 f   sfc_debug:sfdb_data_browse.obj
 0001:00107030       sf_debug_hm_get_simulink_handle 0000000180108030 f   sfc_debug:sfdb_handle_management.obj
 0001:00107b30       sf_debug_hm_initialize_globals 0000000180108b30 f   sfc_debug:sfdb_handle_management.obj
 0001:00107c30       sf_debug_hm_get_machine_debug_flag 0000000180108c30 f   sfc_debug:sfdb_handle_management.obj
 0001:00107da0       sf_debug_hm_get_machine_id 0000000180108da0 f   sfc_debug:sfdb_handle_management.obj
 0001:00107ec0       sf_debug_hm_get_chart_id   0000000180108ec0 f   sfc_debug:sfdb_handle_management.obj
 0001:00108060       sf_debug_hm_register_executing_SFunction 0000000180109060 f   sfc_debug:sfdb_handle_management.obj
 0001:001083f0       sf_debug_hm_form_object_boolean_properties 00000001801093f0 f   sfc_debug:sfdb_handle_management.obj
 0001:001086c0       sf_debug_hm_form_object_properties 00000001801096c0 f   sfc_debug:sfdb_handle_management.obj
 0001:00108900       sf_debug_hm_terminate_charts 0000000180109900 f   sfc_debug:sfdb_handle_management.obj
 0001:00109060       sf_debug_hm_terminate_machines 000000018010a060 f   sfc_debug:sfdb_handle_management.obj
 0001:0010ac60       sf_debug_ss_copy_dimension 000000018010bc60 f   sfc_debug:sfdb_symbol_scope.obj
 0001:0010ad20       sf_debug_ss_get_number_elements 000000018010bd20 f   sfc_debug:sfdb_symbol_scope.obj
 0001:0010ad40       sf_debug_ss_fill_data_struct 000000018010bd40 f   sfc_debug:sfdb_symbol_scope.obj
 0001:0010b090       sf_debug_ss_reset_data_info 000000018010c090 f   sfc_debug:sfdb_symbol_scope.obj
 0001:0010b0f0       sf_debug_fill_data_info_by_symbol_scope_entry 000000018010c0f0 f   sfc_debug:sfdb_symbol_scope.obj
 0001:0010b1b0       sf_debug_fill_data_info_by_data_vector 000000018010c1b0 f   sfc_debug:sfdb_symbol_scope.obj
 0001:0010b400       get_data_info_helper       000000018010c400 f   sfc_debug:sfdb_symbol_scope.obj
 0001:0010b500       sf_debug_ss_get_data_info  000000018010c500 f   sfc_debug:sfdb_symbol_scope.obj
 0001:0010b730       sf_debug_select_mex_function 000000018010c730 f   sfc_debug:sfdb_symbol_scope.obj
 0001:0010b760       sf_debug_is_dyn_matrix_initialized 000000018010c760 f   sfc_debug:sfdb_symbol_scope.obj
 0001:0010b780       sf_debug_ss_set_data_value_try 000000018010c780 f   sfc_debug:sfdb_symbol_scope.obj
 0001:0010b950       sf_debug_ss_get_data_value 000000018010c950 f   sfc_debug:sfdb_symbol_scope.obj
 0001:0010c0c0       sf_debug_ss_data_bytes_string 000000018010d0c0 f   sfc_debug:sfdb_symbol_scope.obj
 0001:0010c170       sf_debug_ss_data_class_string 000000018010d170 f   sfc_debug:sfdb_symbol_scope.obj
 0001:0010c500       sf_debug_ss_data_size_string 000000018010d500 f   sfc_debug:sfdb_symbol_scope.obj
 0001:0010c5e0       sf_debug_ss_data_create_data_info_struct 000000018010d5e0 f   sfc_debug:sfdb_symbol_scope.obj
 0001:0010c8b0       sf_debug_ss_data_create_name_value_pair 000000018010d8b0 f   sfc_debug:sfdb_symbol_scope.obj
 0001:0010c950       sf_debug_ss_data_get_whos_info 000000018010d950 f   sfc_debug:sfdb_symbol_scope.obj
 0001:0010c960       same_named_data_in_data_array 000000018010d960 f   sfc_debug:sfdb_symbol_scope.obj
 0001:0010e1f0       sf_debug_cc_terminate_chart 000000018010f1f0 f   sfc_debug:sfdb_coverage.obj
 0001:0010e590       sf_debug_cc_terminate_instance 000000018010f590 f   sfc_debug:sfdb_coverage.obj
 0001:0010f180       sf_debug_cc_mark_object_if_needed 0000000180110180 f   sfc_debug:sfdb_coverage.obj
 0001:0010fa80       sf_debug_bm_initialize_eml 0000000180110a80 f   sfc_debug:sfdb_breakpoints.obj
 0001:00110bc0       sf_debug_bm_map_debug_tag_to_breakpoint_tag 0000000180111bc0 f   sfc_debug:sfdb_breakpoints.obj
 0001:00110ca0       sf_debug_bm_is_a_eml_breakpoint_impl 0000000180111ca0 f   sfc_debug:sfdb_breakpoints.obj
 0001:001127e0       sf_debug_sc_push_on_error_stack 00000001801137e0 f   sfc_debug:sfdb_state_consistency.obj
 0001:00112910       sf_debug_sc_reset_error_stack 0000000180113910 f   sfc_debug:sfdb_state_consistency.obj
 0001:00112aa0       sf_debug_sc_is_state_inconsistent 0000000180113aa0 f   sfc_debug:sfdb_state_consistency.obj
 0001:00112da0       sf_debug_sc_fill_consistency_info 0000000180113da0 f   sfc_debug:sfdb_state_consistency.obj
 0001:00113380       void_assertion_fcn         0000000180114380 f   sfc_debug:sfdb_call_stack.obj
 0001:00113900       sf_debug_tm_fill_local_trace 0000000180114900 f   sfc_debug:sfdb_call_stack.obj
 0001:00113ed0       sf_debug_cd_terminate_instance 0000000180114ed0 f   sfc_debug:sfdb_cycle_detection.obj
 0001:00113f30       sf_debug_cd_free_checksum_stack 0000000180114f30 f   sfc_debug:sfdb_cycle_detection.obj
 0001:00113f80       sf_debug_cd_reset_pack_strings 0000000180114f80 f   sfc_debug:sfdb_cycle_detection.obj
 0001:00114640       md5file_clear              0000000180115640 f   sfc_debug:ckmd5.obj
 0001:00114670       Encode                     0000000180115670 f   sfc_debug:ckmd5.obj
 0001:001146c0       Decode                     00000001801156c0 f   sfc_debug:ckmd5.obj
 0001:00114760       MD5Transform               0000000180115760 f   sfc_debug:ckmd5.obj
 0001:00114fb0       md5file_addn               0000000180115fb0 f   sfc_debug:ckmd5.obj
 0001:00115080       md5file_hash               0000000180116080 f   sfc_debug:ckmd5.obj
 0001:001155d8       pre_c_init                 00000001801165d8 f   MSVCRT:crtdll.obj
 0001:00115894       __DllMainCRTStartup        0000000180116894 f   MSVCRT:crtdll.obj
 0001:00115f30       __DllMainCRTStartup$filt$0 0000000180116f30 f   MSVCRT:crtdll.obj
 0001:00115f60       __DllMainCRTStartup$fin$1  0000000180116f60 f   MSVCRT:crtdll.obj
 0001:00115f7a       _onexit$fin$0              0000000180116f7a f   MSVCRT:atonexit.obj
 0001:00115fa0       _IsNonwritableInCurrentImage$filt$0 0000000180116fa0 f   MSVCRT:pesect.obj
